Component: Arm Compiler for Embedded 6.21 Tool: armlink [5ec1fa00]

==============================================================================

Section Cross References

    startup_stm32f767xx.o(RESET) refers to startup_stm32f767xx.o(STACK) for __initial_sp
    startup_stm32f767xx.o(RESET) refers to startup_stm32f767xx.o(.text) for Reset_Handler
    startup_stm32f767xx.o(RESET) refers to stm32f7xx_it.o(.text.NMI_Handler) for NMI_Handler
    startup_stm32f767xx.o(RESET) refers to stm32f7xx_it.o(.text.HardFault_Handler) for HardFault_Handler
    startup_stm32f767xx.o(RESET) refers to stm32f7xx_it.o(.text.MemManage_Handler) for MemManage_Handler
    startup_stm32f767xx.o(RESET) refers to stm32f7xx_it.o(.text.BusFault_Handler) for BusFault_Handler
    startup_stm32f767xx.o(RESET) refers to stm32f7xx_it.o(.text.UsageFault_Handler) for UsageFault_Handler
    startup_stm32f767xx.o(RESET) refers to stm32f7xx_it.o(.text.SVC_Handler) for SVC_Handler
    startup_stm32f767xx.o(RESET) refers to stm32f7xx_it.o(.text.DebugMon_Handler) for DebugMon_Handler
    startup_stm32f767xx.o(RESET) refers to stm32f7xx_it.o(.text.PendSV_Handler) for PendSV_Handler
    startup_stm32f767xx.o(RESET) refers to stm32f7xx_it.o(.text.SysTick_Handler) for SysTick_Handler
    startup_stm32f767xx.o(RESET) refers to stm32f7xx_it.o(.text.TIM1_BRK_TIM9_IRQHandler) for TIM1_BRK_TIM9_IRQHandler
    startup_stm32f767xx.o(RESET) refers to stm32f7xx_it.o(.text.TIM1_UP_TIM10_IRQHandler) for TIM1_UP_TIM10_IRQHandler
    startup_stm32f767xx.o(RESET) refers to stm32f7xx_it.o(.text.TIM1_TRG_COM_TIM11_IRQHandler) for TIM1_TRG_COM_TIM11_IRQHandler
    startup_stm32f767xx.o(.text) refers to system_stm32f7xx.o(.text.SystemInit) for SystemInit
    startup_stm32f767xx.o(.text) refers to entry.o(.ARM.Collect$$$$00000000) for __main
    stm32f7xx_it.o(.ARM.exidx.text.NMI_Handler) refers to stm32f7xx_it.o(.text.NMI_Handler) for [Anonymous Symbol]
    stm32f7xx_it.o(.ARM.exidx.text.HardFault_Handler) refers to stm32f7xx_it.o(.text.HardFault_Handler) for [Anonymous Symbol]
    stm32f7xx_it.o(.ARM.exidx.text.MemManage_Handler) refers to stm32f7xx_it.o(.text.MemManage_Handler) for [Anonymous Symbol]
    stm32f7xx_it.o(.ARM.exidx.text.BusFault_Handler) refers to stm32f7xx_it.o(.text.BusFault_Handler) for [Anonymous Symbol]
    stm32f7xx_it.o(.ARM.exidx.text.UsageFault_Handler) refers to stm32f7xx_it.o(.text.UsageFault_Handler) for [Anonymous Symbol]
    stm32f7xx_it.o(.ARM.exidx.text.SVC_Handler) refers to stm32f7xx_it.o(.text.SVC_Handler) for [Anonymous Symbol]
    stm32f7xx_it.o(.ARM.exidx.text.DebugMon_Handler) refers to stm32f7xx_it.o(.text.DebugMon_Handler) for [Anonymous Symbol]
    stm32f7xx_it.o(.ARM.exidx.text.PendSV_Handler) refers to stm32f7xx_it.o(.text.PendSV_Handler) for [Anonymous Symbol]
    stm32f7xx_it.o(.text.SysTick_Handler) refers to stm32f7xx_hal.o(.text.HAL_IncTick) for HAL_IncTick
    stm32f7xx_it.o(.text.SysTick_Handler) refers to xos_motor.o(.text.xo_SetSysTick) for xo_SetSysTick
    stm32f7xx_it.o(.ARM.exidx.text.SysTick_Handler) refers to stm32f7xx_it.o(.text.SysTick_Handler) for [Anonymous Symbol]
    stm32f7xx_it.o(.text.TIM1_BRK_TIM9_IRQHandler) refers to main.o(.bss.htim1) for htim1
    stm32f7xx_it.o(.text.TIM1_BRK_TIM9_IRQHandler) refers to stm32f7xx_hal_tim.o(.text.HAL_TIM_IRQHandler) for HAL_TIM_IRQHandler
    stm32f7xx_it.o(.ARM.exidx.text.TIM1_BRK_TIM9_IRQHandler) refers to stm32f7xx_it.o(.text.TIM1_BRK_TIM9_IRQHandler) for [Anonymous Symbol]
    stm32f7xx_it.o(.text.TIM1_UP_TIM10_IRQHandler) refers to main.o(.bss.htim1) for htim1
    stm32f7xx_it.o(.text.TIM1_UP_TIM10_IRQHandler) refers to stm32f7xx_hal_tim.o(.text.HAL_TIM_IRQHandler) for HAL_TIM_IRQHandler
    stm32f7xx_it.o(.ARM.exidx.text.TIM1_UP_TIM10_IRQHandler) refers to stm32f7xx_it.o(.text.TIM1_UP_TIM10_IRQHandler) for [Anonymous Symbol]
    stm32f7xx_it.o(.text.TIM1_TRG_COM_TIM11_IRQHandler) refers to main.o(.bss.htim1) for htim1
    stm32f7xx_it.o(.text.TIM1_TRG_COM_TIM11_IRQHandler) refers to stm32f7xx_hal_tim.o(.text.HAL_TIM_IRQHandler) for HAL_TIM_IRQHandler
    stm32f7xx_it.o(.ARM.exidx.text.TIM1_TRG_COM_TIM11_IRQHandler) refers to stm32f7xx_it.o(.text.TIM1_TRG_COM_TIM11_IRQHandler) for [Anonymous Symbol]
    stm32f7xx_hal_msp.o(.ARM.exidx.text.HAL_MspInit) refers to stm32f7xx_hal_msp.o(.text.HAL_MspInit) for [Anonymous Symbol]
    stm32f7xx_hal_msp.o(.text.HAL_ADC_MspInit) refers to stm32f7xx_hal_gpio.o(.text.HAL_GPIO_Init) for HAL_GPIO_Init
    stm32f7xx_hal_msp.o(.ARM.exidx.text.HAL_ADC_MspInit) refers to stm32f7xx_hal_msp.o(.text.HAL_ADC_MspInit) for [Anonymous Symbol]
    stm32f7xx_hal_msp.o(.text.HAL_ADC_MspDeInit) refers to stm32f7xx_hal_gpio.o(.text.HAL_GPIO_DeInit) for HAL_GPIO_DeInit
    stm32f7xx_hal_msp.o(.ARM.exidx.text.HAL_ADC_MspDeInit) refers to stm32f7xx_hal_msp.o(.text.HAL_ADC_MspDeInit) for [Anonymous Symbol]
    stm32f7xx_hal_msp.o(.text.HAL_I2C_MspInit) refers to memseta.o(.text) for __aeabi_memclr4
[...]
    Removing stm32f7xx_ll_usb.o(.text.USB_SetDevSpeed), (16 bytes).
    Removing stm32f7xx_ll_usb.o(.ARM.exidx.text.USB_SetDevSpeed), (8 bytes).
    Removing stm32f7xx_ll_usb.o(.text.USB_FlushTxFifo), (190 bytes).
    Removing stm32f7xx_ll_usb.o(.ARM.exidx.text.USB_FlushTxFifo), (8 bytes).
    Removing stm32f7xx_ll_usb.o(.text.USB_FlushRxFifo), (190 bytes).
    Removing stm32f7xx_ll_usb.o(.ARM.exidx.text.USB_FlushRxFifo), (8 bytes).
    Removing stm32f7xx_ll_usb.o(.text.USB_GetDevSpeed), (26 bytes).
    Removing stm32f7xx_ll_usb.o(.ARM.exidx.text.USB_GetDevSpeed), (8 bytes).
    Removing stm32f7xx_ll_usb.o(.text.USB_ActivateEndpoint), (138 bytes).
    Removing stm32f7xx_ll_usb.o(.ARM.exidx.text.USB_ActivateEndpoint), (8 bytes).
    Removing stm32f7xx_ll_usb.o(.text.USB_ActivateDedicatedEndpoint), (116 bytes).
    Removing stm32f7xx_ll_usb.o(.ARM.exidx.text.USB_ActivateDedicatedEndpoint), (8 bytes).
    Removing stm32f7xx_ll_usb.o(.text.USB_DeactivateEndpoint), (134 bytes).
    Removing stm32f7xx_ll_usb.o(.ARM.exidx.text.USB_DeactivateEndpoint), (8 bytes).
    Removing stm32f7xx_ll_usb.o(.text.USB_DeactivateDedicatedEndpoint), (102 bytes).
    Removing stm32f7xx_ll_usb.o(.ARM.exidx.text.USB_DeactivateDedicatedEndpoint), (8 bytes).
    Removing stm32f7xx_ll_usb.o(.text.USB_EPStartXfer), (528 bytes).
    Removing stm32f7xx_ll_usb.o(.ARM.exidx.text.USB_EPStartXfer), (8 bytes).
    Removing stm32f7xx_ll_usb.o(.text.USB_WritePacket), (120 bytes).
    Removing stm32f7xx_ll_usb.o(.ARM.exidx.text.USB_WritePacket), (8 bytes).
    Removing stm32f7xx_ll_usb.o(.text.USB_EPStopXfer), (270 bytes).
    Removing stm32f7xx_ll_usb.o(.ARM.exidx.text.USB_EPStopXfer), (8 bytes).
    Removing stm32f7xx_ll_usb.o(.text.USB_ReadPacket), (176 bytes).
    Removing stm32f7xx_ll_usb.o(.ARM.exidx.text.USB_ReadPacket), (8 bytes).
    Removing stm32f7xx_ll_usb.o(.text.USB_EPSetStall), (64 bytes).
    Removing stm32f7xx_ll_usb.o(.ARM.exidx.text.USB_EPSetStall), (8 bytes).
    Removing stm32f7xx_ll_usb.o(.text.USB_EPClearStall), (82 bytes).
    Removing stm32f7xx_ll_usb.o(.ARM.exidx.text.USB_EPClearStall), (8 bytes).
    Removing stm32f7xx_ll_usb.o(.text.USB_StopDevice), (510 bytes).
    Removing stm32f7xx_ll_usb.o(.ARM.exidx.text.USB_StopDevice), (8 bytes).
    Removing stm32f7xx_ll_usb.o(.text.USB_SetDevAddress), (34 bytes).
    Removing stm32f7xx_ll_usb.o(.ARM.exidx.text.USB_SetDevAddress), (8 bytes).
    Removing stm32f7xx_ll_usb.o(.text.USB_DevConnect), (30 bytes).
    Removing stm32f7xx_ll_usb.o(.ARM.exidx.text.USB_DevConnect), (8 bytes).
    Removing stm32f7xx_ll_usb.o(.ARM.exidx.text.USB_DevDisconnect), (8 bytes).
    Removing stm32f7xx_ll_usb.o(.text.USB_ReadInterrupts), (8 bytes).
    Removing stm32f7xx_ll_usb.o(.ARM.exidx.text.USB_ReadInterrupts), (8 bytes).
    Removing stm32f7xx_ll_usb.o(.text.USB_ReadChInterrupts), (16 bytes).
    Removing stm32f7xx_ll_usb.o(.ARM.exidx.text.USB_ReadChInterrupts), (8 bytes).
    Removing stm32f7xx_ll_usb.o(.text.USB_ReadDevAllOutEpInterrupt), (14 bytes).
    Removing stm32f7xx_ll_usb.o(.ARM.exidx.text.USB_ReadDevAllOutEpInterrupt), (8 bytes).
    Removing stm32f7xx_ll_usb.o(.text.USB_ReadDevAllInEpInterrupt), (14 bytes).
    Removing stm32f7xx_ll_usb.o(.ARM.exidx.text.USB_ReadDevAllInEpInterrupt), (8 bytes).
    Removing stm32f7xx_ll_usb.o(.text.USB_ReadDevOutEPInterrupt), (16 bytes).
    Removing stm32f7xx_ll_usb.o(.ARM.exidx.text.USB_ReadDevOutEPInterrupt), (8 bytes).
    Removing stm32f7xx_ll_usb.o(.text.USB_ReadDevInEPInterrupt), (36 bytes).
    Removing stm32f7xx_ll_usb.o(.ARM.exidx.text.USB_ReadDevInEPInterrupt), (8 bytes).
    Removing stm32f7xx_ll_usb.o(.text.USB_ClearInterrupts), (8 bytes).
    Removing stm32f7xx_ll_usb.o(.ARM.exidx.text.USB_ClearInterrupts), (8 bytes).
    Removing stm32f7xx_ll_usb.o(.text.USB_ActivateSetup), (32 bytes).
    Removing stm32f7xx_ll_usb.o(.ARM.exidx.text.USB_ActivateSetup), (8 bytes).
    Removing stm32f7xx_ll_usb.o(.text.USB_EP0_OutStart), (90 bytes).
    Removing stm32f7xx_ll_usb.o(.ARM.exidx.text.USB_EP0_OutStart), (8 bytes).
    Removing stm32f7xx_ll_usb.o(.text.USB_HostInit), (652 bytes).
    Removing stm32f7xx_ll_usb.o(.ARM.exidx.text.USB_HostInit), (8 bytes).
    Removing stm32f7xx_ll_usb.o(.text.USB_InitFSLSPClkSel), (64 bytes).
    Removing stm32f7xx_ll_usb.o(.ARM.exidx.text.USB_InitFSLSPClkSel), (8 bytes).
    Removing stm32f7xx_ll_usb.o(.text.USB_ResetPort), (62 bytes).
    Removing stm32f7xx_ll_usb.o(.ARM.exidx.text.USB_ResetPort), (8 bytes).
    Removing stm32f7xx_ll_usb.o(.text.USB_DriveVbus), (76 bytes).
    Removing stm32f7xx_ll_usb.o(.ARM.exidx.text.USB_DriveVbus), (8 bytes).
    Removing stm32f7xx_ll_usb.o(.text.USB_GetHostSpeed), (22 bytes).
    Removing stm32f7xx_ll_usb.o(.ARM.exidx.text.USB_GetHostSpeed), (8 bytes).
    Removing stm32f7xx_ll_usb.o(.text.USB_GetCurrentFrame), (8 bytes).
    Removing stm32f7xx_ll_usb.o(.ARM.exidx.text.USB_GetCurrentFrame), (8 bytes).
    Removing stm32f7xx_ll_usb.o(.text.USB_HC_Init), (296 bytes).
    Removing stm32f7xx_ll_usb.o(.ARM.exidx.text.USB_HC_Init), (8 bytes).
    Removing stm32f7xx_ll_usb.o(.text.USB_HC_StartXfer), (764 bytes).
    Removing stm32f7xx_ll_usb.o(.ARM.exidx.text.USB_HC_StartXfer), (8 bytes).
    Removing stm32f7xx_ll_usb.o(.text.USB_DoPing), (32 bytes).
    Removing stm32f7xx_ll_usb.o(.ARM.exidx.text.USB_DoPing), (8 bytes).
    Removing stm32f7xx_ll_usb.o(.text.USB_HC_ReadInterrupt), (8 bytes).
    Removing stm32f7xx_ll_usb.o(.ARM.exidx.text.USB_HC_ReadInterrupt), (8 bytes).
    Removing stm32f7xx_ll_usb.o(.text.USB_HC_Halt), (342 bytes).
    Removing stm32f7xx_ll_usb.o(.ARM.exidx.text.USB_HC_Halt), (8 bytes).
    Removing stm32f7xx_ll_usb.o(.text.USB_StopHost), (2358 bytes).
    Removing stm32f7xx_ll_usb.o(.ARM.exidx.text.USB_StopHost), (8 bytes).
    Removing stm32f7xx_ll_usb.o(.text.USB_ActivateRemoteWakeup), (24 bytes).
    Removing stm32f7xx_ll_usb.o(.ARM.exidx.text.USB_ActivateRemoteWakeup), (8 bytes).
    Removing stm32f7xx_ll_usb.o(.text.USB_DeActivateRemoteWakeup), (18 bytes).
    Removing stm32f7xx_ll_usb.o(.ARM.exidx.text.USB_DeActivateRemoteWakeup), (8 bytes).
    Removing system_stm32f7xx.o(.text), (0 bytes).
    Removing system_stm32f7xx.o(.ARM.exidx.text.SystemInit), (8 bytes).
    Removing system_stm32f7xx.o(.text.SystemCoreClockUpdate), (130 bytes).
    Removing system_stm32f7xx.o(.ARM.exidx.text.SystemCoreClockUpdate), (8 bytes).
    Removing xos_motor.o(.text), (0 bytes).
    Removing xos_motor.o(.ARM.exidx.text.xos_motor_time_init), (8 bytes).
    Removing xos_motor.o(.text.xos_GetSystick), (12 bytes).
    Removing xos_motor.o(.ARM.exidx.text.xos_GetSystick), (8 bytes).
    Removing xos_motor.o(.ARM.exidx.text.xo_SetSysTick), (8 bytes).
    Removing xos_motor.o(.ARM.exidx.text.velocityOpenloop), (8 bytes).
    Removing xos_motor.o(.text.set_angle), (18 bytes).
    Removing xos_motor.o(.ARM.exidx.text.set_angle), (8 bytes).
    Removing xos_motor.o(.text.xos_sg90_update), (56 bytes).
    Removing xos_motor.o(.ARM.exidx.text.xos_sg90_update), (8 bytes).
    Removing xos_motor.o(.text._normalizeAngle), (72 bytes).
    Removing xos_motor.o(.ARM.exidx.text._normalizeAngle), (8 bytes).
    Removing xos_motor.o(.text._electricalAngle), (104 bytes).
    Removing xos_motor.o(.ARM.exidx.text._electricalAngle), (8 bytes).
    Removing xos_motor.o(.text.setPhaseVoltage), (392 bytes).
    Removing xos_motor.o(.ARM.exidx.text.setPhaseVoltage), (8 bytes).
    Removing xos_motor.o(.text.setPwm), (180 bytes).
    Removing xos_motor.o(.ARM.exidx.text.setPwm), (8 bytes).
    Removing xos_motor.o(.ARM.exidx.text.HAL_TIM_PeriodElapsedCallback), (8 bytes).
    Removing xos_motor.o(.data.voltage_limit), (4 bytes).
    Removing xos_as5048a.o(.text), (0 bytes).
    Removing xos_as5048a.o(.text.xos_as5048a_init), (160 bytes).
    Removing xos_as5048a.o(.ARM.exidx.text.xos_as5048a_init), (8 bytes).
    Removing xos_as5048a.o(.text.spiCalcEvenParity), (92 bytes).
    Removing xos_as5048a.o(.ARM.exidx.text.spiCalcEvenParity), (8 bytes).
    Removing xos_as5048a.o(.text.read), (228 bytes).
    Removing xos_as5048a.o(.ARM.exidx.text.read), (8 bytes).
    Removing xos_current_sensor.o(.text), (0 bytes).
    Removing xos_current_sensor.o(.text.xos_adc_init), (80 bytes).
    Removing xos_current_sensor.o(.ARM.exidx.text.xos_adc_init), (8 bytes).
    Removing xos_current_sensor.o(.text.ADC_Select_CH0), (44 bytes).
    Removing xos_current_sensor.o(.ARM.exidx.text.ADC_Select_CH0), (8 bytes).
    Removing xos_current_sensor.o(.text.ADC_Select_CH1), (44 bytes).
    Removing xos_current_sensor.o(.ARM.exidx.text.ADC_Select_CH1), (8 bytes).
    Removing xos_current_sensor.o(.text.ADC_Select_CH2), (46 bytes).
    Removing xos_current_sensor.o(.ARM.exidx.text.ADC_Select_CH2), (8 bytes).
    Removing xos_current_sensor.o(.text.read_ADC_voltage), (218 bytes).
    Removing xos_current_sensor.o(.ARM.exidx.text.read_ADC_voltage), (8 bytes).
    Removing xos_current_sensor.o(.text.calibrateOffsets), (234 bytes).
    Removing xos_current_sensor.o(.ARM.exidx.text.calibrateOffsets), (8 bytes).
    Removing xos_lowpass_filter.o(.text), (0 bytes).
    Removing xos_lowpass_filter.o(.text.LowPassFilter_operator), (48 bytes).
    Removing xos_lowpass_filter.o(.ARM.exidx.text.LowPassFilter_operator), (8 bytes).
    Removing xos_as5600.o(.text), (0 bytes).
    Removing xos_as5600.o(.text.AS5600_Write_Reg), (38 bytes).
    Removing xos_as5600.o(.ARM.exidx.text.AS5600_Write_Reg), (8 bytes).
    Removing xos_as5600.o(.text.AS5600_Write_Regs), (36 bytes).
    Removing xos_as5600.o(.ARM.exidx.text.AS5600_Write_Regs), (8 bytes).
    Removing xos_as5600.o(.text.AS5600_Read_Reg), (36 bytes).
    Removing xos_as5600.o(.ARM.exidx.text.AS5600_Read_Reg), (8 bytes).
    Removing xos_as5600.o(.text.myabs), (10 bytes).
    Removing xos_as5600.o(.ARM.exidx.text.myabs), (8 bytes).
    Removing xos_as5600.o(.ARM.exidx.text.GetAngle), (8 bytes).
    Removing xos_as5600.o(.ARM.exidx.text.GetAngle_Without_Track), (8 bytes).
    Removing xos_as5600.o(.text.xos_as5600_Init), (106 bytes).
    Removing xos_as5600.o(.ARM.exidx.text.xos_as5600_Init), (8 bytes).
    Removing xos_pid..o(.text), (0 bytes).
    Removing xos_pid..o(.text._ZN14PIDConctrollerC2Efffff), (16 bytes).
    Removing xos_pid..o(.ARM.exidx.text._ZN14PIDConctrollerC2Efffff), (8 bytes).
    Removing xos_pid..o(.text._ZN14PIDConctrollerD2Ev), (2 bytes).
    Removing xos_pid..o(.ARM.exidx.text._ZN14PIDConctrollerD2Ev), (8 bytes).
    Removing xos_pid..o(.text._ZN14PIDConctrollerclEf), (228 bytes).
    Removing xos_pid..o(.ARM.exidx.text._ZN14PIDConctrollerclEf), (8 bytes).

1354 unused section(s) (total 93208 bytes) removed from the image.

==============================================================================

Image Symbol Table

    Local Symbols

    Symbol Name                              Value     Ov Type        Size  Object(Section)

    ../clib/microlib/division.c              0x00000000   Number         0  uldiv.o ABSOLUTE
    ../clib/microlib/errno.c                 0x00000000   Number         0  errno.o ABSOLUTE
    ../clib/microlib/init/entry.s            0x00000000   Number         0  entry.o ABSOLUTE
    ../clib/microlib/init/entry.s            0x00000000   Number         0  entry2.o ABSOLUTE
    ../clib/microlib/init/entry.s            0x00000000   Number         0  entry5.o ABSOLUTE
    ../clib/microlib/init/entry.s            0x00000000   Number         0  entry7a.o ABSOLUTE
    ../clib/microlib/init/entry.s            0x00000000   Number         0  entry7b.o ABSOLUTE
    ../clib/microlib/init/entry.s            0x00000000   Number         0  entry8a.o ABSOLUTE
    ../clib/microlib/init/entry.s            0x00000000   Number         0  entry8b.o ABSOLUTE
    ../clib/microlib/init/entry.s            0x00000000   Number         0  entry9a.o ABSOLUTE
    ../clib/microlib/init/entry.s            0x00000000   Number         0  entry9b.o ABSOLUTE
    ../clib/microlib/init/entry.s            0x00000000   Number         0  entry10a.o ABSOLUTE
    ../clib/microlib/init/entry.s            0x00000000   Number         0  entry10b.o ABSOLUTE
    ../clib/microlib/init/entry.s            0x00000000   Number         0  entry11a.o ABSOLUTE
    ../clib/microlib/init/entry.s            0x00000000   Number         0  entry11b.o ABSOLUTE
    ../clib/microlib/longlong.c              0x00000000   Number         0  llshl.o ABSOLUTE
    ../clib/microlib/longlong.c              0x00000000   Number         0  llushr.o ABSOLUTE
    ../clib/microlib/string/memcpy.c         0x00000000   Number         0  memcpya.o ABSOLUTE
    ../clib/microlib/string/memcpy.c         0x00000000   Number         0  memcpyb.o ABSOLUTE
    ../clib/microlib/string/memset.c         0x00000000   Number         0  memseta.o ABSOLUTE
    ../clib/microlib/stubs.s                 0x00000000   Number         0  iusefp.o ABSOLUTE
    ../fplib/microlib/fpepilogue.c           0x00000000   Number         0  depilogue.o ABSOLUTE
    ../fplib/microlib/fprem.c                0x00000000   Number         0  drem.o ABSOLUTE
    ../mathlib/cos.c                         0x00000000   Number         0  cos.o ABSOLUTE
    ../mathlib/cos_i.c                       0x00000000   Number         0  cos_i.o ABSOLUTE
    ../mathlib/dunder.c                      0x00000000   Number         0  dunder.o ABSOLUTE
    ../mathlib/fabs.c                        0x00000000   Number         0  fabs.o ABSOLUTE
    ../mathlib/fmod.c                        0x00000000   Number         0  fmod.o ABSOLUTE
    ../mathlib/fpclassify.c                  0x00000000   Number         0  fpclassify.o ABSOLUTE
    ../mathlib/poly.c                        0x00000000   Number         0  poly.o ABSOLUTE
    ../mathlib/rred.c                        0x00000000   Number         0  rred.o ABSOLUTE
    ../mathlib/sin.c                         0x00000000   Number         0  sin.o ABSOLUTE
    ../mathlib/sin_i.c                       0x00000000   Number         0  sin_i.o ABSOLUTE
    dc.s                                     0x00000000   Number         0  dc.o ABSOLUTE
    handlers.s                               0x00000000   Number         0  handlers.o ABSOLUTE
    init.s                                   0x00000000   Number         0  init.o ABSOLUTE
    main.cpp                                 0x00000000   Number         0  main.o ABSOLUTE
    startup_stm32f767xx.s                    0x00000000   Number         0  startup_stm32f767xx.o ABSOLUTE
    stm32f7xx_hal.c                          0x00000000   Number         0  stm32f7xx_hal.o ABSOLUTE
    stm32f7xx_hal_adc.c                      0x00000000   Number         0  stm32f7xx_hal_adc.o ABSOLUTE
    stm32f7xx_hal_adc_ex.c                   0x00000000   Number         0  stm32f7xx_hal_adc_ex.o ABSOLUTE
    stm32f7xx_hal_cortex.c                   0x00000000   Number         0  stm32f7xx_hal_cortex.o ABSOLUTE
    stm32f7xx_hal_dma.c                      0x00000000   Number         0  stm32f7xx_hal_dma.o ABSOLUTE
    stm32f7xx_hal_dma_ex.c                   0x00000000   Number         0  stm32f7xx_hal_dma_ex.o ABSOLUTE
    stm32f7xx_hal_exti.c                     0x00000000   Number         0  stm32f7xx_hal_exti.o ABSOLUTE
    stm32f7xx_hal_flash.c                    0x00000000   Number         0  stm32f7xx_hal_flash.o ABSOLUTE
    stm32f7xx_hal_flash_ex.c                 0x00000000   Number         0  stm32f7xx_hal_flash_ex.o ABSOLUTE
    stm32f7xx_hal_gpio.c                     0x00000000   Number         0  stm32f7xx_hal_gpio.o ABSOLUTE
    stm32f7xx_hal_i2c.c                      0x00000000   Number         0  stm32f7xx_hal_i2c.o ABSOLUTE
    stm32f7xx_hal_i2c_ex.c                   0x00000000   Number         0  stm32f7xx_hal_i2c_ex.o ABSOLUTE
    stm32f7xx_hal_msp.c                      0x00000000   Number         0  stm32f7xx_hal_msp.o ABSOLUTE
    stm32f7xx_hal_pcd.c                      0x00000000   Number         0  stm32f7xx_hal_pcd.o ABSOLUTE
    stm32f7xx_hal_pcd_ex.c                   0x00000000   Number         0  stm32f7xx_hal_pcd_ex.o ABSOLUTE
    stm32f7xx_hal_pwr.c                      0x00000000   Number         0  stm32f7xx_hal_pwr.o ABSOLUTE
    stm32f7xx_hal_pwr_ex.c                   0x00000000   Number         0  stm32f7xx_hal_pwr_ex.o ABSOLUTE
    stm32f7xx_hal_rcc.c                      0x00000000   Number         0  stm32f7xx_hal_rcc.o ABSOLUTE
    stm32f7xx_hal_rcc_ex.c                   0x00000000   Number         0  stm32f7xx_hal_rcc_ex.o ABSOLUTE
    stm32f7xx_hal_spi.c                      0x00000000   Number         0  stm32f7xx_hal_spi.o ABSOLUTE
    stm32f7xx_hal_spi_ex.c                   0x00000000   Number         0  stm32f7xx_hal_spi_ex.o ABSOLUTE
    stm32f7xx_hal_tim.c                      0x00000000   Number         0  stm32f7xx_hal_tim.o ABSOLUTE
    stm32f7xx_hal_tim_ex.c                   0x00000000   Number         0  stm32f7xx_hal_tim_ex.o ABSOLUTE
    stm32f7xx_hal_uart.c                     0x00000000   Number         0  stm32f7xx_hal_uart.o ABSOLUTE
    stm32f7xx_hal_uart_ex.c                  0x00000000   Number         0  stm32f7xx_hal_uart_ex.o ABSOLUTE
    stm32f7xx_it.c                           0x00000000   Number         0  stm32f7xx_it.o ABSOLUTE
    stm32f7xx_ll_usb.c                       0x00000000   Number         0  stm32f7xx_ll_usb.o ABSOLUTE
    system_stm32f7xx.c                       0x00000000   Number         0  system_stm32f7xx.o ABSOLUTE
    xos_as5048a.c                            0x00000000   Number         0  xos_as5048a.o ABSOLUTE
    xos_as5600.c                             0x00000000   Number         0  xos_as5600.o ABSOLUTE
    xos_current_sensor.c                     0x00000000   Number         0  xos_current_sensor.o ABSOLUTE
    xos_lowpass_filter.c                     0x00000000   Number         0  xos_lowpass_filter.o ABSOLUTE
    xos_motor.c                              0x00000000   Number         0  xos_motor.o ABSOLUTE
    xos_pid..cpp                             0x00000000   Number         0  xos_pid..o ABSOLUTE
    RESET                                    0x08000000   Section      504  startup_stm32f767xx.o(RESET)
    .ARM.Collect$$$$00000000                 0x080001f8   Section        0  entry.o(.ARM.Collect$$$$00000000)
    .ARM.Collect$$$$00000001                 0x080001f8   Section        4  entry2.o(.ARM.Collect$$$$00000001)
    .ARM.Collect$$$$00000004                 0x080001fc   Section        4  entry5.o(.ARM.Collect$$$$00000004)
    .ARM.Collect$$$$00000008                 0x08000200   Section        0  entry7b.o(.ARM.Collect$$$$00000008)
    .ARM.Collect$$$$0000000A                 0x08000200   Section        0  entry8b.o(.ARM.Collect$$$$0000000A)
    .ARM.Collect$$$$0000000B                 0x08000200   Section        8  entry9a.o(.ARM.Collect$$$$0000000B)
    __lit__00000000                          0x08000208   Data           4  entry2.o(.ARM.Collect$$$$00002712)
    .ARM.Collect$$$$0000000D                 0x08000208   Section        0  entry10a.o(.ARM.Collect$$$$0000000D)
    .ARM.Collect$$$$0000000F                 0x08000208   Section        0  entry11a.o(.ARM.Collect$$$$0000000F)
    .ARM.Collect$$$$00002712                 0x08000208   Section        4  entry2.o(.ARM.Collect$$$$00002712)
    $v0                                      0x0800020c   Number         0  startup_stm32f767xx.o(.text)
    .text                                    0x0800020c   Section       36  startup_stm32f767xx.o(.text)
    .text                                    0x08000230   Section        0  uldiv.o(.text)
    .text                                    0x08000292   Section        0  memseta.o(.text)
    .text                                    0x080002b6   Section        0  llshl.o(.text)
    .text                                    0x080002d4   Section        0  llushr.o(.text)
    .text                                    0x080002f4   Section        0  iusefp.o(.text)
    .text                                    0x080002f4   Section        0  drem.o(.text)
    .text                                    0x0800037c   Section       48  init.o(.text)
    .text                                    0x080003ac   Section        0  depilogue.o(.text)
    [Anonymous Symbol]                       0x08000468   Section        0  stm32f7xx_it.o(.text.BusFault_Handler)
    [Anonymous Symbol]                       0x08000470   Section        0  stm32f7xx_it.o(.text.DebugMon_Handler)
    [Anonymous Symbol]                       0x08000478   Section        0  main.o(.text.Error_Handler)
    [Anonymous Symbol]                       0x08000480   Section        0  xos_as5600.o(.text.GetAngle)
    [Anonymous Symbol]                       0x080004e0   Section        0  xos_as5600.o(.text.GetAngle_Without_Track)
    [Anonymous Symbol]                       0x08000548   Section        0  stm32f7xx_hal_adc.o(.text.HAL_ADC_ConfigChannel)
    [Anonymous Symbol]                       0x08000700   Section        0  stm32f7xx_hal_adc.o(.text.HAL_ADC_Init)
    [Anonymous Symbol]                       0x08000860   Section        0  stm32f7xx_hal_msp.o(.text.HAL_ADC_MspInit)
    [Anonymous Symbol]                       0x080008c0   Section        0  stm32f7xx_hal.o(.text.HAL_Delay)
    [Anonymous Symbol]                       0x080008e8   Section        0  stm32f7xx_hal_gpio.o(.text.HAL_GPIO_Init)
    [Anonymous Symbol]                       0x08000a98   Section        0  stm32f7xx_hal_gpio.o(.text.HAL_GPIO_WritePin)
    [Anonymous Symbol]                       0x08000aa8   Section        0  stm32f7xx_hal.o(.text.HAL_GetTick)
    [Anonymous Symbol]                       0x08000ab8   Section        0  stm32f7xx_hal_i2c_ex.o(.text.HAL_I2CEx_ConfigAnalogFilter)
    [Anonymous Symbol]                       0x08000b08   Section        0  stm32f7xx_hal_i2c_ex.o(.text.HAL_I2CEx_ConfigDigitalFilter)
    [Anonymous Symbol]                       0x08000b50   Section        0  stm32f7xx_hal_i2c.o(.text.HAL_I2C_Init)
    [Anonymous Symbol]                       0x08000c00   Section        0  stm32f7xx_hal_i2c.o(.text.HAL_I2C_Mem_Read)
    [Anonymous Symbol]                       0x08000e40   Section        0  stm32f7xx_hal_msp.o(.text.HAL_I2C_MspInit)
    [Anonymous Symbol]                       0x08000ec8   Section        0  stm32f7xx_hal.o(.text.HAL_IncTick)
    [Anonymous Symbol]                       0x08000ee8   Section        0  stm32f7xx_hal.o(.text.HAL_Init)
    [Anonymous Symbol]                       0x08000f00   Section        0  stm32f7xx_hal.o(.text.HAL_InitTick)
    [Anonymous Symbol]                       0x08000f48   Section        0  stm32f7xx_hal_msp.o(.text.HAL_MspInit)
    [Anonymous Symbol]                       0x08000f80   Section        0  stm32f7xx_hal_cortex.o(.text.HAL_NVIC_EnableIRQ)
    [Anonymous Symbol]                       0x08000fa0   Section        0  stm32f7xx_hal_cortex.o(.text.HAL_NVIC_SetPriority)
    [Anonymous Symbol]                       0x08001000   Section        0  stm32f7xx_hal_cortex.o(.text.HAL_NVIC_SetPriorityGrouping)
    [Anonymous Symbol]                       0x08001020   Section        0  stm32f7xx_hal_pcd_ex.o(.text.HAL_PCDEx_ActivateLPM)
    [Anonymous Symbol]                       0x08001048   Section        0  stm32f7xx_hal_pcd.o(.text.HAL_PCD_Init)
    [Anonymous Symbol]                       0x080012f8   Section        0  stm32f7xx_hal_msp.o(.text.HAL_PCD_MspInit)
    [Anonymous Symbol]                       0x080013b8   Section        0  stm32f7xx_hal_pwr_ex.o(.text.HAL_PWREx_EnableOverDrive)
    [Anonymous Symbol]                       0x08001430   Section        0  stm32f7xx_hal_pwr.o(.text.HAL_PWR_EnableBkUpAccess)
    [Anonymous Symbol]                       0x08001448   Section        0  stm32f7xx_hal_rcc_ex.o(.text.HAL_RCCEx_PeriphCLKConfig)
    [Anonymous Symbol]                       0x08001a08   Section        0  stm32f7xx_hal_rcc.o(.text.HAL_RCC_ClockConfig)
    [Anonymous Symbol]                       0x08001be0   Section        0  stm32f7xx_hal_rcc.o(.text.HAL_RCC_GetPCLK1Freq)
    [Anonymous Symbol]                       0x08001c08   Section        0  stm32f7xx_hal_rcc.o(.text.HAL_RCC_GetPCLK2Freq)
    [Anonymous Symbol]                       0x08001c30   Section        0  stm32f7xx_hal_rcc.o(.text.HAL_RCC_GetSysClockFreq)
    [Anonymous Symbol]                       0x08001ca0   Section        0  stm32f7xx_hal_rcc.o(.text.HAL_RCC_OscConfig)
    [Anonymous Symbol]                       0x08002078   Section        0  stm32f7xx_hal_spi.o(.text.HAL_SPI_Init)
    [Anonymous Symbol]                       0x08002158   Section        0  stm32f7xx_hal_msp.o(.text.HAL_SPI_MspInit)
    [Anonymous Symbol]                       0x080021f8   Section        0  stm32f7xx_hal_cortex.o(.text.HAL_SYSTICK_Config)
    [Anonymous Symbol]                       0x08002228   Section        0  stm32f7xx_hal_tim_ex.o(.text.HAL_TIMEx_Break2Callback)
    [Anonymous Symbol]                       0x08002230   Section        0  stm32f7xx_hal_tim_ex.o(.text.HAL_TIMEx_BreakCallback)
    [Anonymous Symbol]                       0x08002238   Section        0  stm32f7xx_hal_tim_ex.o(.text.HAL_TIMEx_CommutCallback)
    [Anonymous Symbol]                       0x08002240   Section        0  stm32f7xx_hal_tim_ex.o(.text.HAL_TIMEx_ConfigBreakDeadTime)
    [Anonymous Symbol]                       0x080022e0   Section        0  stm32f7xx_hal_tim_ex.o(.text.HAL_TIMEx_MasterConfigSynchronization)
    [Anonymous Symbol]                       0x080023b0   Section        0  stm32f7xx_hal_tim.o(.text.HAL_TIM_Base_Init)
    [Anonymous Symbol]                       0x08002410   Section        0  stm32f7xx_hal_msp.o(.text.HAL_TIM_Base_MspInit)
    [Anonymous Symbol]                       0x08002498   Section        0  stm32f7xx_hal_tim.o(.text.HAL_TIM_Base_Start_IT)
    [Anonymous Symbol]                       0x08002550   Section        0  stm32f7xx_hal_tim.o(.text.HAL_TIM_ConfigClockSource)
    [Anonymous Symbol]                       0x080026f0   Section        0  stm32f7xx_hal_tim.o(.text.HAL_TIM_IC_CaptureCallback)
    [Anonymous Symbol]                       0x080026f8   Section        0  stm32f7xx_hal_tim.o(.text.HAL_TIM_IRQHandler)
    [Anonymous Symbol]                       0x08002868   Section        0  stm32f7xx_hal_msp.o(.text.HAL_TIM_MspPostInit)
    [Anonymous Symbol]                       0x080028e8   Section        0  stm32f7xx_hal_tim.o(.text.HAL_TIM_OC_ConfigChannel)
    [Anonymous Symbol]                       0x08002b78   Section        0  stm32f7xx_hal_tim.o(.text.HAL_TIM_OC_DelayElapsedCallback)
    [Anonymous Symbol]                       0x08002b80   Section        0  stm32f7xx_hal_tim.o(.text.HAL_TIM_OC_Init)
    [Anonymous Symbol]                       0x08002be0   Section        0  stm32f7xx_hal_tim.o(.text.HAL_TIM_OC_MspInit)
    [Anonymous Symbol]                       0x08002be8   Section        0  stm32f7xx_hal_tim.o(.text.HAL_TIM_PWM_ConfigChannel)
    [Anonymous Symbol]                       0x08002f08   Section        0  stm32f7xx_hal_tim.o(.text.HAL_TIM_PWM_Init)
    [Anonymous Symbol]                       0x08002f68   Section        0  stm32f7xx_hal_tim.o(.text.HAL_TIM_PWM_MspInit)
    [Anonymous Symbol]                       0x08002f70   Section        0  stm32f7xx_hal_tim.o(.text.HAL_TIM_PWM_PulseFinishedCallback)
    [Anonymous Symbol]                       0x08002f78   Section        0  stm32f7xx_hal_tim.o(.text.HAL_TIM_PWM_Start)
    [Anonymous Symbol]                       0x080030f0   Section        0  xos_motor.o(.text.HAL_TIM_PeriodElapsedCallback)
    [Anonymous Symbol]                       0x08003108   Section        0  stm32f7xx_hal_tim.o(.text.HAL_TIM_TriggerCallback)
    [Anonymous Symbol]                       0x08003110   Section        0  stm32f7xx_hal_uart.o(.text.HAL_UART_Init)
    [Anonymous Symbol]                       0x08003170   Section        0  stm32f7xx_hal_msp.o(.text.HAL_UART_MspInit)
    [Anonymous Symbol]                       0x08003288   Section        0  stm32f7xx_it.o(.text.HardFault_Handler)
    I2C_IsErrorOccurred                      0x08003291   Thumb Code   352  stm32f7xx_hal_i2c.o(.text.I2C_IsErrorOccurred)
    [Anonymous Symbol]                       0x08003290   Section        0  stm32f7xx_hal_i2c.o(.text.I2C_IsErrorOccurred)
    I2C_WaitOnFlagUntilTimeout               0x080033f1   Thumb Code   228  stm32f7xx_hal_i2c.o(.text.I2C_WaitOnFlagUntilTimeout)
    [Anonymous Symbol]                       0x080033f0   Section        0  stm32f7xx_hal_i2c.o(.text.I2C_WaitOnFlagUntilTimeout)
    I2C_WaitOnSTOPFlagUntilTimeout           0x080034d9   Thumb Code   124  stm32f7xx_hal_i2c.o(.text.I2C_WaitOnSTOPFlagUntilTimeout)
    [Anonymous Symbol]                       0x080034d8   Section        0  stm32f7xx_hal_i2c.o(.text.I2C_WaitOnSTOPFlagUntilTimeout)
    I2C_WaitOnTXISFlagUntilTimeout           0x08003559   Thumb Code   152  stm32f7xx_hal_i2c.o(.text.I2C_WaitOnTXISFlagUntilTimeout)
    [Anonymous Symbol]                       0x08003558   Section        0  stm32f7xx_hal_i2c.o(.text.I2C_WaitOnTXISFlagUntilTimeout)
    [Anonymous Symbol]                       0x080035f0   Section        0  stm32f7xx_it.o(.text.MemManage_Handler)
    [Anonymous Symbol]                       0x080035f8   Section        0  stm32f7xx_it.o(.text.NMI_Handler)
    [Anonymous Symbol]                       0x08003600   Section        0  stm32f7xx_it.o(.text.PendSV_Handler)
    [Anonymous Symbol]                       0x08003608   Section        0  stm32f7xx_it.o(.text.SVC_Handler)
    [Anonymous Symbol]                       0x08003610   Section        0  stm32f7xx_it.o(.text.SysTick_Handler)
    [Anonymous Symbol]                       0x08003620   Section        0  system_stm32f7xx.o(.text.SystemInit)
    [Anonymous Symbol]                       0x08003638   Section        0  stm32f7xx_it.o(.text.TIM1_BRK_TIM9_IRQHandler)
    [Anonymous Symbol]                       0x08003648   Section        0  stm32f7xx_it.o(.text.TIM1_TRG_COM_TIM11_IRQHandler)
    [Anonymous Symbol]                       0x08003658   Section        0  stm32f7xx_it.o(.text.TIM1_UP_TIM10_IRQHandler)
    [Anonymous Symbol]                       0x08003668   Section        0  stm32f7xx_hal_tim.o(.text.TIM_Base_SetConfig)
    [Anonymous Symbol]                       0x080037b8   Section        0  stm32f7xx_hal_uart.o(.text.UART_AdvFeatureConfig)
    [Anonymous Symbol]                       0x08003898   Section        0  stm32f7xx_hal_uart.o(.text.UART_CheckIdleState)
    [Anonymous Symbol]                       0x08003a10   Section        0  stm32f7xx_hal_uart.o(.text.UART_SetConfig)
    [Anonymous Symbol]                       0x08003c50   Section        0  stm32f7xx_hal_uart.o(.text.UART_WaitOnFlagUntilTimeout)
    [Anonymous Symbol]                       0x08003fa8   Section        0  stm32f7xx_ll_usb.o(.text.USB_CoreInit)
    [Anonymous Symbol]                       0x080041b0   Section        0  stm32f7xx_ll_usb.o(.text.USB_DevDisconnect)
    [Anonymous Symbol]                       0x080041d0   Section        0  stm32f7xx_ll_usb.o(.text.USB_DevInit)
    [Anonymous Symbol]                       0x08004670   Section        0  stm32f7xx_ll_usb.o(.text.USB_DisableGlobalInt)
    [Anonymous Symbol]                       0x08004680   Section        0  stm32f7xx_ll_usb.o(.text.USB_SetCurrentMode)
    [Anonymous Symbol]                       0x080049e8   Section        0  stm32f7xx_it.o(.text.UsageFault_Handler)
    [Anonymous Symbol]                       0x080049f0   Section        0  main.o(.text._Z18SystemClock_Configv)
    [Anonymous Symbol]                       0x08004ab0   Section        0  main.o(.text.main)
    [Anonymous Symbol]                       0x08004fd8   Section        0  xos_motor.o(.text.velocityOpenloop)
    [Anonymous Symbol]                       0x08005210   Section        0  xos_motor.o(.text.xo_SetSysTick)
    [Anonymous Symbol]                       0x08005260   Section        0  xos_motor.o(.text.xos_motor_time_init)
    i.__ARM_fpclassify                       0x08005374   Section        0  fpclassify.o(i.__ARM_fpclassify)
    i.__hardfp_cos                           0x080053a8   Section        0  cos.o(i.__hardfp_cos)
    i.__hardfp_fmod                          0x08005458   Section        0  fmod.o(i.__hardfp_fmod)
    i.__hardfp_sin                           0x08005558   Section        0  sin.o(i.__hardfp_sin)
    i.__ieee754_rem_pio2                     0x08005608   Section        0  rred.o(i.__ieee754_rem_pio2)
    i.__kernel_cos                           0x08005910   Section        0  cos_i.o(i.__kernel_cos)
    i.__kernel_poly                          0x080059d4   Section        0  poly.o(i.__kernel_poly)
    i.__kernel_sin                           0x08005a48   Section        0  sin_i.o(i.__kernel_sin)
    i.__mathlib_dbl_invalid                  0x08005ae8   Section        0  dunder.o(i.__mathlib_dbl_invalid)
    i.__mathlib_dbl_underflow                0x08005b00   Section        0  dunder.o(i.__mathlib_dbl_underflow)
    i.__scatterload_copy                     0x08005b18   Section       14  handlers.o(i.__scatterload_copy)
    i.__scatterload_null                     0x08005b26   Section        2  handlers.o(i.__scatterload_null)
    i.__scatterload_zeroinit                 0x08005b28   Section       14  handlers.o(i.__scatterload_zeroinit)
    i.__set_errno                            0x08005b38   Section        0  errno.o(i.__set_errno)
    i.fabs                                   0x08005b44   Section        0  fabs.o(i.fabs)
    C                                        0x08005b60   Data          48  cos_i.o(.constdata)
    .constdata                               0x08005b60   Section       48  cos_i.o(.constdata)
    pio2s                                    0x08005b90   Data          48  rred.o(.constdata)
    .constdata                               0x08005b90   Section      204  rred.o(.constdata)
    twooverpi                                0x08005bc0   Data         156  rred.o(.constdata)
    S                                        0x08005c60   Data          40  sin_i.o(.constdata)
    .constdata                               0x08005c60   Section       40  sin_i.o(.constdata)
    .Lswitch.table.UART_SetConfig.5          0x08005ca0   Data          16  stm32f7xx_hal_uart.o(.rodata.cst16)
    .Lswitch.table.UART_SetConfig.7          0x08005cb0   Data          16  stm32f7xx_hal_uart.o(.rodata.cst16)
    _errno                                   0x20000000   Data           4  errno.o(.data)
    .data                                    0x20000000   Section        4  errno.o(.data)
    .L_MergedGlobals                         0x20000004   Data           8  stm32f7xx_hal.o(.data..L_MergedGlobals)
    [Anonymous Symbol]                       0x20000004   Section        0  stm32f7xx_hal.o(.data..L_MergedGlobals)
    .L_MergedGlobals                         0x2000000c   Data           8  xos_motor.o(.data..L_MergedGlobals)
    [Anonymous Symbol]                       0x2000000c   Section        0  xos_motor.o(.data..L_MergedGlobals)
    .L_MergedGlobals                         0x20000018   Data          16  xos_as5600.o(.bss..L_MergedGlobals)
    [Anonymous Symbol]                       0x20000018   Section        0  xos_as5600.o(.bss..L_MergedGlobals)
    .L_MergedGlobals.1                       0x20000028   Data          64  xos_motor.o(.bss..L_MergedGlobals.1)
    xos_pwm_enable                           0x20000028   Data           1  xos_motor.o(.bss..L_MergedGlobals.1)
    [Anonymous Symbol]                       0x20000028   Section        0  xos_motor.o(.bss..L_MergedGlobals.1)
    xos_SysTick_CNt                          0x20000034   Data           4  xos_motor.o(.bss..L_MergedGlobals.1)
    xos_inter                                0x20000038   Data           4  xos_motor.o(.bss..L_MergedGlobals.1)
    velocityOpenloop.pre_us                  0x20000040   Data           4  xos_motor.o(.bss..L_MergedGlobals.1)
    STACK                                    0x200007f8   Section     2048  startup_stm32f767xx.o(STACK)

    Global Symbols

    Symbol Name                              Value     Ov Type        Size  Object(Section)

    BuildAttributes$$THM_ISAv4$E$P$D$K$B$S$7EM$VFPv5_D16$PE$PLD8$A:L22UL41UL21$X:L11$S22US41US21$IEEE1$IW$~IW$USESV6$~STKCKD$USESV7$~SHL$OTIME$ROPI$IEEEX$EBA8$MICROLIB$REQ8$PRES8$EABIv2 0x00000000   Number         0  anon$$obj.o ABSOLUTE
    __cpp_initialize__aeabi_                  - Undefined Weak Reference
    __cxa_finalize                            - Undefined Weak Reference
    __decompress                              - Undefined Weak Reference
    _clock_init                               - Undefined Weak Reference
    _microlib_exit                            - Undefined Weak Reference
    __Vectors_Size                           0x000001f8   Number         0  startup_stm32f767xx.o ABSOLUTE
    __Vectors                                0x08000000   Data           4  startup_stm32f767xx.o(RESET)
    __Vectors_End                            0x080001f8   Data           0  startup_stm32f767xx.o(RESET)
    __main                                   0x080001f9   Thumb Code     0  entry.o(.ARM.Collect$$$$00000000)
    _main_stk                                0x080001f9   Thumb Code     0  entry2.o(.ARM.Collect$$$$00000001)
    _main_scatterload                        0x080001fd   Thumb Code     0  entry5.o(.ARM.Collect$$$$00000004)
    __main_after_scatterload                 0x08000201   Thumb Code     0  entry5.o(.ARM.Collect$$$$00000004)
    _main_clock                              0x08000201   Thumb Code     0  entry7b.o(.ARM.Collect$$$$00000008)
    _main_cpp_init                           0x08000201   Thumb Code     0  entry8b.o(.ARM.Collect$$$$0000000A)
    _main_init                               0x08000201   Thumb Code     0  entry9a.o(.ARM.Collect$$$$0000000B)
    __rt_final_cpp                           0x08000209   Thumb Code     0  entry10a.o(.ARM.Collect$$$$0000000D)
    __rt_final_exit                          0x08000209   Thumb Code     0  entry11a.o(.ARM.Collect$$$$0000000F)
    Reset_Handler                            0x0800020d   Thumb Code     8  startup_stm32f767xx.o(.text)
    ADC_IRQHandler                           0x08000227   Thumb Code     0  startup_stm32f767xx.o(.text)
    CAN1_RX0_IRQHandler                      0x08000227   Thumb Code     0  startup_stm32f767xx.o(.text)
    CAN1_RX1_IRQHandler                      0x08000227   Thumb Code     0  startup_stm32f767xx.o(.text)
    CAN1_SCE_IRQHandler                      0x08000227   Thumb Code     0  startup_stm32f767xx.o(.text)
    CAN1_TX_IRQHandler                       0x08000227   Thumb Code     0  startup_stm32f767xx.o(.text)
    CAN2_RX0_IRQHandler                      0x08000227   Thumb Code     0  startup_stm32f767xx.o(.text)
    CAN2_RX1_IRQHandler                      0x08000227   Thumb Code     0  startup_stm32f767xx.o(.text)
    CAN2_SCE_IRQHandler                      0x08000227   Thumb Code     0  startup_stm32f767xx.o(.text)
    CAN2_TX_IRQHandler                       0x08000227   Thumb Code     0  startup_stm32f767xx.o(.text)
    CAN3_RX0_IRQHandler                      0x08000227   Thumb Code     0  startup_stm32f767xx.o(.text)
    CAN3_RX1_IRQHandler                      0x08000227   Thumb Code     0  startup_stm32f767xx.o(.text)
    CAN3_SCE_IRQHandler                      0x08000227   Thumb Code     0  startup_stm32f767xx.o(.text)
    CAN3_TX_IRQHandler                       0x08000227   Thumb Code     0  startup_stm32f767xx.o(.text)
    CEC_IRQHandler                           0x08000227   Thumb Code     0  startup_stm32f767xx.o(.text)
    DCMI_IRQHandler                          0x08000227   Thumb Code     0  startup_stm32f767xx.o(.text)
    DFSDM1_FLT0_IRQHandler                   0x08000227   Thumb Code     0  startup_stm32f767xx.o(.text)
    DFSDM1_FLT1_IRQHandler                   0x08000227   Thumb Code     0  startup_stm32f767xx.o(.text)
    DFSDM1_FLT2_IRQHandler                   0x08000227   Thumb Code     0  startup_stm32f767xx.o(.text)
    DFSDM1_FLT3_IRQHandler                   0x08000227   Thumb Code     0  startup_stm32f767xx.o(.text)
    DMA1_Stream0_IRQHandler                  0x08000227   Thumb Code     0  startup_stm32f767xx.o(.text)
    DMA1_Stream1_IRQHandler                  0x08000227   Thumb Code     0  startup_stm32f767xx.o(.text)
    DMA1_Stream2_IRQHandler                  0x08000227   Thumb Code     0  startup_stm32f767xx.o(.text)
    DMA1_Stream3_IRQHandler                  0x08000227   Thumb Code     0  startup_stm32f767xx.o(.text)
    DMA1_Stream4_IRQHandler                  0x08000227   Thumb Code     0  startup_stm32f767xx.o(.text)
    DMA1_Stream5_IRQHandler                  0x08000227   Thumb Code     0  startup_stm32f767xx.o(.text)
    DMA1_Stream6_IRQHandler                  0x08000227   Thumb Code     0  startup_stm32f767xx.o(.text)
    DMA1_Stream7_IRQHandler                  0x08000227   Thumb Code     0  startup_stm32f767xx.o(.text)
    DMA2D_IRQHandler                         0x08000227   Thumb Code     0  startup_stm32f767xx.o(.text)
    DMA2_Stream0_IRQHandler                  0x08000227   Thumb Code     0  startup_stm32f767xx.o(.text)
    DMA2_Stream1_IRQHandler                  0x08000227   Thumb Code     0  startup_stm32f767xx.o(.text)
    DMA2_Stream2_IRQHandler                  0x08000227   Thumb Code     0  startup_stm32f767xx.o(.text)
    DMA2_Stream3_IRQHandler                  0x08000227   Thumb Code     0  startup_stm32f767xx.o(.text)
    DMA2_Stream4_IRQHandler                  0x08000227   Thumb Code     0  startup_stm32f767xx.o(.text)
    DMA2_Stream5_IRQHandler                  0x08000227   Thumb Code     0  startup_stm32f767xx.o(.text)
    DMA2_Stream6_IRQHandler                  0x08000227   Thumb Code     0  startup_stm32f767xx.o(.text)
    DMA2_Stream7_IRQHandler                  0x08000227   Thumb Code     0  startup_stm32f767xx.o(.text)
    ETH_IRQHandler                           0x08000227   Thumb Code     0  startup_stm32f767xx.o(.text)
    ETH_WKUP_IRQHandler                      0x08000227   Thumb Code     0  startup_stm32f767xx.o(.text)
    EXTI0_IRQHandler                         0x08000227   Thumb Code     0  startup_stm32f767xx.o(.text)
    EXTI15_10_IRQHandler                     0x08000227   Thumb Code     0  startup_stm32f767xx.o(.text)
    EXTI1_IRQHandler                         0x08000227   Thumb Code     0  startup_stm32f767xx.o(.text)
    EXTI2_IRQHandler                         0x08000227   Thumb Code     0  startup_stm32f767xx.o(.text)
    EXTI3_IRQHandler                         0x08000227   Thumb Code     0  startup_stm32f767xx.o(.text)
    EXTI4_IRQHandler                         0x08000227   Thumb Code     0  startup_stm32f767xx.o(.text)
    EXTI9_5_IRQHandler                       0x08000227   Thumb Code     0  startup_stm32f767xx.o(.text)
    FLASH_IRQHandler                         0x08000227   Thumb Code     0  startup_stm32f767xx.o(.text)
    FMC_IRQHandler                           0x08000227   Thumb Code     0  startup_stm32f767xx.o(.text)
    FPU_IRQHandler                           0x08000227   Thumb Code     0  startup_stm32f767xx.o(.text)
    I2C1_ER_IRQHandler                       0x08000227   Thumb Code     0  startup_stm32f767xx.o(.text)
    I2C1_EV_IRQHandler                       0x08000227   Thumb Code     0  startup_stm32f767xx.o(.text)
    I2C2_ER_IRQHandler                       0x08000227   Thumb Code     0  startup_stm32f767xx.o(.text)
    I2C2_EV_IRQHandler                       0x08000227   Thumb Code     0  startup_stm32f767xx.o(.text)
    I2C3_ER_IRQHandler                       0x08000227   Thumb Code     0  startup_stm32f767xx.o(.text)
    I2C3_EV_IRQHandler                       0x08000227   Thumb Code     0  startup_stm32f767xx.o(.text)
    I2C4_ER_IRQHandler                       0x08000227   Thumb Code     0  startup_stm32f767xx.o(.text)
    I2C4_EV_IRQHandler                       0x08000227   Thumb Code     0  startup_stm32f767xx.o(.text)
    JPEG_IRQHandler                          0x08000227   Thumb Code     0  startup_stm32f767xx.o(.text)
    LPTIM1_IRQHandler                        0x08000227   Thumb Code     0  startup_stm32f767xx.o(.text)
    LTDC_ER_IRQHandler                       0x08000227   Thumb Code     0  startup_stm32f767xx.o(.text)
    LTDC_IRQHandler                          0x08000227   Thumb Code     0  startup_stm32f767xx.o(.text)
    MDIOS_IRQHandler                         0x08000227   Thumb Code     0  startup_stm32f767xx.o(.text)
    OTG_FS_IRQHandler                        0x08000227   Thumb Code     0  startup_stm32f767xx.o(.text)
    OTG_FS_WKUP_IRQHandler                   0x08000227   Thumb Code     0  startup_stm32f767xx.o(.text)
    OTG_HS_EP1_IN_IRQHandler                 0x08000227   Thumb Code     0  startup_stm32f767xx.o(.text)
    OTG_HS_EP1_OUT_IRQHandler                0x08000227   Thumb Code     0  startup_stm32f767xx.o(.text)
    OTG_HS_IRQHandler                        0x08000227   Thumb Code     0  startup_stm32f767xx.o(.text)
    OTG_HS_WKUP_IRQHandler                   0x08000227   Thumb Code     0  startup_stm32f767xx.o(.text)
    PVD_IRQHandler                           0x08000227   Thumb Code     0  startup_stm32f767xx.o(.text)
    QUADSPI_IRQHandler                       0x08000227   Thumb Code     0  startup_stm32f767xx.o(.text)
    RCC_IRQHandler                           0x08000227   Thumb Code     0  startup_stm32f767xx.o(.text)
    RNG_IRQHandler                           0x08000227   Thumb Code     0  startup_stm32f767xx.o(.text)
    RTC_Alarm_IRQHandler                     0x08000227   Thumb Code     0  startup_stm32f767xx.o(.text)
    RTC_WKUP_IRQHandler                      0x08000227   Thumb Code     0  startup_stm32f767xx.o(.text)
    SAI1_IRQHandler                          0x08000227   Thumb Code     0  startup_stm32f767xx.o(.text)
    SAI2_IRQHandler                          0x08000227   Thumb Code     0  startup_stm32f767xx.o(.text)
    SDMMC1_IRQHandler                        0x08000227   Thumb Code     0  startup_stm32f767xx.o(.text)
    SDMMC2_IRQHandler                        0x08000227   Thumb Code     0  startup_stm32f767xx.o(.text)
    SPDIF_RX_IRQHandler                      0x08000227   Thumb Code     0  startup_stm32f767xx.o(.text)
    SPI1_IRQHandler                          0x08000227   Thumb Code     0  startup_stm32f767xx.o(.text)
    SPI2_IRQHandler                          0x08000227   Thumb Code     0  startup_stm32f767xx.o(.text)
    SPI3_IRQHandler                          0x08000227   Thumb Code     0  startup_stm32f767xx.o(.text)
    SPI4_IRQHandler                          0x08000227   Thumb Code     0  startup_stm32f767xx.o(.text)
    SPI5_IRQHandler                          0x08000227   Thumb Code     0  startup_stm32f767xx.o(.text)
    SPI6_IRQHandler                          0x08000227   Thumb Code     0  startup_stm32f767xx.o(.text)
    TAMP_STAMP_IRQHandler                    0x08000227   Thumb Code     0  startup_stm32f767xx.o(.text)
    TIM1_CC_IRQHandler                       0x08000227   Thumb Code     0  startup_stm32f767xx.o(.text)
    TIM2_IRQHandler                          0x08000227   Thumb Code     0  startup_stm32f767xx.o(.text)
    TIM3_IRQHandler                          0x08000227   Thumb Code     0  startup_stm32f767xx.o(.text)
    TIM4_IRQHandler                          0x08000227   Thumb Code     0  startup_stm32f767xx.o(.text)
    TIM5_IRQHandler                          0x08000227   Thumb Code     0  startup_stm32f767xx.o(.text)
    TIM6_DAC_IRQHandler                      0x08000227   Thumb Code     0  startup_stm32f767xx.o(.text)
    TIM7_IRQHandler                          0x08000227   Thumb Code     0  startup_stm32f767xx.o(.text)
    TIM8_BRK_TIM12_IRQHandler                0x08000227   Thumb Code     0  startup_stm32f767xx.o(.text)
    TIM8_CC_IRQHandler                       0x08000227   Thumb Code     0  startup_stm32f767xx.o(.text)
    TIM8_TRG_COM_TIM14_IRQHandler            0x08000227   Thumb Code     0  startup_stm32f767xx.o(.text)
    TIM8_UP_TIM13_IRQHandler                 0x08000227   Thumb Code     0  startup_stm32f767xx.o(.text)
    UART4_IRQHandler                         0x08000227   Thumb Code     0  startup_stm32f767xx.o(.text)
    UART5_IRQHandler                         0x08000227   Thumb Code     0  startup_stm32f767xx.o(.text)
    UART7_IRQHandler                         0x08000227   Thumb Code     0  startup_stm32f767xx.o(.text)
    UART8_IRQHandler                         0x08000227   Thumb Code     0  startup_stm32f767xx.o(.text)
    USART1_IRQHandler                        0x08000227   Thumb Code     0  startup_stm32f767xx.o(.text)
    USART2_IRQHandler                        0x08000227   Thumb Code     0  startup_stm32f767xx.o(.text)
    USART3_IRQHandler                        0x08000227   Thumb Code     0  startup_stm32f767xx.o(.text)
    USART6_IRQHandler                        0x08000227   Thumb Code     0  startup_stm32f767xx.o(.text)
    WWDG_IRQHandler                          0x08000227   Thumb Code     0  startup_stm32f767xx.o(.text)
    __aeabi_uldivmod                         0x08000231   Thumb Code    98  uldiv.o(.text)
    __aeabi_memset                           0x08000293   Thumb Code    14  memseta.o(.text)
    __aeabi_memset4                          0x08000293   Thumb Code     0  memseta.o(.text)
    __aeabi_memset8                          0x08000293   Thumb Code     0  memseta.o(.text)
    __aeabi_memclr                           0x080002a1   Thumb Code     4  memseta.o(.text)
    __aeabi_memclr4                          0x080002a1   Thumb Code     0  memseta.o(.text)
    __aeabi_memclr8                          0x080002a1   Thumb Code     0  memseta.o(.text)
    _memset$wrapper                          0x080002a5   Thumb Code    18  memseta.o(.text)
    __aeabi_llsl                             0x080002b7   Thumb Code    30  llshl.o(.text)
    _ll_shift_l                              0x080002b7   Thumb Code     0  llshl.o(.text)
    __aeabi_llsr                             0x080002d5   Thumb Code    32  llushr.o(.text)
    _ll_ushift_r                             0x080002d5   Thumb Code     0  llushr.o(.text)
    __I$use$fp                               0x080002f5   Thumb Code     0  iusefp.o(.text)
    _drem                                    0x080002f5   Thumb Code   134  drem.o(.text)
    __scatterload                            0x0800037d   Thumb Code    38  init.o(.text)
    __scatterload_rt2                        0x0800037d   Thumb Code     0  init.o(.text)
    _double_round                            0x080003ad   Thumb Code    30  depilogue.o(.text)
    _double_epilogue                         0x080003cb   Thumb Code   156  depilogue.o(.text)
    BusFault_Handler                         0x08000469   Thumb Code     2  stm32f7xx_it.o(.text.BusFault_Handler)
    DebugMon_Handler                         0x08000471   Thumb Code     2  stm32f7xx_it.o(.text.DebugMon_Handler)
    Error_Handler                            0x08000479   Thumb Code     6  main.o(.text.Error_Handler)
    GetAngle                                 0x08000481   Thumb Code    88  xos_as5600.o(.text.GetAngle)
    GetAngle_Without_Track                   0x080004e1   Thumb Code    92  xos_as5600.o(.text.GetAngle_Without_Track)
    HAL_ADC_ConfigChannel                    0x08000549   Thumb Code   434  stm32f7xx_hal_adc.o(.text.HAL_ADC_ConfigChannel)
    HAL_ADC_Init                             0x08000701   Thumb Code   352  stm32f7xx_hal_adc.o(.text.HAL_ADC_Init)
    HAL_ADC_MspInit                          0x08000861   Thumb Code    96  stm32f7xx_hal_msp.o(.text.HAL_ADC_MspInit)
    HAL_Delay                                0x080008c1   Thumb Code    40  stm32f7xx_hal.o(.text.HAL_Delay)
    HAL_GPIO_Init                            0x080008e9   Thumb Code   426  stm32f7xx_hal_gpio.o(.text.HAL_GPIO_Init)
    HAL_GPIO_WritePin                        0x08000a99   Thumb Code    10  stm32f7xx_hal_gpio.o(.text.HAL_GPIO_WritePin)
    HAL_GetTick                              0x08000aa9   Thumb Code    12  stm32f7xx_hal.o(.text.HAL_GetTick)
    HAL_I2CEx_ConfigAnalogFilter             0x08000ab9   Thumb Code    74  stm32f7xx_hal_i2c_ex.o(.text.HAL_I2CEx_ConfigAnalogFilter)
    HAL_I2CEx_ConfigDigitalFilter            0x08000b09   Thumb Code    72  stm32f7xx_hal_i2c_ex.o(.text.HAL_I2CEx_ConfigDigitalFilter)
    HAL_I2C_Init                             0x08000b51   Thumb Code   174  stm32f7xx_hal_i2c.o(.text.HAL_I2C_Init)
    HAL_I2C_Mem_Read                         0x08000c01   Thumb Code   572  stm32f7xx_hal_i2c.o(.text.HAL_I2C_Mem_Read)
    HAL_I2C_MspInit                          0x08000e41   Thumb Code   134  stm32f7xx_hal_msp.o(.text.HAL_I2C_MspInit)
    HAL_IncTick                              0x08000ec9   Thumb Code    26  stm32f7xx_hal.o(.text.HAL_IncTick)
    HAL_Init                                 0x08000ee9   Thumb Code    22  stm32f7xx_hal.o(.text.HAL_Init)
    HAL_InitTick                             0x08000f01   Thumb Code    72  stm32f7xx_hal.o(.text.HAL_InitTick)
    HAL_MspInit                              0x08000f49   Thumb Code    50  stm32f7xx_hal_msp.o(.text.HAL_MspInit)
    HAL_NVIC_EnableIRQ                       0x08000f81   Thumb Code    32  stm32f7xx_hal_cortex.o(.text.HAL_NVIC_EnableIRQ)
    HAL_NVIC_SetPriority                     0x08000fa1   Thumb Code    90  stm32f7xx_hal_cortex.o(.text.HAL_NVIC_SetPriority)
    HAL_NVIC_SetPriorityGrouping             0x08001001   Thumb Code    32  stm32f7xx_hal_cortex.o(.text.HAL_NVIC_SetPriorityGrouping)
    HAL_PCDEx_ActivateLPM                    0x08001021   Thumb Code    38  stm32f7xx_hal_pcd_ex.o(.text.HAL_PCDEx_ActivateLPM)
    HAL_PCD_Init                             0x08001049   Thumb Code   682  stm32f7xx_hal_pcd.o(.text.HAL_PCD_Init)
    HAL_PCD_MspInit                          0x080012f9   Thumb Code   188  stm32f7xx_hal_msp.o(.text.HAL_PCD_MspInit)
    HAL_PWREx_EnableOverDrive                0x080013b9   Thumb Code   118  stm32f7xx_hal_pwr_ex.o(.text.HAL_PWREx_EnableOverDrive)
    HAL_PWR_EnableBkUpAccess                 0x08001431   Thumb Code    18  stm32f7xx_hal_pwr.o(.text.HAL_PWR_EnableBkUpAccess)
    HAL_RCCEx_PeriphCLKConfig                0x08001449   Thumb Code  1468  stm32f7xx_hal_rcc_ex.o(.text.HAL_RCCEx_PeriphCLKConfig)
    HAL_RCC_ClockConfig                      0x08001a09   Thumb Code   466  stm32f7xx_hal_rcc.o(.text.HAL_RCC_ClockConfig)
    HAL_RCC_GetPCLK1Freq                     0x08001be1   Thumb Code    38  stm32f7xx_hal_rcc.o(.text.HAL_RCC_GetPCLK1Freq)
    HAL_RCC_GetPCLK2Freq                     0x08001c09   Thumb Code    38  stm32f7xx_hal_rcc.o(.text.HAL_RCC_GetPCLK2Freq)
    HAL_RCC_GetSysClockFreq                  0x08001c31   Thumb Code   108  stm32f7xx_hal_rcc.o(.text.HAL_RCC_GetSysClockFreq)
    HAL_RCC_OscConfig                        0x08001ca1   Thumb Code   984  stm32f7xx_hal_rcc.o(.text.HAL_RCC_OscConfig)
    HAL_SPI_Init                             0x08002079   Thumb Code   224  stm32f7xx_hal_spi.o(.text.HAL_SPI_Init)
    HAL_SPI_MspInit                          0x08002159   Thumb Code   156  stm32f7xx_hal_msp.o(.text.HAL_SPI_MspInit)
    HAL_SYSTICK_Config                       0x080021f9   Thumb Code    46  stm32f7xx_hal_cortex.o(.text.HAL_SYSTICK_Config)
    HAL_TIMEx_Break2Callback                 0x08002229   Thumb Code     2  stm32f7xx_hal_tim_ex.o(.text.HAL_TIMEx_Break2Callback)
    HAL_TIMEx_BreakCallback                  0x08002231   Thumb Code     2  stm32f7xx_hal_tim_ex.o(.text.HAL_TIMEx_BreakCallback)
    HAL_TIMEx_CommutCallback                 0x08002239   Thumb Code     2  stm32f7xx_hal_tim_ex.o(.text.HAL_TIMEx_CommutCallback)
    HAL_TIMEx_ConfigBreakDeadTime            0x08002241   Thumb Code   160  stm32f7xx_hal_tim_ex.o(.text.HAL_TIMEx_ConfigBreakDeadTime)
    HAL_TIMEx_MasterConfigSynchronization    0x080022e1   Thumb Code   206  stm32f7xx_hal_tim_ex.o(.text.HAL_TIMEx_MasterConfigSynchronization)
    HAL_TIM_Base_Init                        0x080023b1   Thumb Code    96  stm32f7xx_hal_tim.o(.text.HAL_TIM_Base_Init)
    HAL_TIM_Base_MspInit                     0x08002411   Thumb Code   134  stm32f7xx_hal_msp.o(.text.HAL_TIM_Base_MspInit)
    HAL_TIM_Base_Start_IT                    0x08002499   Thumb Code   180  stm32f7xx_hal_tim.o(.text.HAL_TIM_Base_Start_IT)
    HAL_TIM_ConfigClockSource                0x08002551   Thumb Code   416  stm32f7xx_hal_tim.o(.text.HAL_TIM_ConfigClockSource)
    HAL_TIM_IC_CaptureCallback               0x080026f1   Thumb Code     2  stm32f7xx_hal_tim.o(.text.HAL_TIM_IC_CaptureCallback)
    HAL_TIM_IRQHandler                       0x080026f9   Thumb Code   364  stm32f7xx_hal_tim.o(.text.HAL_TIM_IRQHandler)
    HAL_TIM_MspPostInit                      0x08002869   Thumb Code   128  stm32f7xx_hal_msp.o(.text.HAL_TIM_MspPostInit)
    HAL_TIM_OC_ConfigChannel                 0x080028e9   Thumb Code   650  stm32f7xx_hal_tim.o(.text.HAL_TIM_OC_ConfigChannel)
    HAL_TIM_OC_DelayElapsedCallback          0x08002b79   Thumb Code     2  stm32f7xx_hal_tim.o(.text.HAL_TIM_OC_DelayElapsedCallback)
    HAL_TIM_OC_Init                          0x08002b81   Thumb Code    96  stm32f7xx_hal_tim.o(.text.HAL_TIM_OC_Init)
    HAL_TIM_OC_MspInit                       0x08002be1   Thumb Code     2  stm32f7xx_hal_tim.o(.text.HAL_TIM_OC_MspInit)
    HAL_TIM_PWM_ConfigChannel                0x08002be9   Thumb Code   796  stm32f7xx_hal_tim.o(.text.HAL_TIM_PWM_ConfigChannel)
    HAL_TIM_PWM_Init                         0x08002f09   Thumb Code    96  stm32f7xx_hal_tim.o(.text.HAL_TIM_PWM_Init)
    HAL_TIM_PWM_MspInit                      0x08002f69   Thumb Code     2  stm32f7xx_hal_tim.o(.text.HAL_TIM_PWM_MspInit)
    HAL_TIM_PWM_PulseFinishedCallback        0x08002f71   Thumb Code     2  stm32f7xx_hal_tim.o(.text.HAL_TIM_PWM_PulseFinishedCallback)
    HAL_TIM_PWM_Start                        0x08002f79   Thumb Code   372  stm32f7xx_hal_tim.o(.text.HAL_TIM_PWM_Start)
    HAL_TIM_PeriodElapsedCallback            0x080030f1   Thumb Code    24  xos_motor.o(.text.HAL_TIM_PeriodElapsedCallback)
    HAL_TIM_TriggerCallback                  0x08003109   Thumb Code     2  stm32f7xx_hal_tim.o(.text.HAL_TIM_TriggerCallback)
    HAL_UART_Init                            0x08003111   Thumb Code    96  stm32f7xx_hal_uart.o(.text.HAL_UART_Init)
    HAL_UART_MspInit                         0x08003171   Thumb Code   278  stm32f7xx_hal_msp.o(.text.HAL_UART_MspInit)
    HardFault_Handler                        0x08003289   Thumb Code     2  stm32f7xx_it.o(.text.HardFault_Handler)
    MemManage_Handler                        0x080035f1   Thumb Code     2  stm32f7xx_it.o(.text.MemManage_Handler)
    NMI_Handler                              0x080035f9   Thumb Code     2  stm32f7xx_it.o(.text.NMI_Handler)
    PendSV_Handler                           0x08003601   Thumb Code     2  stm32f7xx_it.o(.text.PendSV_Handler)
    SVC_Handler                              0x08003609   Thumb Code     2  stm32f7xx_it.o(.text.SVC_Handler)
    SysTick_Handler                          0x08003611   Thumb Code    14  stm32f7xx_it.o(.text.SysTick_Handler)
    SystemInit                               0x08003621   Thumb Code    18  system_stm32f7xx.o(.text.SystemInit)
    TIM1_BRK_TIM9_IRQHandler                 0x08003639   Thumb Code    12  stm32f7xx_it.o(.text.TIM1_BRK_TIM9_IRQHandler)
    TIM1_TRG_COM_TIM11_IRQHandler            0x08003649   Thumb Code    12  stm32f7xx_it.o(.text.TIM1_TRG_COM_TIM11_IRQHandler)
    TIM1_UP_TIM10_IRQHandler                 0x08003659   Thumb Code    12  stm32f7xx_it.o(.text.TIM1_UP_TIM10_IRQHandler)
    TIM_Base_SetConfig                       0x08003669   Thumb Code   332  stm32f7xx_hal_tim.o(.text.TIM_Base_SetConfig)
    UART_AdvFeatureConfig                    0x080037b9   Thumb Code   224  stm32f7xx_hal_uart.o(.text.UART_AdvFeatureConfig)
    UART_CheckIdleState                      0x08003899   Thumb Code   372  stm32f7xx_hal_uart.o(.text.UART_CheckIdleState)
    UART_SetConfig                           0x08003a11   Thumb Code   572  stm32f7xx_hal_uart.o(.text.UART_SetConfig)
    UART_WaitOnFlagUntilTimeout              0x08003c51   Thumb Code   856  stm32f7xx_hal_uart.o(.text.UART_WaitOnFlagUntilTimeout)
    USB_CoreInit                             0x08003fa9   Thumb Code   514  stm32f7xx_ll_usb.o(.text.USB_CoreInit)
    USB_DevDisconnect                        0x080041b1   Thumb Code    30  stm32f7xx_ll_usb.o(.text.USB_DevDisconnect)
    USB_DevInit                              0x080041d1   Thumb Code  1182  stm32f7xx_ll_usb.o(.text.USB_DevInit)
    USB_DisableGlobalInt                     0x08004671   Thumb Code    14  stm32f7xx_ll_usb.o(.text.USB_DisableGlobalInt)
    USB_SetCurrentMode                       0x08004681   Thumb Code   872  stm32f7xx_ll_usb.o(.text.USB_SetCurrentMode)
    UsageFault_Handler                       0x080049e9   Thumb Code     2  stm32f7xx_it.o(.text.UsageFault_Handler)
    SystemClock_Config()                     0x080049f1   Thumb Code   190  main.o(.text._Z18SystemClock_Configv)
    main                                     0x08004ab1   Thumb Code  1316  main.o(.text.main)
    velocityOpenloop                         0x08004fd9   Thumb Code   536  xos_motor.o(.text.velocityOpenloop)
    xo_SetSysTick                            0x08005211   Thumb Code    78  xos_motor.o(.text.xo_SetSysTick)
    xos_motor_time_init                      0x08005261   Thumb Code   276  xos_motor.o(.text.xos_motor_time_init)
    __ARM_fpclassify                         0x08005375   Thumb Code    48  fpclassify.o(i.__ARM_fpclassify)
    __hardfp_cos                             0x080053a9   Thumb Code   158  cos.o(i.__hardfp_cos)
    __hardfp_fmod                            0x08005459   Thumb Code   246  fmod.o(i.__hardfp_fmod)
    __hardfp_sin                             0x08005559   Thumb Code   158  sin.o(i.__hardfp_sin)
    __ieee754_rem_pio2                       0x08005609   Thumb Code   646  rred.o(i.__ieee754_rem_pio2)
    __kernel_cos                             0x08005911   Thumb Code   182  cos_i.o(i.__kernel_cos)
    __kernel_poly                            0x080059d5   Thumb Code   112  poly.o(i.__kernel_poly)
    __kernel_sin                             0x08005a49   Thumb Code   144  sin_i.o(i.__kernel_sin)
    __mathlib_dbl_invalid                    0x08005ae9   Thumb Code    10  dunder.o(i.__mathlib_dbl_invalid)
    __mathlib_dbl_underflow                  0x08005b01   Thumb Code    10  dunder.o(i.__mathlib_dbl_underflow)
    __scatterload_copy                       0x08005b19   Thumb Code    14  handlers.o(i.__scatterload_copy)
    __scatterload_null                       0x08005b27   Thumb Code     2  handlers.o(i.__scatterload_null)
    __scatterload_zeroinit                   0x08005b29   Thumb Code    14  handlers.o(i.__scatterload_zeroinit)
    __set_errno                              0x08005b39   Thumb Code     6  errno.o(i.__set_errno)
    fabs                                     0x08005b45   Thumb Code    24  fabs.o(i.fabs)
    AHBPrescTable                            0x08005c88   Data          16  system_stm32f7xx.o(.rodata.AHBPrescTable)
    APBPrescTable                            0x08005c98   Data           8  system_stm32f7xx.o(.rodata.APBPrescTable)
    Region$$Table$$Base                      0x08005cc0   Number         0  anon$$obj.o(Region$$Table)
    Region$$Table$$Limit                     0x08005ce0   Number         0  anon$$obj.o(Region$$Table)
    uwTickFreq                               0x20000004   Data           1  stm32f7xx_hal.o(.data..L_MergedGlobals)
    uwTickPrio                               0x20000008   Data           4  stm32f7xx_hal.o(.data..L_MergedGlobals)
    voltage_power_supply                     0x2000000c   Data           4  xos_motor.o(.data..L_MergedGlobals)
    dir                                      0x20000010   Data           4  xos_motor.o(.data..L_MergedGlobals)
    SystemCoreClock                          0x20000014   Data           4  system_stm32f7xx.o(.data.SystemCoreClock)
    angle_prev1                              0x20000018   Data           4  xos_as5600.o(.bss..L_MergedGlobals)
    full_rotations                           0x2000001c   Data           4  xos_as5600.o(.bss..L_MergedGlobals)
    angle_d                                  0x20000020   Data           4  xos_as5600.o(.bss..L_MergedGlobals)
    angle_cd                                 0x20000024   Data           4  xos_as5600.o(.bss..L_MergedGlobals)
    zero_electric_angle                      0x2000002c   Data           4  xos_motor.o(.bss..L_MergedGlobals.1)
    shaft_angle                              0x20000030   Data           4  xos_motor.o(.bss..L_MergedGlobals.1)
    xos_time_monitor_time                    0x2000003c   Data           4  xos_motor.o(.bss..L_MergedGlobals.1)
    xos_ua                                   0x20000044   Data           4  xos_motor.o(.bss..L_MergedGlobals.1)
    xos_ub                                   0x20000048   Data           4  xos_motor.o(.bss..L_MergedGlobals.1)
    xos_uc                                   0x2000004c   Data           4  xos_motor.o(.bss..L_MergedGlobals.1)
    xos_pwma                                 0x20000050   Data           4  xos_motor.o(.bss..L_MergedGlobals.1)
    xos_pwmb                                 0x20000054   Data           4  xos_motor.o(.bss..L_MergedGlobals.1)
    xos_pwmc                                 0x20000058   Data           4  xos_motor.o(.bss..L_MergedGlobals.1)
    xos_ua_ori                               0x2000005c   Data           4  xos_motor.o(.bss..L_MergedGlobals.1)
    xos_ub_ori                               0x20000060   Data           4  xos_motor.o(.bss..L_MergedGlobals.1)
    xos_uc_ori                               0x20000064   Data           4  xos_motor.o(.bss..L_MergedGlobals.1)
    hadc1                                    0x20000068   Data          72  main.o(.bss.hadc1)
    hi2c1                                    0x200000b0   Data          84  main.o(.bss.hi2c1)
    hpcd_USB_OTG_FS                          0x20000104   Data        1248  main.o(.bss.hpcd_USB_OTG_FS)
    hspi2                                    0x200005e4   Data         100  main.o(.bss.hspi2)
    htim1                                    0x20000648   Data          76  main.o(.bss.htim1)
    htim2                                    0x20000694   Data          76  main.o(.bss.htim2)
    huart1                                   0x200006e0   Data         136  main.o(.bss.huart1)
    huart3                                   0x20000768   Data         136  main.o(.bss.huart3)
    uwTick                                   0x200007f0   Data           4  stm32f7xx_hal.o(.bss.uwTick)
    xos_jwangle                              0x200007f4   Data           4  xos_motor.o(.bss.xos_jwangle)
    __initial_sp                             0x20000ff8   Data           0  startup_stm32f767xx.o(STACK)



==============================================================================

Memory Map of the image

  Image Entry point : 0x080001f9

  Load Region LR_IROM1 (Base: 0x08000000, Size: 0x00005cf8, Max: 0x00200000, ABSOLUTE)

    Execution Region ER_IROM1 (Exec base: 0x08000000, Load base: 0x08000000, Size: 0x00005ce0, Max: 0x00200000, ABSOLUTE)

    Exec Addr    Load Addr    Size         Type   Attr      Idx    E Section Name        Object

    0x08000000   0x08000000   0x000001f8   Data   RO            3    RESET               startup_stm32f767xx.o
    0x080001f8   0x080001f8   0x00000000   Code   RO         1734  * .ARM.Collect$$$$00000000  mc_w.l(entry.o)
    0x080001f8   0x080001f8   0x00000004   Code   RO         1770    .ARM.Collect$$$$00000001  mc_w.l(entry2.o)
    0x080001fc   0x080001fc   0x00000004   Code   RO         1773    .ARM.Collect$$$$00000004  mc_w.l(entry5.o)
    0x08000200   0x08000200   0x00000000   Code   RO         1775    .ARM.Collect$$$$00000008  mc_w.l(entry7b.o)
    0x08000200   0x08000200   0x00000000   Code   RO         1777    .ARM.Collect$$$$0000000A  mc_w.l(entry8b.o)
    0x08000200   0x08000200   0x00000008   Code   RO         1778    .ARM.Collect$$$$0000000B  mc_w.l(entry9a.o)
    0x08000208   0x08000208   0x00000000   Code   RO         1780    .ARM.Collect$$$$0000000D  mc_w.l(entry10a.o)
    0x08000208   0x08000208   0x00000000   Code   RO         1782    .ARM.Collect$$$$0000000F  mc_w.l(entry11a.o)
    0x08000208   0x08000208   0x00000004   Code   RO         1771    .ARM.Collect$$$$00002712  mc_w.l(entry2.o)
    0x0800020c   0x0800020c   0x00000024   Code   RO            4    .text               startup_stm32f767xx.o
    0x08000230   0x08000230   0x00000062   Code   RO         1737    .text               mc_w.l(uldiv.o)
    0x08000292   0x08000292   0x00000024   Code   RO         1741    .text               mc_w.l(memseta.o)
    0x080002b6   0x080002b6   0x0000001e   Code   RO         1784    .text               mc_w.l(llshl.o)
    0x080002d4   0x080002d4   0x00000020   Code   RO         1786    .text               mc_w.l(llushr.o)
    0x080002f4   0x080002f4   0x00000000   Code   RO         1795    .text               mc_w.l(iusefp.o)
    0x080002f4   0x080002f4   0x00000086   Code   RO         1796    .text               mf_w.l(drem.o)
    0x0800037a   0x0800037a   0x00000002   PAD
    0x0800037c   0x0800037c   0x00000030   Code   RO         1808    .text               mc_w.l(init.o)
    0x080003ac   0x080003ac   0x000000ba   Code   RO         1810    .text               mf_w.l(depilogue.o)
    0x08000466   0x08000466   0x00000002   PAD
    0x08000468   0x08000468   0x00000002   Code   RO           17    .text.BusFault_Handler  stm32f7xx_it.o
    0x0800046a   0x0800046a   0x00000006   PAD
    0x08000470   0x08000470   0x00000002   Code   RO           23    .text.DebugMon_Handler  stm32f7xx_it.o
    0x08000472   0x08000472   0x00000006   PAD
    0x08000478   0x08000478   0x00000006   Code   RO           82    .text.Error_Handler  main.o
    0x0800047e   0x0800047e   0x00000002   PAD
    0x08000480   0x08000480   0x0000005c   Code   RO         1688    .text.GetAngle      xos_as5600.o
    0x080004dc   0x080004dc   0x00000004   PAD
    0x080004e0   0x080004e0   0x00000064   Code   RO         1690    .text.GetAngle_Without_Track  xos_as5600.o
    0x08000544   0x08000544   0x00000004   PAD
    0x08000548   0x08000548   0x000001b2   Code   RO          143    .text.HAL_ADC_ConfigChannel  stm32f7xx_hal_adc.o
    0x080006fa   0x080006fa   0x00000006   PAD
    0x08000700   0x08000700   0x00000160   Code   RO          101    .text.HAL_ADC_Init  stm32f7xx_hal_adc.o
    0x08000860   0x08000860   0x00000060   Code   RO           44    .text.HAL_ADC_MspInit  stm32f7xx_hal_msp.o
    0x080008c0   0x080008c0   0x00000028   Code   RO          523    .text.HAL_Delay     stm32f7xx_hal.o
    0x080008e8   0x080008e8   0x000001aa   Code   RO          306    .text.HAL_GPIO_Init  stm32f7xx_hal_gpio.o
    0x08000a92   0x08000a92   0x00000006   PAD
    0x08000a98   0x08000a98   0x0000000a   Code   RO          312    .text.HAL_GPIO_WritePin  stm32f7xx_hal_gpio.o
    0x08000aa2   0x08000aa2   0x00000006   PAD
    0x08000aa8   0x08000aa8   0x0000000c   Code   RO          515    .text.HAL_GetTick   stm32f7xx_hal.o
    0x08000ab4   0x08000ab4   0x00000004   PAD
    0x08000ab8   0x08000ab8   0x0000004a   Code   RO          729    .text.HAL_I2CEx_ConfigAnalogFilter  stm32f7xx_hal_i2c_ex.o
    0x08000b02   0x08000b02   0x00000006   PAD
    0x08000b08   0x08000b08   0x00000048   Code   RO          731    .text.HAL_I2CEx_ConfigDigitalFilter  stm32f7xx_hal_i2c_ex.o
    0x08000b50   0x08000b50   0x000000ae   Code   RO          575    .text.HAL_I2C_Init  stm32f7xx_hal_i2c.o
    0x08000bfe   0x08000bfe   0x00000002   PAD
    0x08000c00   0x08000c00   0x0000023c   Code   RO          635    .text.HAL_I2C_Mem_Read  stm32f7xx_hal_i2c.o
    0x08000e3c   0x08000e3c   0x00000004   PAD
    0x08000e40   0x08000e40   0x00000086   Code   RO           48    .text.HAL_I2C_MspInit  stm32f7xx_hal_msp.o
    0x08000ec6   0x08000ec6   0x00000002   PAD
    0x08000ec8   0x08000ec8   0x0000001a   Code   RO          513    .text.HAL_IncTick   stm32f7xx_hal.o
    0x08000ee2   0x08000ee2   0x00000006   PAD
    0x08000ee8   0x08000ee8   0x00000016   Code   RO          503    .text.HAL_Init      stm32f7xx_hal.o
    0x08000efe   0x08000efe   0x00000002   PAD
    0x08000f00   0x08000f00   0x00000048   Code   RO          505    .text.HAL_InitTick  stm32f7xx_hal.o
    0x08000f48   0x08000f48   0x00000032   Code   RO           42    .text.HAL_MspInit   stm32f7xx_hal_msp.o
    0x08000f7a   0x08000f7a   0x00000006   PAD
    0x08000f80   0x08000f80   0x00000020   Code   RO          457    .text.HAL_NVIC_EnableIRQ  stm32f7xx_hal_cortex.o
    0x08000fa0   0x08000fa0   0x0000005a   Code   RO          455    .text.HAL_NVIC_SetPriority  stm32f7xx_hal_cortex.o
    0x08000ffa   0x08000ffa   0x00000006   PAD
    0x08001000   0x08001000   0x00000020   Code   RO          453    .text.HAL_NVIC_SetPriorityGrouping  stm32f7xx_hal_cortex.o
    0x08001020   0x08001020   0x00000026   Code   RO         1468    .text.HAL_PCDEx_ActivateLPM  stm32f7xx_hal_pcd_ex.o
    0x08001046   0x08001046   0x00000002   PAD
    0x08001048   0x08001048   0x000002aa   Code   RO         1386    .text.HAL_PCD_Init  stm32f7xx_hal_pcd.o
    0x080012f2   0x080012f2   0x00000006   PAD
    0x080012f8   0x080012f8   0x000000bc   Code   RO           66    .text.HAL_PCD_MspInit  stm32f7xx_hal_msp.o
    0x080013b4   0x080013b4   0x00000004   PAD
    0x080013b8   0x080013b8   0x00000076   Code   RO          435    .text.HAL_PWREx_EnableOverDrive  stm32f7xx_hal_pwr_ex.o
    0x0800142e   0x0800142e   0x00000002   PAD
    0x08001430   0x08001430   0x00000012   Code   RO          379    .text.HAL_PWR_EnableBkUpAccess  stm32f7xx_hal_pwr.o
    0x08001442   0x08001442   0x00000006   PAD
    0x08001448   0x08001448   0x000005bc   Code   RO          233    .text.HAL_RCCEx_PeriphCLKConfig  stm32f7xx_hal_rcc_ex.o
    0x08001a04   0x08001a04   0x00000004   PAD
    0x08001a08   0x08001a08   0x000001d2   Code   RO          201    .text.HAL_RCC_ClockConfig  stm32f7xx_hal_rcc.o
    0x08001bda   0x08001bda   0x00000006   PAD
    0x08001be0   0x08001be0   0x00000026   Code   RO          213    .text.HAL_RCC_GetPCLK1Freq  stm32f7xx_hal_rcc.o
    0x08001c06   0x08001c06   0x00000002   PAD
    0x08001c08   0x08001c08   0x00000026   Code   RO          215    .text.HAL_RCC_GetPCLK2Freq  stm32f7xx_hal_rcc.o
    0x08001c2e   0x08001c2e   0x00000002   PAD
    0x08001c30   0x08001c30   0x0000006c   Code   RO          203    .text.HAL_RCC_GetSysClockFreq  stm32f7xx_hal_rcc.o
    0x08001c9c   0x08001c9c   0x00000004   PAD
    0x08001ca0   0x08001ca0   0x000003d8   Code   RO          199    .text.HAL_RCC_OscConfig  stm32f7xx_hal_rcc.o
    0x08002078   0x08002078   0x000000e0   Code   RO          771    .text.HAL_SPI_Init  stm32f7xx_hal_spi.o
    0x08002158   0x08002158   0x0000009c   Code   RO           52    .text.HAL_SPI_MspInit  stm32f7xx_hal_msp.o
    0x080021f4   0x080021f4   0x00000004   PAD
    0x080021f8   0x080021f8   0x0000002e   Code   RO          465    .text.HAL_SYSTICK_Config  stm32f7xx_hal_cortex.o
    0x08002226   0x08002226   0x00000002   PAD
    0x08002228   0x08002228   0x00000002   Code   RO         1205    .text.HAL_TIMEx_Break2Callback  stm32f7xx_hal_tim_ex.o
    0x0800222a   0x0800222a   0x00000006   PAD
    0x08002230   0x08002230   0x00000002   Code   RO         1203    .text.HAL_TIMEx_BreakCallback  stm32f7xx_hal_tim_ex.o
    0x08002232   0x08002232   0x00000006   PAD
    0x08002238   0x08002238   0x00000002   Code   RO         1199    .text.HAL_TIMEx_CommutCallback  stm32f7xx_hal_tim_ex.o
    0x0800223a   0x0800223a   0x00000006   PAD
    0x08002240   0x08002240   0x000000a0   Code   RO         1191    .text.HAL_TIMEx_ConfigBreakDeadTime  stm32f7xx_hal_tim_ex.o
    0x080022e0   0x080022e0   0x000000ce   Code   RO         1189    .text.HAL_TIMEx_MasterConfigSynchronization  stm32f7xx_hal_tim_ex.o
    0x080023ae   0x080023ae   0x00000002   PAD
    0x080023b0   0x080023b0   0x00000060   Code   RO          894    .text.HAL_TIM_Base_Init  stm32f7xx_hal_tim.o
    0x08002410   0x08002410   0x00000086   Code   RO           56    .text.HAL_TIM_Base_MspInit  stm32f7xx_hal_msp.o
    0x08002496   0x08002496   0x00000002   PAD
    0x08002498   0x08002498   0x000000b4   Code   RO          908    .text.HAL_TIM_Base_Start_IT  stm32f7xx_hal_tim.o
    0x0800254c   0x0800254c   0x00000004   PAD
    0x08002550   0x08002550   0x000001a0   Code   RO         1074    .text.HAL_TIM_ConfigClockSource  stm32f7xx_hal_tim.o
    0x080026f0   0x080026f0   0x00000002   Code   RO         1030    .text.HAL_TIM_IC_CaptureCallback  stm32f7xx_hal_tim.o
    0x080026f2   0x080026f2   0x00000006   PAD
    0x080026f8   0x080026f8   0x0000016c   Code   RO         1028    .text.HAL_TIM_IRQHandler  stm32f7xx_hal_tim.o
    0x08002864   0x08002864   0x00000004   PAD
    0x08002868   0x08002868   0x00000080   Code   RO           58    .text.HAL_TIM_MspPostInit  stm32f7xx_hal_msp.o
    0x080028e8   0x080028e8   0x0000028a   Code   RO         1040    .text.HAL_TIM_OC_ConfigChannel  stm32f7xx_hal_tim.o
    0x08002b72   0x08002b72   0x00000006   PAD
    0x08002b78   0x08002b78   0x00000002   Code   RO         1032    .text.HAL_TIM_OC_DelayElapsedCallback  stm32f7xx_hal_tim.o
    0x08002b7a   0x08002b7a   0x00000006   PAD
    0x08002b80   0x08002b80   0x00000060   Code   RO          922    .text.HAL_TIM_OC_Init  stm32f7xx_hal_tim.o
    0x08002be0   0x08002be0   0x00000002   Code   RO          924    .text.HAL_TIM_OC_MspInit  stm32f7xx_hal_tim.o
    0x08002be2   0x08002be2   0x00000006   PAD
    0x08002be8   0x08002be8   0x0000031c   Code   RO         1048    .text.HAL_TIM_PWM_ConfigChannel  stm32f7xx_hal_tim.o
    0x08002f04   0x08002f04   0x00000004   PAD
    0x08002f08   0x08002f08   0x00000060   Code   RO          948    .text.HAL_TIM_PWM_Init  stm32f7xx_hal_tim.o
    0x08002f68   0x08002f68   0x00000002   Code   RO          950    .text.HAL_TIM_PWM_MspInit  stm32f7xx_hal_tim.o
    0x08002f6a   0x08002f6a   0x00000006   PAD
    0x08002f70   0x08002f70   0x00000002   Code   RO         1034    .text.HAL_TIM_PWM_PulseFinishedCallback  stm32f7xx_hal_tim.o
    0x08002f72   0x08002f72   0x00000006   PAD
    0x08002f78   0x08002f78   0x00000174   Code   RO          956    .text.HAL_TIM_PWM_Start  stm32f7xx_hal_tim.o
    0x080030ec   0x080030ec   0x00000004   PAD
    0x080030f0   0x080030f0   0x00000018   Code   RO         1623    .text.HAL_TIM_PeriodElapsedCallback  xos_motor.o
    0x08003108   0x08003108   0x00000002   Code   RO         1038    .text.HAL_TIM_TriggerCallback  stm32f7xx_hal_tim.o
    0x0800310a   0x0800310a   0x00000006   PAD
    0x08003110   0x08003110   0x00000060   Code   RO         1219    .text.HAL_UART_Init  stm32f7xx_hal_uart.o
    0x08003170   0x08003170   0x00000116   Code   RO           62    .text.HAL_UART_MspInit  stm32f7xx_hal_msp.o
    0x08003286   0x08003286   0x00000002   PAD
    0x08003288   0x08003288   0x00000002   Code   RO           13    .text.HardFault_Handler  stm32f7xx_it.o
    0x0800328a   0x0800328a   0x00000006   PAD
    0x08003290   0x08003290   0x00000160   Code   RO          719    .text.I2C_IsErrorOccurred  stm32f7xx_hal_i2c.o
    0x080033f0   0x080033f0   0x000000e4   Code   RO          585    .text.I2C_WaitOnFlagUntilTimeout  stm32f7xx_hal_i2c.o
    0x080034d4   0x080034d4   0x00000004   PAD
    0x080034d8   0x080034d8   0x0000007c   Code   RO          589    .text.I2C_WaitOnSTOPFlagUntilTimeout  stm32f7xx_hal_i2c.o
    0x08003554   0x08003554   0x00000004   PAD
    0x08003558   0x08003558   0x00000098   Code   RO          587    .text.I2C_WaitOnTXISFlagUntilTimeout  stm32f7xx_hal_i2c.o
    0x080035f0   0x080035f0   0x00000002   Code   RO           15    .text.MemManage_Handler  stm32f7xx_it.o
    0x080035f2   0x080035f2   0x00000006   PAD
    0x080035f8   0x080035f8   0x00000002   Code   RO           11    .text.NMI_Handler   stm32f7xx_it.o
    0x080035fa   0x080035fa   0x00000006   PAD
    0x08003600   0x08003600   0x00000002   Code   RO           25    .text.PendSV_Handler  stm32f7xx_it.o
    0x08003602   0x08003602   0x00000006   PAD
    0x08003608   0x08003608   0x00000002   Code   RO           21    .text.SVC_Handler   stm32f7xx_it.o
    0x0800360a   0x0800360a   0x00000006   PAD
    0x08003610   0x08003610   0x0000000e   Code   RO           27    .text.SysTick_Handler  stm32f7xx_it.o
    0x0800361e   0x0800361e   0x00000002   PAD
    0x08003620   0x08003620   0x00000012   Code   RO         1588    .text.SystemInit    system_stm32f7xx.o
    0x08003632   0x08003632   0x00000006   PAD
    0x08003638   0x08003638   0x0000000c   Code   RO           29    .text.TIM1_BRK_TIM9_IRQHandler  stm32f7xx_it.o
    0x08003644   0x08003644   0x00000004   PAD
    0x08003648   0x08003648   0x0000000c   Code   RO           33    .text.TIM1_TRG_COM_TIM11_IRQHandler  stm32f7xx_it.o
    0x08003654   0x08003654   0x00000004   PAD
    0x08003658   0x08003658   0x0000000c   Code   RO           31    .text.TIM1_UP_TIM10_IRQHandler  stm32f7xx_it.o
    0x08003664   0x08003664   0x00000004   PAD
    0x08003668   0x08003668   0x0000014c   Code   RO          898    .text.TIM_Base_SetConfig  stm32f7xx_hal_tim.o
    0x080037b4   0x080037b4   0x00000004   PAD
    0x080037b8   0x080037b8   0x000000e0   Code   RO         1223    .text.UART_AdvFeatureConfig  stm32f7xx_hal_uart.o
    0x08003898   0x08003898   0x00000174   Code   RO         1227    .text.UART_CheckIdleState  stm32f7xx_hal_uart.o
    0x08003a0c   0x08003a0c   0x00000004   PAD
    0x08003a10   0x08003a10   0x0000023c   Code   RO         1225    .text.UART_SetConfig  stm32f7xx_hal_uart.o
    0x08003c4c   0x08003c4c   0x00000004   PAD
    0x08003c50   0x08003c50   0x00000358   Code   RO         1241    .text.UART_WaitOnFlagUntilTimeout  stm32f7xx_hal_uart.o
    0x08003fa8   0x08003fa8   0x00000202   Code   RO         1484    .text.USB_CoreInit  stm32f7xx_ll_usb.o
    0x080041aa   0x080041aa   0x00000006   PAD
    0x080041b0   0x080041b0   0x0000001e   Code   RO         1532    .text.USB_DevDisconnect  stm32f7xx_ll_usb.o
    0x080041ce   0x080041ce   0x00000002   PAD
    0x080041d0   0x080041d0   0x0000049e   Code   RO         1496    .text.USB_DevInit   stm32f7xx_ll_usb.o
    0x0800466e   0x0800466e   0x00000002   PAD
    0x08004670   0x08004670   0x0000000e   Code   RO         1490    .text.USB_DisableGlobalInt  stm32f7xx_ll_usb.o
    0x0800467e   0x0800467e   0x00000002   PAD
    0x08004680   0x08004680   0x00000368   Code   RO         1492    .text.USB_SetCurrentMode  stm32f7xx_ll_usb.o
    0x080049e8   0x080049e8   0x00000002   Code   RO           19    .text.UsageFault_Handler  stm32f7xx_it.o
    0x080049ea   0x080049ea   0x00000006   PAD
    0x080049f0   0x080049f0   0x000000be   Code   RO           80    .text._Z18SystemClock_Configv  main.o
    0x08004aae   0x08004aae   0x00000002   PAD
    0x08004ab0   0x08004ab0   0x00000524   Code   RO           78    .text.main          main.o
    0x08004fd4   0x08004fd4   0x00000004   PAD
    0x08004fd8   0x08004fd8   0x00000234   Code   RO         1609    .text.velocityOpenloop  xos_motor.o
    0x0800520c   0x0800520c   0x00000004   PAD
    0x08005210   0x08005210   0x0000004e   Code   RO         1607    .text.xo_SetSysTick  xos_motor.o
    0x0800525e   0x0800525e   0x00000002   PAD
    0x08005260   0x08005260   0x00000114   Code   RO         1603    .text.xos_motor_time_init  xos_motor.o
    0x08005374   0x08005374   0x00000030   Code   RO         1804    i.__ARM_fpclassify  m_wv.l(fpclassify.o)
    0x080053a4   0x080053a4   0x00000004   PAD
    0x080053a8   0x080053a8   0x000000b0   Code   RO         1716    i.__hardfp_cos      m_wv.l(cos.o)
    0x08005458   0x08005458   0x000000fc   Code   RO         1722    i.__hardfp_fmod     m_wv.l(fmod.o)
    0x08005554   0x08005554   0x00000004   PAD
    0x08005558   0x08005558   0x000000b0   Code   RO         1728    i.__hardfp_sin      m_wv.l(sin.o)
    0x08005608   0x08005608   0x00000308   Code   RO         1762    i.__ieee754_rem_pio2  m_wv.l(rred.o)
    0x08005910   0x08005910   0x000000c4   Code   RO         1745    i.__kernel_cos      m_wv.l(cos_i.o)
    0x080059d4   0x080059d4   0x00000070   Code   RO         1806    i.__kernel_poly     m_wv.l(poly.o)
    0x08005a44   0x08005a44   0x00000004   PAD
    0x08005a48   0x08005a48   0x000000a0   Code   RO         1767    i.__kernel_sin      m_wv.l(sin_i.o)
    0x08005ae8   0x08005ae8   0x00000018   Code   RO         1751    i.__mathlib_dbl_invalid  m_wv.l(dunder.o)
    0x08005b00   0x08005b00   0x00000018   Code   RO         1754    i.__mathlib_dbl_underflow  m_wv.l(dunder.o)
    0x08005b18   0x08005b18   0x0000000e   Code   RO         1814    i.__scatterload_copy  mc_w.l(handlers.o)
    0x08005b26   0x08005b26   0x00000002   Code   RO         1815    i.__scatterload_null  mc_w.l(handlers.o)
    0x08005b28   0x08005b28   0x0000000e   Code   RO         1816    i.__scatterload_zeroinit  mc_w.l(handlers.o)
    0x08005b36   0x08005b36   0x00000002   PAD
    0x08005b38   0x08005b38   0x0000000c   Code   RO         1790    i.__set_errno       mc_w.l(errno.o)
    0x08005b44   0x08005b44   0x00000018   Code   RO         1800    i.fabs              m_wv.l(fabs.o)
    0x08005b5c   0x08005b5c   0x00000004   PAD
    0x08005b60   0x08005b60   0x00000030   Data   RO         1746    .constdata          m_wv.l(cos_i.o)
    0x08005b90   0x08005b90   0x000000cc   Data   RO         1764    .constdata          m_wv.l(rred.o)
    0x08005c5c   0x08005c5c   0x00000004   PAD
    0x08005c60   0x08005c60   0x00000028   Data   RO         1768    .constdata          m_wv.l(sin_i.o)
    0x08005c88   0x08005c88   0x00000010   Data   RO         1593    .rodata.AHBPrescTable  system_stm32f7xx.o
    0x08005c98   0x08005c98   0x00000008   Data   RO         1594    .rodata.APBPrescTable  system_stm32f7xx.o
    0x08005ca0   0x08005ca0   0x00000020   Data   RO         1347    .rodata.cst16       stm32f7xx_hal_uart.o
    0x08005cc0   0x08005cc0   0x00000020   Data   RO         1813    Region$$Table       anon$$obj.o


    Execution Region RW_IRAM1 (Exec base: 0x20000000, Load base: 0x08005ce0, Size: 0x00000ff8, Max: 0x00080000, ABSOLUTE)

    Exec Addr    Load Addr    Size         Type   Attr      Idx    E Section Name        Object

    0x20000000   0x08005ce0   0x00000004   Data   RW         1791    .data               mc_w.l(errno.o)
    0x20000004   0x08005ce4   0x00000008   Data   RW          566    .data..L_MergedGlobals  stm32f7xx_hal.o
    0x2000000c   0x08005cec   0x00000008   Data   RW         1627    .data..L_MergedGlobals  xos_motor.o
    0x20000014   0x08005cf4   0x00000004   Data   RW         1592    .data.SystemCoreClock  system_stm32f7xx.o
    0x20000018        -       0x00000010   Zero   RW         1694    .bss..L_MergedGlobals  xos_as5600.o
    0x20000028        -       0x00000040   Zero   RW         1628    .bss..L_MergedGlobals.1  xos_motor.o
    0x20000068        -       0x00000048   Zero   RW           84    .bss.hadc1          main.o
    0x200000b0        -       0x00000054   Zero   RW           85    .bss.hi2c1          main.o
    0x20000104        -       0x000004e0   Zero   RW           91    .bss.hpcd_USB_OTG_FS  main.o
    0x200005e4        -       0x00000064   Zero   RW           86    .bss.hspi2          main.o
    0x20000648        -       0x0000004c   Zero   RW           87    .bss.htim1          main.o
    0x20000694        -       0x0000004c   Zero   RW           88    .bss.htim2          main.o
    0x200006e0        -       0x00000088   Zero   RW           89    .bss.huart1         main.o
    0x20000768        -       0x00000088   Zero   RW           90    .bss.huart3         main.o
    0x200007f0        -       0x00000004   Zero   RW          565    .bss.uwTick         stm32f7xx_hal.o
    0x200007f4        -       0x00000004   Zero   RW         1626    .bss.xos_jwangle    xos_motor.o
    0x200007f8        -       0x00000800   Zero   RW            1    STACK               startup_stm32f767xx.o


==============================================================================

Image component sizes


      Code (inc. data)   RO Data    RW Data    ZI Data      Debug   Object Name

      1512          0          0          0       1928      16459   main.o
        36          8        504          0       2048        824   startup_stm32f767xx.o
       172          0          0          8          4       8236   stm32f7xx_hal.o
       786          0          0          0          0      12042   stm32f7xx_hal_adc.o
       200          0          0          0          0      11701   stm32f7xx_hal_cortex.o
       436          0          0          0          0       5253   stm32f7xx_hal_gpio.o
      1602          0          0          0          0      61167   stm32f7xx_hal_i2c.o
       146          0          0          0          0       5605   stm32f7xx_hal_i2c_ex.o
      1164          0          0          0          0      21181   stm32f7xx_hal_msp.o
       682          0          0          0          0      17530   stm32f7xx_hal_pcd.o
        38          0          0          0          0       5246   stm32f7xx_hal_pcd_ex.o
        18          0          0          0          0       5331   stm32f7xx_hal_pwr.o
       118          0          0          0          0       5716   stm32f7xx_hal_pwr_ex.o
      1634          0          0          0          0       8493   stm32f7xx_hal_rcc.o
      1468          0          0          0          0       7257   stm32f7xx_hal_rcc_ex.o
       224          0          0          0          0      27496   stm32f7xx_hal_spi.o
      3410         38          0          0          0      61862   stm32f7xx_hal_tim.o
       372          0          0          0          0      24086   stm32f7xx_hal_tim_ex.o
      2120         22         32          0          0      35906   stm32f7xx_hal_uart.o
        66          0          0          0          0       4844   stm32f7xx_it.o
      2612          0          0          0          0      40017   stm32f7xx_ll_usb.o
        18          0         24          4          0       3389   system_stm32f7xx.o
       192         12          0          0         16       3767   xos_as5600.o
       942         28          0          8         68      10404   xos_motor.o

    ----------------------------------------------------------------------
     20272        120        592         20       4064     403812   Object Totals
         0          0         32          0          0          0   (incl. Generated)
       304         12          0          0          0          0   (incl. Padding)

    ----------------------------------------------------------------------

      Code (inc. data)   RO Data    RW Data    ZI Data      Debug   Library Member Name

       176         18          0          0          0        156   cos.o
       196         14         48          0          0        176   cos_i.o
        48         28          0          0          0        232   dunder.o
        24          0          0          0          0        124   fabs.o
       252          6          0          0          0        144   fmod.o
        48          0          0          0          0        124   fpclassify.o
       112          0          0          0          0        116   poly.o
       776        130        204          0          0        172   rred.o
       176         18          0          0          0        160   sin.o
       160         16         40          0          0        196   sin_i.o
         0          0          0          0          0          0   entry.o
         0          0          0          0          0          0   entry10a.o
         0          0          0          0          0          0   entry11a.o
         8          4          0          0          0          0   entry2.o
         4          0          0          0          0          0   entry5.o
         0          0          0          0          0          0   entry7b.o
         0          0          0          0          0          0   entry8b.o
         8          4          0          0          0          0   entry9a.o
        12          6          0          4          0         68   errno.o
        30          0          0          0          0          0   handlers.o
        48         10          0          0          0         68   init.o
         0          0          0          0          0          0   iusefp.o
        30          0          0          0          0         68   llshl.o
        32          0          0          0          0         68   llushr.o
        36          0          0          0          0        108   memseta.o
        98          0          0          0          0         92   uldiv.o
       186          0          0          0          0        176   depilogue.o
       134          0          0          0          0         96   drem.o

    ----------------------------------------------------------------------
      2616        258        296          4          0       2344   Library Totals
        22          4          4          0          0          0   (incl. Padding)

    ----------------------------------------------------------------------

      Code (inc. data)   RO Data    RW Data    ZI Data      Debug   Library Name

      1968        230        292          0          0       1600   m_wv.l
       306         24          0          4          0        472   mc_w.l
       320          0          0          0          0        272   mf_w.l

    ----------------------------------------------------------------------
      2616        258        296          4          0       2344   Library Totals

    ----------------------------------------------------------------------

==============================================================================


      Code (inc. data)   RO Data    RW Data    ZI Data      Debug   

     22888        378        888         24       4064     404660   Grand Totals
     22888        378        888         24       4064     404660   ELF Image Totals
     22888        378        888         24          0          0   ROM Totals

==============================================================================

    Total RO  Size (Code + RO Data)                23776 (  23.22kB)
    Total RW  Size (RW Data + ZI Data)              4088 (   3.99kB)
    Total ROM Size (Code + RO Data + RW Data)      23800 (  23.24kB)

==============================================================================

