Component: Arm Compiler for Embedded 6.21 Tool: armlink [5ec1fa00]

==============================================================================

Section Cross References

    startup_stm32f767xx.o(RESET) refers to startup_stm32f767xx.o(STACK) for __initial_sp
    startup_stm32f767xx.o(RESET) refers to startup_stm32f767xx.o(.text) for Reset_Handler
    startup_stm32f767xx.o(RESET) refers to stm32f7xx_it.o(.text.NMI_Handler) for NMI_Handler
    startup_stm32f767xx.o(RESET) refers to stm32f7xx_it.o(.text.HardFault_Handler) for HardFault_Handler
    startup_stm32f767xx.o(RESET) refers to stm32f7xx_it.o(.text.MemManage_Handler) for MemManage_Handler
    startup_stm32f767xx.o(RESET) refers to stm32f7xx_it.o(.text.BusFault_Handler) for BusFault_Handler
    startup_stm32f767xx.o(RESET) refers to stm32f7xx_it.o(.text.UsageFault_Handler) for UsageFault_Handler
    startup_stm32f767xx.o(RESET) refers to stm32f7xx_it.o(.text.SVC_Handler) for SVC_Handler
    startup_stm32f767xx.o(RESET) refers to stm32f7xx_it.o(.text.DebugMon_Handler) for DebugMon_Handler
    startup_stm32f767xx.o(RESET) refers to stm32f7xx_it.o(.text.PendSV_Handler) for PendSV_Handler
    startup_stm32f767xx.o(RESET) refers to stm32f7xx_it.o(.text.SysTick_Handler) for SysTick_Handler
    startup_stm32f767xx.o(RESET) refers to stm32f7xx_it.o(.text.TIM1_BRK_TIM9_IRQHandler) for TIM1_BRK_TIM9_IRQHandler
    startup_stm32f767xx.o(RESET) refers to stm32f7xx_it.o(.text.TIM1_UP_TIM10_IRQHandler) for TIM1_UP_TIM10_IRQHandler
    startup_stm32f767xx.o(RESET) refers to stm32f7xx_it.o(.text.TIM1_TRG_COM_TIM11_IRQHandler) for TIM1_TRG_COM_TIM11_IRQHandler
    startup_stm32f767xx.o(.text) refers to system_stm32f7xx.o(.text.SystemInit) for SystemInit
    startup_stm32f767xx.o(.text) refers to entry.o(.ARM.Collect$$$$00000000) for __main
    main.o(.text.main) refers to stm32f7xx_hal.o(.text.HAL_Init) for HAL_Init
    main.o(.text.main) refers to main.o(.text.SystemClock_Config) for SystemClock_Config
    main.o(.text.main) refers to stm32f7xx_hal_gpio.o(.text.HAL_GPIO_WritePin) for HAL_GPIO_WritePin
    main.o(.text.main) refers to stm32f7xx_hal_gpio.o(.text.HAL_GPIO_Init) for HAL_GPIO_Init
    main.o(.text.main) refers to xos_as5600.o(.text.xos_as5600_Init) for xos_as5600_Init
    main.o(.text.main) refers to memseta.o(.text) for __aeabi_memclr4
    main.o(.text.main) refers to main.o(.bss.htim1) for htim1
    main.o(.text.main) refers to stm32f7xx_hal_tim.o(.text.HAL_TIM_Base_Init) for HAL_TIM_Base_Init
    main.o(.text.main) refers to stm32f7xx_hal_tim.o(.text.HAL_TIM_ConfigClockSource) for HAL_TIM_ConfigClockSource
    main.o(.text.main) refers to stm32f7xx_hal_tim.o(.text.HAL_TIM_PWM_Init) for HAL_TIM_PWM_Init
    main.o(.text.main) refers to stm32f7xx_hal_tim_ex.o(.text.HAL_TIMEx_MasterConfigSynchronization) for HAL_TIMEx_MasterConfigSynchronization
    main.o(.text.main) refers to stm32f7xx_hal_tim.o(.text.HAL_TIM_PWM_ConfigChannel) for HAL_TIM_PWM_ConfigChannel
    main.o(.text.main) refers to stm32f7xx_hal_tim_ex.o(.text.HAL_TIMEx_ConfigBreakDeadTime) for HAL_TIMEx_ConfigBreakDeadTime
    main.o(.text.main) refers to stm32f7xx_hal_tim.o(.text.HAL_TIM_Base_Start_IT) for HAL_TIM_Base_Start_IT
    main.o(.text.main) refers to main.o(.bss.huart1) for huart1
    main.o(.text.main) refers to stm32f7xx_hal_uart.o(.text.HAL_UART_Init) for HAL_UART_Init
    main.o(.text.main) refers to main.o(.bss.huart3) for huart3
    main.o(.text.main) refers to main.o(.bss.hpcd_USB_OTG_FS) for hpcd_USB_OTG_FS
    main.o(.text.main) refers to stm32f7xx_hal_pcd.o(.text.HAL_PCD_Init) for HAL_PCD_Init
    main.o(.text.main) refers to main.o(.bss..L_MergedGlobals) for .L_MergedGlobals
    main.o(.text.main) refers to stm32f7xx_hal_adc.o(.text.HAL_ADC_Init) for HAL_ADC_Init
    main.o(.text.main) refers to stm32f7xx_hal_adc.o(.text.HAL_ADC_ConfigChannel) for HAL_ADC_ConfigChannel
    main.o(.text.main) refers to main.o(.bss.hspi2) for hspi2
    main.o(.text.main) refers to stm32f7xx_hal_spi.o(.text.HAL_SPI_Init) for HAL_SPI_Init
    main.o(.text.main) refers to xos_motor.o(.text.xos_motor_time_init) for xos_motor_time_init
    main.o(.text.main) refers to xos_as5600.o(.text.GetAngle_Without_Track) for GetAngle_Without_Track
    main.o(.text.main) refers to stm32f7xx_hal.o(.text.HAL_Delay) for HAL_Delay
    main.o(.ARM.exidx.text.main) refers to main.o(.text.main) for [Anonymous Symbol]
    main.o(.text.SystemClock_Config) refers to stm32f7xx_hal_pwr.o(.text.HAL_PWR_EnableBkUpAccess) for HAL_PWR_EnableBkUpAccess
    main.o(.text.SystemClock_Config) refers to stm32f7xx_hal_rcc.o(.text.HAL_RCC_OscConfig) for HAL_RCC_OscConfig
    main.o(.text.SystemClock_Config) refers to stm32f7xx_hal_pwr_ex.o(.text.HAL_PWREx_EnableOverDrive) for HAL_PWREx_EnableOverDrive
    main.o(.text.SystemClock_Config) refers to stm32f7xx_hal_rcc.o(.text.HAL_RCC_ClockConfig) for HAL_RCC_ClockConfig
    main.o(.ARM.exidx.text.SystemClock_Config) refers to main.o(.text.SystemClock_Config) for [Anonymous Symbol]
[...]
    Removing xos_motor_pid.o(.ARM.exidx.text.xos_PeriodElapsedCallback), (8 bytes).
    Removing xos_motor_pid.o(.text.PID_operator), (188 bytes).
    Removing xos_motor_pid.o(.ARM.exidx.text.PID_operator), (8 bytes).
    Removing xos_motor_pid.o(.bss.open_loop_timestamp), (4 bytes).
    Removing xos_motor_pid.o(.data.voltage_limit), (4 bytes).
    Removing xos_motor_pid.o(.bss.index1), (4 bytes).
    Removing xos_motor_pid.o(.data.motor_target), (4 bytes).
    Removing xos_motor_pid.o(.data.Kp), (4 bytes).
    Removing xos_motor_pid.o(.rodata.adc_range), (4 bytes).
    Removing xos_motor_pid.o(.rodata.Vref), (8 bytes).
    Removing xos_motor_pid.o(.rodata.Rsense), (8 bytes).
    Removing xos_motor_pid.o(.bss.raw1), (2 bytes).
    Removing xos_motor_pid.o(.bss.raw2), (2 bytes).
    Removing xos_motor_pid.o(.bss.raw3), (2 bytes).
    Removing xos_as5600.o(.text), (0 bytes).
    Removing xos_as5600.o(.text.AS5600_Write_Reg), (42 bytes).
    Removing xos_as5600.o(.ARM.exidx.text.AS5600_Write_Reg), (8 bytes).
    Removing xos_as5600.o(.text.AS5600_Write_Regs), (38 bytes).
    Removing xos_as5600.o(.ARM.exidx.text.AS5600_Write_Regs), (8 bytes).
    Removing xos_as5600.o(.text.AS5600_Read_Reg), (38 bytes).
    Removing xos_as5600.o(.ARM.exidx.text.AS5600_Read_Reg), (8 bytes).
    Removing xos_as5600.o(.text.myabs), (10 bytes).
    Removing xos_as5600.o(.ARM.exidx.text.myabs), (8 bytes).
    Removing xos_as5600.o(.text.GetAngle), (92 bytes).
    Removing xos_as5600.o(.ARM.exidx.text.GetAngle), (8 bytes).
    Removing xos_as5600.o(.ARM.exidx.text.GetAngle_Without_Track), (8 bytes).
    Removing xos_as5600.o(.ARM.exidx.text.xos_as5600_Init), (8 bytes).
    Removing dadd.o(.text), (334 bytes).
    Removing dmul.o(.text), (228 bytes).
    Removing ddiv.o(.text), (222 bytes).
    Removing dfixul.o(.text), (48 bytes).
    Removing cdrcmple.o(.text), (48 bytes).

1371 unused section(s) (total 95174 bytes) removed from the image.

==============================================================================

Image Symbol Table

    Local Symbols

    Symbol Name                              Value     Ov Type        Size  Object(Section)

    ../clib/division.s                       0x00000000   Number         0  aeabi_sdiv.o ABSOLUTE
    ../clib/microlib/division.c              0x00000000   Number         0  uldiv.o ABSOLUTE
    ../clib/microlib/division.c              0x00000000   Number         0  uidiv.o ABSOLUTE
    ../clib/microlib/errno.c                 0x00000000   Number         0  errno.o ABSOLUTE
    ../clib/microlib/init/entry.s            0x00000000   Number         0  entry.o ABSOLUTE
    ../clib/microlib/init/entry.s            0x00000000   Number         0  entry2.o ABSOLUTE
    ../clib/microlib/init/entry.s            0x00000000   Number         0  entry5.o ABSOLUTE
    ../clib/microlib/init/entry.s            0x00000000   Number         0  entry7a.o ABSOLUTE
    ../clib/microlib/init/entry.s            0x00000000   Number         0  entry7b.o ABSOLUTE
    ../clib/microlib/init/entry.s            0x00000000   Number         0  entry8a.o ABSOLUTE
    ../clib/microlib/init/entry.s            0x00000000   Number         0  entry8b.o ABSOLUTE
    ../clib/microlib/init/entry.s            0x00000000   Number         0  entry9a.o ABSOLUTE
    ../clib/microlib/init/entry.s            0x00000000   Number         0  entry9b.o ABSOLUTE
    ../clib/microlib/init/entry.s            0x00000000   Number         0  entry10a.o ABSOLUTE
    ../clib/microlib/init/entry.s            0x00000000   Number         0  entry10b.o ABSOLUTE
    ../clib/microlib/init/entry.s            0x00000000   Number         0  entry11a.o ABSOLUTE
    ../clib/microlib/init/entry.s            0x00000000   Number         0  entry11b.o ABSOLUTE
    ../clib/microlib/longlong.c              0x00000000   Number         0  llshl.o ABSOLUTE
    ../clib/microlib/longlong.c              0x00000000   Number         0  llushr.o ABSOLUTE
    ../clib/microlib/longlong.c              0x00000000   Number         0  llsshr.o ABSOLUTE
    ../clib/microlib/printf/printf.c         0x00000000   Number         0  printfb.o ABSOLUTE
    ../clib/microlib/printf/printf.c         0x00000000   Number         0  printf0.o ABSOLUTE
    ../clib/microlib/printf/printf.c         0x00000000   Number         0  printf1.o ABSOLUTE
    ../clib/microlib/printf/printf.c         0x00000000   Number         0  printf2.o ABSOLUTE
    ../clib/microlib/printf/printf.c         0x00000000   Number         0  printf3.o ABSOLUTE
    ../clib/microlib/printf/printf.c         0x00000000   Number         0  printf4.o ABSOLUTE
    ../clib/microlib/printf/printf.c         0x00000000   Number         0  printf5.o ABSOLUTE
    ../clib/microlib/printf/printf.c         0x00000000   Number         0  printf6.o ABSOLUTE
    ../clib/microlib/printf/printf.c         0x00000000   Number         0  printf7.o ABSOLUTE
    ../clib/microlib/printf/printf.c         0x00000000   Number         0  printf8.o ABSOLUTE
    ../clib/microlib/printf/printf.c         0x00000000   Number         0  printfa.o ABSOLUTE
    ../clib/microlib/printf/stubs.s          0x00000000   Number         0  printfstubs.o ABSOLUTE
    ../clib/microlib/stdio/fputc.c           0x00000000   Number         0  fputc.o ABSOLUTE
    ../clib/microlib/stdio/fputc.c           0x00000000   Number         0  fputc_h.o ABSOLUTE
    ../clib/microlib/stdio/semi.s            0x00000000   Number         0  semi.o ABSOLUTE
    ../clib/microlib/stdio/streams.c         0x00000000   Number         0  stdout.o ABSOLUTE
    ../clib/microlib/string/memcpy.c         0x00000000   Number         0  memcpya.o ABSOLUTE
    ../clib/microlib/string/memcpy.c         0x00000000   Number         0  memcpyb.o ABSOLUTE
    ../clib/microlib/string/memset.c         0x00000000   Number         0  memseta.o ABSOLUTE
    ../clib/microlib/stubs.s                 0x00000000   Number         0  iusefp.o ABSOLUTE
    ../clib/microlib/stubs.s                 0x00000000   Number         0  iusesemip.o ABSOLUTE
    ../fplib/microlib/fpadd.c                0x00000000   Number         0  dadd.o ABSOLUTE
    ../fplib/microlib/fpdiv.c                0x00000000   Number         0  ddiv.o ABSOLUTE
    ../fplib/microlib/fpepilogue.c           0x00000000   Number         0  depilogue.o ABSOLUTE
    ../fplib/microlib/fpfix.c                0x00000000   Number         0  dfixul.o ABSOLUTE
    ../fplib/microlib/fpmul.c                0x00000000   Number         0  dmul.o ABSOLUTE
    ../fplib/microlib/fprem.c                0x00000000   Number         0  drem.o ABSOLUTE
    ../mathlib/cos.c                         0x00000000   Number         0  cos.o ABSOLUTE
    ../mathlib/cos_i.c                       0x00000000   Number         0  cos_i.o ABSOLUTE
    ../mathlib/dunder.c                      0x00000000   Number         0  dunder.o ABSOLUTE
    ../mathlib/fabs.c                        0x00000000   Number         0  fabs.o ABSOLUTE
    ../mathlib/fmod.c                        0x00000000   Number         0  fmod.o ABSOLUTE
    ../mathlib/fpclassify.c                  0x00000000   Number         0  fpclassify.o ABSOLUTE
    ../mathlib/poly.c                        0x00000000   Number         0  poly.o ABSOLUTE
    ../mathlib/rred.c                        0x00000000   Number         0  rred.o ABSOLUTE
    ../mathlib/sin.c                         0x00000000   Number         0  sin.o ABSOLUTE
    ../mathlib/sin_i.c                       0x00000000   Number         0  sin_i.o ABSOLUTE
    cdrcmple.s                               0x00000000   Number         0  cdrcmple.o ABSOLUTE
    dc.s                                     0x00000000   Number         0  dc.o ABSOLUTE
    handlers.s                               0x00000000   Number         0  handlers.o ABSOLUTE
    init.s                                   0x00000000   Number         0  init.o ABSOLUTE
    main.c                                   0x00000000   Number         0  main.o ABSOLUTE
    startup_stm32f767xx.s                    0x00000000   Number         0  startup_stm32f767xx.o ABSOLUTE
    stm32f7xx_hal.c                          0x00000000   Number         0  stm32f7xx_hal.o ABSOLUTE
    stm32f7xx_hal_adc.c                      0x00000000   Number         0  stm32f7xx_hal_adc.o ABSOLUTE
    stm32f7xx_hal_adc_ex.c                   0x00000000   Number         0  stm32f7xx_hal_adc_ex.o ABSOLUTE
    stm32f7xx_hal_cortex.c                   0x00000000   Number         0  stm32f7xx_hal_cortex.o ABSOLUTE
    stm32f7xx_hal_dma.c                      0x00000000   Number         0  stm32f7xx_hal_dma.o ABSOLUTE
    stm32f7xx_hal_dma_ex.c                   0x00000000   Number         0  stm32f7xx_hal_dma_ex.o ABSOLUTE
    stm32f7xx_hal_exti.c                     0x00000000   Number         0  stm32f7xx_hal_exti.o ABSOLUTE
    stm32f7xx_hal_flash.c                    0x00000000   Number         0  stm32f7xx_hal_flash.o ABSOLUTE
    stm32f7xx_hal_flash_ex.c                 0x00000000   Number         0  stm32f7xx_hal_flash_ex.o ABSOLUTE
    stm32f7xx_hal_gpio.c                     0x00000000   Number         0  stm32f7xx_hal_gpio.o ABSOLUTE
    stm32f7xx_hal_i2c.c                      0x00000000   Number         0  stm32f7xx_hal_i2c.o ABSOLUTE
    stm32f7xx_hal_i2c_ex.c                   0x00000000   Number         0  stm32f7xx_hal_i2c_ex.o ABSOLUTE
    stm32f7xx_hal_msp.c                      0x00000000   Number         0  stm32f7xx_hal_msp.o ABSOLUTE
    stm32f7xx_hal_pcd.c                      0x00000000   Number         0  stm32f7xx_hal_pcd.o ABSOLUTE
    stm32f7xx_hal_pcd_ex.c                   0x00000000   Number         0  stm32f7xx_hal_pcd_ex.o ABSOLUTE
    stm32f7xx_hal_pwr.c                      0x00000000   Number         0  stm32f7xx_hal_pwr.o ABSOLUTE
    stm32f7xx_hal_pwr_ex.c                   0x00000000   Number         0  stm32f7xx_hal_pwr_ex.o ABSOLUTE
    stm32f7xx_hal_rcc.c                      0x00000000   Number         0  stm32f7xx_hal_rcc.o ABSOLUTE
    stm32f7xx_hal_rcc_ex.c                   0x00000000   Number         0  stm32f7xx_hal_rcc_ex.o ABSOLUTE
    stm32f7xx_hal_spi.c                      0x00000000   Number         0  stm32f7xx_hal_spi.o ABSOLUTE
    stm32f7xx_hal_spi_ex.c                   0x00000000   Number         0  stm32f7xx_hal_spi_ex.o ABSOLUTE
    stm32f7xx_hal_tim.c                      0x00000000   Number         0  stm32f7xx_hal_tim.o ABSOLUTE
    stm32f7xx_hal_tim_ex.c                   0x00000000   Number         0  stm32f7xx_hal_tim_ex.o ABSOLUTE
    stm32f7xx_hal_uart.c                     0x00000000   Number         0  stm32f7xx_hal_uart.o ABSOLUTE
    stm32f7xx_hal_uart_ex.c                  0x00000000   Number         0  stm32f7xx_hal_uart_ex.o ABSOLUTE
    stm32f7xx_it.c                           0x00000000   Number         0  stm32f7xx_it.o ABSOLUTE
    stm32f7xx_ll_usb.c                       0x00000000   Number         0  stm32f7xx_ll_usb.o ABSOLUTE
    system_stm32f7xx.c                       0x00000000   Number         0  system_stm32f7xx.o ABSOLUTE
    xos_as5048a.c                            0x00000000   Number         0  xos_as5048a.o ABSOLUTE
    xos_as5600.c                             0x00000000   Number         0  xos_as5600.o ABSOLUTE
    xos_current_sensor.c                     0x00000000   Number         0  xos_current_sensor.o ABSOLUTE
    xos_lowpass_filter.c                     0x00000000   Number         0  xos_lowpass_filter.o ABSOLUTE
    xos_motor.c                              0x00000000   Number         0  xos_motor.o ABSOLUTE
    xos_motor_pid.c                          0x00000000   Number         0  xos_motor_pid.o ABSOLUTE
    RESET                                    0x08000000   Section      504  startup_stm32f767xx.o(RESET)
    .ARM.Collect$$$$00000000                 0x080001f8   Section        0  entry.o(.ARM.Collect$$$$00000000)
    .ARM.Collect$$$$00000001                 0x080001f8   Section        4  entry2.o(.ARM.Collect$$$$00000001)
    .ARM.Collect$$$$00000004                 0x080001fc   Section        4  entry5.o(.ARM.Collect$$$$00000004)
    .ARM.Collect$$$$00000008                 0x08000200   Section        0  entry7b.o(.ARM.Collect$$$$00000008)
    .ARM.Collect$$$$0000000A                 0x08000200   Section        0  entry8b.o(.ARM.Collect$$$$0000000A)
    .ARM.Collect$$$$0000000B                 0x08000200   Section        8  entry9a.o(.ARM.Collect$$$$0000000B)
    __lit__00000000                          0x08000208   Data           4  entry2.o(.ARM.Collect$$$$00002712)
    .ARM.Collect$$$$0000000D                 0x08000208   Section        0  entry10a.o(.ARM.Collect$$$$0000000D)
    .ARM.Collect$$$$0000000F                 0x08000208   Section        0  entry11a.o(.ARM.Collect$$$$0000000F)
    .ARM.Collect$$$$00002712                 0x08000208   Section        4  entry2.o(.ARM.Collect$$$$00002712)
    $v0                                      0x0800020c   Number         0  startup_stm32f767xx.o(.text)
    .text                                    0x0800020c   Section       36  startup_stm32f767xx.o(.text)
    .text                                    0x08000230   Section        0  uldiv.o(.text)
    .text                                    0x08000292   Section        0  memseta.o(.text)
    .text                                    0x080002b6   Section        0  llshl.o(.text)
    .text                                    0x080002d4   Section        0  llushr.o(.text)
    .text                                    0x080002f4   Section        0  iusefp.o(.text)
    .text                                    0x080002f4   Section        0  drem.o(.text)
    .text                                    0x0800037c   Section       48  init.o(.text)
    .text                                    0x080003ac   Section        0  depilogue.o(.text)
    [Anonymous Symbol]                       0x08000468   Section        0  stm32f7xx_it.o(.text.BusFault_Handler)
    [Anonymous Symbol]                       0x08000470   Section        0  stm32f7xx_it.o(.text.DebugMon_Handler)
    [Anonymous Symbol]                       0x08000478   Section        0  main.o(.text.Error_Handler)
    [Anonymous Symbol]                       0x08000488   Section        0  xos_as5600.o(.text.GetAngle_Without_Track)
    [Anonymous Symbol]                       0x080004e8   Section        0  stm32f7xx_hal_adc.o(.text.HAL_ADC_ConfigChannel)
    [Anonymous Symbol]                       0x080006a0   Section        0  stm32f7xx_hal_adc.o(.text.HAL_ADC_Init)
    [Anonymous Symbol]                       0x08000800   Section        0  stm32f7xx_hal_msp.o(.text.HAL_ADC_MspInit)
    [Anonymous Symbol]                       0x08000860   Section        0  stm32f7xx_hal.o(.text.HAL_Delay)
    [Anonymous Symbol]                       0x08000888   Section        0  stm32f7xx_hal_gpio.o(.text.HAL_GPIO_Init)
    [Anonymous Symbol]                       0x08000a38   Section        0  stm32f7xx_hal_gpio.o(.text.HAL_GPIO_WritePin)
    [Anonymous Symbol]                       0x08000a48   Section        0  stm32f7xx_hal.o(.text.HAL_GetTick)
    [Anonymous Symbol]                       0x08000a58   Section        0  stm32f7xx_hal_i2c_ex.o(.text.HAL_I2CEx_ConfigAnalogFilter)
    [Anonymous Symbol]                       0x08000aa8   Section        0  stm32f7xx_hal_i2c_ex.o(.text.HAL_I2CEx_ConfigDigitalFilter)
    [Anonymous Symbol]                       0x08000af0   Section        0  stm32f7xx_hal_i2c.o(.text.HAL_I2C_Init)
    [Anonymous Symbol]                       0x08000ba0   Section        0  stm32f7xx_hal_i2c.o(.text.HAL_I2C_Mem_Read)
    [Anonymous Symbol]                       0x08000de0   Section        0  stm32f7xx_hal_msp.o(.text.HAL_I2C_MspInit)
    [Anonymous Symbol]                       0x08000e68   Section        0  stm32f7xx_hal.o(.text.HAL_IncTick)
    [Anonymous Symbol]                       0x08000e88   Section        0  stm32f7xx_hal.o(.text.HAL_Init)
    [Anonymous Symbol]                       0x08000ea0   Section        0  stm32f7xx_hal.o(.text.HAL_InitTick)
    [Anonymous Symbol]                       0x08000ee8   Section        0  stm32f7xx_hal_msp.o(.text.HAL_MspInit)
    [Anonymous Symbol]                       0x08000f20   Section        0  stm32f7xx_hal_cortex.o(.text.HAL_NVIC_EnableIRQ)
    [Anonymous Symbol]                       0x08000f40   Section        0  stm32f7xx_hal_cortex.o(.text.HAL_NVIC_SetPriority)
    [Anonymous Symbol]                       0x08000fa0   Section        0  stm32f7xx_hal_cortex.o(.text.HAL_NVIC_SetPriorityGrouping)
    [Anonymous Symbol]                       0x08000fc0   Section        0  stm32f7xx_hal_pcd_ex.o(.text.HAL_PCDEx_ActivateLPM)
    [Anonymous Symbol]                       0x08000fe8   Section        0  stm32f7xx_hal_pcd.o(.text.HAL_PCD_Init)
    [Anonymous Symbol]                       0x08001298   Section        0  stm32f7xx_hal_msp.o(.text.HAL_PCD_MspInit)
    [Anonymous Symbol]                       0x08001358   Section        0  stm32f7xx_hal_pwr_ex.o(.text.HAL_PWREx_EnableOverDrive)
    [Anonymous Symbol]                       0x080013d0   Section        0  stm32f7xx_hal_pwr.o(.text.HAL_PWR_EnableBkUpAccess)
    [Anonymous Symbol]                       0x080013e8   Section        0  stm32f7xx_hal_rcc_ex.o(.text.HAL_RCCEx_PeriphCLKConfig)
    [Anonymous Symbol]                       0x080019a8   Section        0  stm32f7xx_hal_rcc.o(.text.HAL_RCC_ClockConfig)
    [Anonymous Symbol]                       0x08001b80   Section        0  stm32f7xx_hal_rcc.o(.text.HAL_RCC_GetPCLK1Freq)
    [Anonymous Symbol]                       0x08001ba8   Section        0  stm32f7xx_hal_rcc.o(.text.HAL_RCC_GetPCLK2Freq)
    [Anonymous Symbol]                       0x08001bd0   Section        0  stm32f7xx_hal_rcc.o(.text.HAL_RCC_GetSysClockFreq)
    [Anonymous Symbol]                       0x08001c40   Section        0  stm32f7xx_hal_rcc.o(.text.HAL_RCC_OscConfig)
    [Anonymous Symbol]                       0x08002018   Section        0  stm32f7xx_hal_spi.o(.text.HAL_SPI_Init)
    [Anonymous Symbol]                       0x080020f8   Section        0  stm32f7xx_hal_msp.o(.text.HAL_SPI_MspInit)
    [Anonymous Symbol]                       0x08002198   Section        0  stm32f7xx_hal_cortex.o(.text.HAL_SYSTICK_Config)
    [Anonymous Symbol]                       0x080021c8   Section        0  stm32f7xx_hal_tim_ex.o(.text.HAL_TIMEx_Break2Callback)
    [Anonymous Symbol]                       0x080021d0   Section        0  stm32f7xx_hal_tim_ex.o(.text.HAL_TIMEx_BreakCallback)
    [Anonymous Symbol]                       0x080021d8   Section        0  stm32f7xx_hal_tim_ex.o(.text.HAL_TIMEx_CommutCallback)
    [Anonymous Symbol]                       0x080021e0   Section        0  stm32f7xx_hal_tim_ex.o(.text.HAL_TIMEx_ConfigBreakDeadTime)
    [Anonymous Symbol]                       0x08002280   Section        0  stm32f7xx_hal_tim_ex.o(.text.HAL_TIMEx_MasterConfigSynchronization)
    [Anonymous Symbol]                       0x08002350   Section        0  stm32f7xx_hal_tim.o(.text.HAL_TIM_Base_Init)
    [Anonymous Symbol]                       0x080023b0   Section        0  stm32f7xx_hal_msp.o(.text.HAL_TIM_Base_MspInit)
    [Anonymous Symbol]                       0x08002438   Section        0  stm32f7xx_hal_tim.o(.text.HAL_TIM_Base_Start_IT)
    [Anonymous Symbol]                       0x080024f0   Section        0  stm32f7xx_hal_tim.o(.text.HAL_TIM_ConfigClockSource)
    [Anonymous Symbol]                       0x08002690   Section        0  stm32f7xx_hal_tim.o(.text.HAL_TIM_IC_CaptureCallback)
    [Anonymous Symbol]                       0x08002698   Section        0  stm32f7xx_hal_tim.o(.text.HAL_TIM_IRQHandler)
    [Anonymous Symbol]                       0x08002808   Section        0  stm32f7xx_hal_msp.o(.text.HAL_TIM_MspPostInit)
    [Anonymous Symbol]                       0x08002888   Section        0  stm32f7xx_hal_tim.o(.text.HAL_TIM_OC_ConfigChannel)
    [Anonymous Symbol]                       0x08002b18   Section        0  stm32f7xx_hal_tim.o(.text.HAL_TIM_OC_DelayElapsedCallback)
    [Anonymous Symbol]                       0x08002b20   Section        0  stm32f7xx_hal_tim.o(.text.HAL_TIM_OC_Init)
    [Anonymous Symbol]                       0x08002b80   Section        0  stm32f7xx_hal_tim.o(.text.HAL_TIM_OC_MspInit)
    [Anonymous Symbol]                       0x08002b88   Section        0  stm32f7xx_hal_tim.o(.text.HAL_TIM_PWM_ConfigChannel)
    [Anonymous Symbol]                       0x08002ea8   Section        0  stm32f7xx_hal_tim.o(.text.HAL_TIM_PWM_Init)
    [Anonymous Symbol]                       0x08002f08   Section        0  stm32f7xx_hal_tim.o(.text.HAL_TIM_PWM_MspInit)
    [Anonymous Symbol]                       0x08002f10   Section        0  stm32f7xx_hal_tim.o(.text.HAL_TIM_PWM_PulseFinishedCallback)
    [Anonymous Symbol]                       0x08002f18   Section        0  stm32f7xx_hal_tim.o(.text.HAL_TIM_PWM_Start)
    [Anonymous Symbol]                       0x08003090   Section        0  xos_motor.o(.text.HAL_TIM_PeriodElapsedCallback)
    [Anonymous Symbol]                       0x08003098   Section        0  stm32f7xx_hal_tim.o(.text.HAL_TIM_TriggerCallback)
    [Anonymous Symbol]                       0x080030a0   Section        0  stm32f7xx_hal_uart.o(.text.HAL_UART_Init)
    [Anonymous Symbol]                       0x08003100   Section        0  stm32f7xx_hal_msp.o(.text.HAL_UART_MspInit)
    [Anonymous Symbol]                       0x08003218   Section        0  stm32f7xx_it.o(.text.HardFault_Handler)
    I2C_IsErrorOccurred                      0x08003221   Thumb Code   352  stm32f7xx_hal_i2c.o(.text.I2C_IsErrorOccurred)
    [Anonymous Symbol]                       0x08003220   Section        0  stm32f7xx_hal_i2c.o(.text.I2C_IsErrorOccurred)
    I2C_WaitOnFlagUntilTimeout               0x08003381   Thumb Code   228  stm32f7xx_hal_i2c.o(.text.I2C_WaitOnFlagUntilTimeout)
    [Anonymous Symbol]                       0x08003380   Section        0  stm32f7xx_hal_i2c.o(.text.I2C_WaitOnFlagUntilTimeout)
    I2C_WaitOnSTOPFlagUntilTimeout           0x08003469   Thumb Code   124  stm32f7xx_hal_i2c.o(.text.I2C_WaitOnSTOPFlagUntilTimeout)
    [Anonymous Symbol]                       0x08003468   Section        0  stm32f7xx_hal_i2c.o(.text.I2C_WaitOnSTOPFlagUntilTimeout)
    I2C_WaitOnTXISFlagUntilTimeout           0x080034e9   Thumb Code   152  stm32f7xx_hal_i2c.o(.text.I2C_WaitOnTXISFlagUntilTimeout)
    [Anonymous Symbol]                       0x080034e8   Section        0  stm32f7xx_hal_i2c.o(.text.I2C_WaitOnTXISFlagUntilTimeout)
    [Anonymous Symbol]                       0x08003580   Section        0  stm32f7xx_it.o(.text.MemManage_Handler)
    [Anonymous Symbol]                       0x08003588   Section        0  stm32f7xx_it.o(.text.NMI_Handler)
    [Anonymous Symbol]                       0x08003590   Section        0  stm32f7xx_it.o(.text.PendSV_Handler)
    [Anonymous Symbol]                       0x08003598   Section        0  stm32f7xx_it.o(.text.SVC_Handler)
    [Anonymous Symbol]                       0x080035a0   Section        0  stm32f7xx_it.o(.text.SysTick_Handler)
    [Anonymous Symbol]                       0x080035b0   Section        0  main.o(.text.SystemClock_Config)
    [Anonymous Symbol]                       0x08003678   Section        0  system_stm32f7xx.o(.text.SystemInit)
    [Anonymous Symbol]                       0x08003690   Section        0  stm32f7xx_it.o(.text.TIM1_BRK_TIM9_IRQHandler)
    [Anonymous Symbol]                       0x080036a0   Section        0  stm32f7xx_it.o(.text.TIM1_TRG_COM_TIM11_IRQHandler)
    [Anonymous Symbol]                       0x080036b0   Section        0  stm32f7xx_it.o(.text.TIM1_UP_TIM10_IRQHandler)
    [Anonymous Symbol]                       0x080036c0   Section        0  stm32f7xx_hal_tim.o(.text.TIM_Base_SetConfig)
    [Anonymous Symbol]                       0x08003810   Section        0  stm32f7xx_hal_uart.o(.text.UART_AdvFeatureConfig)
    [Anonymous Symbol]                       0x080038f0   Section        0  stm32f7xx_hal_uart.o(.text.UART_CheckIdleState)
    [Anonymous Symbol]                       0x08003a68   Section        0  stm32f7xx_hal_uart.o(.text.UART_SetConfig)
    [Anonymous Symbol]                       0x08003ca8   Section        0  stm32f7xx_hal_uart.o(.text.UART_WaitOnFlagUntilTimeout)
    [Anonymous Symbol]                       0x08004000   Section        0  stm32f7xx_ll_usb.o(.text.USB_CoreInit)
    [Anonymous Symbol]                       0x08004208   Section        0  stm32f7xx_ll_usb.o(.text.USB_DevDisconnect)
    [Anonymous Symbol]                       0x08004228   Section        0  stm32f7xx_ll_usb.o(.text.USB_DevInit)
    [Anonymous Symbol]                       0x080046c8   Section        0  stm32f7xx_ll_usb.o(.text.USB_DisableGlobalInt)
    [Anonymous Symbol]                       0x080046d8   Section        0  stm32f7xx_ll_usb.o(.text.USB_SetCurrentMode)
    [Anonymous Symbol]                       0x08004a40   Section        0  stm32f7xx_it.o(.text.UsageFault_Handler)
    [Anonymous Symbol]                       0x08004a48   Section        0  main.o(.text.main)
    [Anonymous Symbol]                       0x08004e80   Section        0  xos_motor.o(.text.setPhaseVoltage)
    [Anonymous Symbol]                       0x08005030   Section        0  xos_motor.o(.text.xo_SetSysTick)
    [Anonymous Symbol]                       0x08005130   Section        0  xos_as5600.o(.text.xos_as5600_Init)
    [Anonymous Symbol]                       0x08005198   Section        0  xos_motor.o(.text.xos_motor_time_init)
    i.__ARM_fpclassify                       0x0800529c   Section        0  fpclassify.o(i.__ARM_fpclassify)
    i.__hardfp_cos                           0x080052d0   Section        0  cos.o(i.__hardfp_cos)
    i.__hardfp_fmod                          0x08005380   Section        0  fmod.o(i.__hardfp_fmod)
    i.__hardfp_sin                           0x08005480   Section        0  sin.o(i.__hardfp_sin)
    i.__ieee754_rem_pio2                     0x08005530   Section        0  rred.o(i.__ieee754_rem_pio2)
    i.__kernel_cos                           0x08005838   Section        0  cos_i.o(i.__kernel_cos)
    i.__kernel_poly                          0x080058fc   Section        0  poly.o(i.__kernel_poly)
    i.__kernel_sin                           0x08005970   Section        0  sin_i.o(i.__kernel_sin)
    i.__mathlib_dbl_invalid                  0x08005a10   Section        0  dunder.o(i.__mathlib_dbl_invalid)
    i.__mathlib_dbl_underflow                0x08005a28   Section        0  dunder.o(i.__mathlib_dbl_underflow)
    i.__scatterload_copy                     0x08005a40   Section       14  handlers.o(i.__scatterload_copy)
    i.__scatterload_null                     0x08005a4e   Section        2  handlers.o(i.__scatterload_null)
    i.__scatterload_zeroinit                 0x08005a50   Section       14  handlers.o(i.__scatterload_zeroinit)
    i.__set_errno                            0x08005a60   Section        0  errno.o(i.__set_errno)
    i.fabs                                   0x08005a6c   Section        0  fabs.o(i.fabs)
    C                                        0x08005a88   Data          48  cos_i.o(.constdata)
    .constdata                               0x08005a88   Section       48  cos_i.o(.constdata)
    pio2s                                    0x08005ab8   Data          48  rred.o(.constdata)
    .constdata                               0x08005ab8   Section      204  rred.o(.constdata)
    twooverpi                                0x08005ae8   Data         156  rred.o(.constdata)
    S                                        0x08005b88   Data          40  sin_i.o(.constdata)
    .constdata                               0x08005b88   Section       40  sin_i.o(.constdata)
    .Lswitch.table.UART_SetConfig.5          0x08005bc8   Data          16  stm32f7xx_hal_uart.o(.rodata.cst16)
    .Lswitch.table.UART_SetConfig.7          0x08005bd8   Data          16  stm32f7xx_hal_uart.o(.rodata.cst16)
    _errno                                   0x20000000   Data           4  errno.o(.data)
    .data                                    0x20000000   Section        4  errno.o(.data)
    .L_MergedGlobals                         0x20000004   Data           8  stm32f7xx_hal.o(.data..L_MergedGlobals)
    [Anonymous Symbol]                       0x20000004   Section        0  stm32f7xx_hal.o(.data..L_MergedGlobals)
    .L_MergedGlobals                         0x2000000c   Data         100  xos_motor_pid.o(.data..L_MergedGlobals)
    [Anonymous Symbol]                       0x2000000c   Section        0  xos_motor_pid.o(.data..L_MergedGlobals)
    .L_MergedGlobals                         0x20000080   Data          76  main.o(.bss..L_MergedGlobals)
    [Anonymous Symbol]                       0x20000080   Section        0  main.o(.bss..L_MergedGlobals)
    .L_MergedGlobals                         0x200000cc   Data          56  xos_motor.o(.bss..L_MergedGlobals)
    xos_pwm_enable                           0x200000cc   Data           1  xos_motor.o(.bss..L_MergedGlobals)
    [Anonymous Symbol]                       0x200000cc   Section        0  xos_motor.o(.bss..L_MergedGlobals)
    xos_SysTick_CNt                          0x200000d0   Data           4  xos_motor.o(.bss..L_MergedGlobals)
    xos_inter                                0x200000d4   Data           4  xos_motor.o(.bss..L_MergedGlobals)
    velocityOpenloop.pre_us                  0x200000dc   Data           4  xos_motor.o(.bss..L_MergedGlobals)
    .L_MergedGlobals                         0x20000104   Data         100  xos_as5600.o(.bss..L_MergedGlobals)
    [Anonymous Symbol]                       0x20000104   Section        0  xos_as5600.o(.bss..L_MergedGlobals)
    .L_MergedGlobals.1                       0x20000168   Data          90  xos_motor_pid.o(.bss..L_MergedGlobals.1)
    [Anonymous Symbol]                       0x20000168   Section        0  xos_motor_pid.o(.bss..L_MergedGlobals.1)
    STACK                                    0x200008b8   Section     2048  startup_stm32f767xx.o(STACK)

    Global Symbols

    Symbol Name                              Value     Ov Type        Size  Object(Section)

    BuildAttributes$$THM_ISAv4$E$P$D$K$B$S$7EM$VFPv5_D16$PE$PLD8$A:L22UL41UL21$X:L11$S22US41US21$IEEE1$IW$~IW$USESV6$~STKCKD$USESV7$~SHL$OTIME$ROPI$IEEEX$EBA8$MICROLIB$REQ8$PRES8$EABIv2 0x00000000   Number         0  anon$$obj.o ABSOLUTE
    _printf_a                                0x00000000   Number         0  printfstubs.o ABSOLUTE
    _printf_c                                0x00000000   Number         0  printfstubs.o ABSOLUTE
    _printf_charcount                        0x00000000   Number         0  printfstubs.o ABSOLUTE
    _printf_d                                0x00000000   Number         0  printfstubs.o ABSOLUTE
    _printf_e                                0x00000000   Number         0  printfstubs.o ABSOLUTE
    _printf_f                                0x00000000   Number         0  printfstubs.o ABSOLUTE
    _printf_flags                            0x00000000   Number         0  printfstubs.o ABSOLUTE
    _printf_fp_dec                           0x00000000   Number         0  printfstubs.o ABSOLUTE
    _printf_fp_hex                           0x00000000   Number         0  printfstubs.o ABSOLUTE
    _printf_g                                0x00000000   Number         0  printfstubs.o ABSOLUTE
    _printf_i                                0x00000000   Number         0  printfstubs.o ABSOLUTE
    _printf_int_dec                          0x00000000   Number         0  printfstubs.o ABSOLUTE
    _printf_l                                0x00000000   Number         0  printfstubs.o ABSOLUTE
    _printf_lc                               0x00000000   Number         0  printfstubs.o ABSOLUTE
    _printf_ll                               0x00000000   Number         0  printfstubs.o ABSOLUTE
    _printf_lld                              0x00000000   Number         0  printfstubs.o ABSOLUTE
    _printf_lli                              0x00000000   Number         0  printfstubs.o ABSOLUTE
    _printf_llo                              0x00000000   Number         0  printfstubs.o ABSOLUTE
    _printf_llu                              0x00000000   Number         0  printfstubs.o ABSOLUTE
    _printf_llx                              0x00000000   Number         0  printfstubs.o ABSOLUTE
    _printf_longlong_dec                     0x00000000   Number         0  printfstubs.o ABSOLUTE
    _printf_longlong_hex                     0x00000000   Number         0  printfstubs.o ABSOLUTE
    _printf_longlong_oct                     0x00000000   Number         0  printfstubs.o ABSOLUTE
    _printf_ls                               0x00000000   Number         0  printfstubs.o ABSOLUTE
    _printf_mbtowc                           0x00000000   Number         0  printfstubs.o ABSOLUTE
    _printf_n                                0x00000000   Number         0  printfstubs.o ABSOLUTE
    _printf_o                                0x00000000   Number         0  printfstubs.o ABSOLUTE
    _printf_p                                0x00000000   Number         0  printfstubs.o ABSOLUTE
    _printf_percent                          0x00000000   Number         0  printfstubs.o ABSOLUTE
    _printf_pre_padding                      0x00000000   Number         0  printfstubs.o ABSOLUTE
    _printf_return_value                     0x00000000   Number         0  printfstubs.o ABSOLUTE
    _printf_s                                0x00000000   Number         0  printfstubs.o ABSOLUTE
    _printf_sizespec                         0x00000000   Number         0  printfstubs.o ABSOLUTE
    _printf_str                              0x00000000   Number         0  printfstubs.o ABSOLUTE
    _printf_truncate_signed                  0x00000000   Number         0  printfstubs.o ABSOLUTE
    _printf_truncate_unsigned                0x00000000   Number         0  printfstubs.o ABSOLUTE
    _printf_u                                0x00000000   Number         0  printfstubs.o ABSOLUTE
    _printf_wc                               0x00000000   Number         0  printfstubs.o ABSOLUTE
    _printf_wctomb                           0x00000000   Number         0  printfstubs.o ABSOLUTE
    _printf_widthprec                        0x00000000   Number         0  printfstubs.o ABSOLUTE
    _printf_x                                0x00000000   Number         0  printfstubs.o ABSOLUTE
    __cpp_initialize__aeabi_                  - Undefined Weak Reference
    __cxa_finalize                            - Undefined Weak Reference
    __decompress                              - Undefined Weak Reference
    _clock_init                               - Undefined Weak Reference
    _microlib_exit                            - Undefined Weak Reference
    __Vectors_Size                           0x000001f8   Number         0  startup_stm32f767xx.o ABSOLUTE
    __Vectors                                0x08000000   Data           4  startup_stm32f767xx.o(RESET)
    __Vectors_End                            0x080001f8   Data           0  startup_stm32f767xx.o(RESET)
    __main                                   0x080001f9   Thumb Code     0  entry.o(.ARM.Collect$$$$00000000)
    _main_stk                                0x080001f9   Thumb Code     0  entry2.o(.ARM.Collect$$$$00000001)
    _main_scatterload                        0x080001fd   Thumb Code     0  entry5.o(.ARM.Collect$$$$00000004)
    __main_after_scatterload                 0x08000201   Thumb Code     0  entry5.o(.ARM.Collect$$$$00000004)
    _main_clock                              0x08000201   Thumb Code     0  entry7b.o(.ARM.Collect$$$$00000008)
    _main_cpp_init                           0x08000201   Thumb Code     0  entry8b.o(.ARM.Collect$$$$0000000A)
    _main_init                               0x08000201   Thumb Code     0  entry9a.o(.ARM.Collect$$$$0000000B)
    __rt_final_cpp                           0x08000209   Thumb Code     0  entry10a.o(.ARM.Collect$$$$0000000D)
    __rt_final_exit                          0x08000209   Thumb Code     0  entry11a.o(.ARM.Collect$$$$0000000F)
    Reset_Handler                            0x0800020d   Thumb Code     8  startup_stm32f767xx.o(.text)
    ADC_IRQHandler                           0x08000227   Thumb Code     0  startup_stm32f767xx.o(.text)
    CAN1_RX0_IRQHandler                      0x08000227   Thumb Code     0  startup_stm32f767xx.o(.text)
    CAN1_RX1_IRQHandler                      0x08000227   Thumb Code     0  startup_stm32f767xx.o(.text)
    CAN1_SCE_IRQHandler                      0x08000227   Thumb Code     0  startup_stm32f767xx.o(.text)
    CAN1_TX_IRQHandler                       0x08000227   Thumb Code     0  startup_stm32f767xx.o(.text)
    CAN2_RX0_IRQHandler                      0x08000227   Thumb Code     0  startup_stm32f767xx.o(.text)
    CAN2_RX1_IRQHandler                      0x08000227   Thumb Code     0  startup_stm32f767xx.o(.text)
    CAN2_SCE_IRQHandler                      0x08000227   Thumb Code     0  startup_stm32f767xx.o(.text)
    CAN2_TX_IRQHandler                       0x08000227   Thumb Code     0  startup_stm32f767xx.o(.text)
    CAN3_RX0_IRQHandler                      0x08000227   Thumb Code     0  startup_stm32f767xx.o(.text)
    CAN3_RX1_IRQHandler                      0x08000227   Thumb Code     0  startup_stm32f767xx.o(.text)
    CAN3_SCE_IRQHandler                      0x08000227   Thumb Code     0  startup_stm32f767xx.o(.text)
    CAN3_TX_IRQHandler                       0x08000227   Thumb Code     0  startup_stm32f767xx.o(.text)
    CEC_IRQHandler                           0x08000227   Thumb Code     0  startup_stm32f767xx.o(.text)
    DCMI_IRQHandler                          0x08000227   Thumb Code     0  startup_stm32f767xx.o(.text)
    DFSDM1_FLT0_IRQHandler                   0x08000227   Thumb Code     0  startup_stm32f767xx.o(.text)
    DFSDM1_FLT1_IRQHandler                   0x08000227   Thumb Code     0  startup_stm32f767xx.o(.text)
    DFSDM1_FLT2_IRQHandler                   0x08000227   Thumb Code     0  startup_stm32f767xx.o(.text)
    DFSDM1_FLT3_IRQHandler                   0x08000227   Thumb Code     0  startup_stm32f767xx.o(.text)
    DMA1_Stream0_IRQHandler                  0x08000227   Thumb Code     0  startup_stm32f767xx.o(.text)
    DMA1_Stream1_IRQHandler                  0x08000227   Thumb Code     0  startup_stm32f767xx.o(.text)
    DMA1_Stream2_IRQHandler                  0x08000227   Thumb Code     0  startup_stm32f767xx.o(.text)
    DMA1_Stream3_IRQHandler                  0x08000227   Thumb Code     0  startup_stm32f767xx.o(.text)
    DMA1_Stream4_IRQHandler                  0x08000227   Thumb Code     0  startup_stm32f767xx.o(.text)
    DMA1_Stream5_IRQHandler                  0x08000227   Thumb Code     0  startup_stm32f767xx.o(.text)
    DMA1_Stream6_IRQHandler                  0x08000227   Thumb Code     0  startup_stm32f767xx.o(.text)
    DMA1_Stream7_IRQHandler                  0x08000227   Thumb Code     0  startup_stm32f767xx.o(.text)
    DMA2D_IRQHandler                         0x08000227   Thumb Code     0  startup_stm32f767xx.o(.text)
    DMA2_Stream0_IRQHandler                  0x08000227   Thumb Code     0  startup_stm32f767xx.o(.text)
    DMA2_Stream1_IRQHandler                  0x08000227   Thumb Code     0  startup_stm32f767xx.o(.text)
    DMA2_Stream2_IRQHandler                  0x08000227   Thumb Code     0  startup_stm32f767xx.o(.text)
    DMA2_Stream3_IRQHandler                  0x08000227   Thumb Code     0  startup_stm32f767xx.o(.text)
    DMA2_Stream4_IRQHandler                  0x08000227   Thumb Code     0  startup_stm32f767xx.o(.text)
    DMA2_Stream5_IRQHandler                  0x08000227   Thumb Code     0  startup_stm32f767xx.o(.text)
    DMA2_Stream6_IRQHandler                  0x08000227   Thumb Code     0  startup_stm32f767xx.o(.text)
    DMA2_Stream7_IRQHandler                  0x08000227   Thumb Code     0  startup_stm32f767xx.o(.text)
    ETH_IRQHandler                           0x08000227   Thumb Code     0  startup_stm32f767xx.o(.text)
    ETH_WKUP_IRQHandler                      0x08000227   Thumb Code     0  startup_stm32f767xx.o(.text)
    EXTI0_IRQHandler                         0x08000227   Thumb Code     0  startup_stm32f767xx.o(.text)
    EXTI15_10_IRQHandler                     0x08000227   Thumb Code     0  startup_stm32f767xx.o(.text)
    EXTI1_IRQHandler                         0x08000227   Thumb Code     0  startup_stm32f767xx.o(.text)
    EXTI2_IRQHandler                         0x08000227   Thumb Code     0  startup_stm32f767xx.o(.text)
    EXTI3_IRQHandler                         0x08000227   Thumb Code     0  startup_stm32f767xx.o(.text)
    EXTI4_IRQHandler                         0x08000227   Thumb Code     0  startup_stm32f767xx.o(.text)
    EXTI9_5_IRQHandler                       0x08000227   Thumb Code     0  startup_stm32f767xx.o(.text)
    FLASH_IRQHandler                         0x08000227   Thumb Code     0  startup_stm32f767xx.o(.text)
    FMC_IRQHandler                           0x08000227   Thumb Code     0  startup_stm32f767xx.o(.text)
    FPU_IRQHandler                           0x08000227   Thumb Code     0  startup_stm32f767xx.o(.text)
    I2C1_ER_IRQHandler                       0x08000227   Thumb Code     0  startup_stm32f767xx.o(.text)
    I2C1_EV_IRQHandler                       0x08000227   Thumb Code     0  startup_stm32f767xx.o(.text)
    I2C2_ER_IRQHandler                       0x08000227   Thumb Code     0  startup_stm32f767xx.o(.text)
    I2C2_EV_IRQHandler                       0x08000227   Thumb Code     0  startup_stm32f767xx.o(.text)
    I2C3_ER_IRQHandler                       0x08000227   Thumb Code     0  startup_stm32f767xx.o(.text)
    I2C3_EV_IRQHandler                       0x08000227   Thumb Code     0  startup_stm32f767xx.o(.text)
    I2C4_ER_IRQHandler                       0x08000227   Thumb Code     0  startup_stm32f767xx.o(.text)
    I2C4_EV_IRQHandler                       0x08000227   Thumb Code     0  startup_stm32f767xx.o(.text)
    JPEG_IRQHandler                          0x08000227   Thumb Code     0  startup_stm32f767xx.o(.text)
    LPTIM1_IRQHandler                        0x08000227   Thumb Code     0  startup_stm32f767xx.o(.text)
    LTDC_ER_IRQHandler                       0x08000227   Thumb Code     0  startup_stm32f767xx.o(.text)
    LTDC_IRQHandler                          0x08000227   Thumb Code     0  startup_stm32f767xx.o(.text)
    MDIOS_IRQHandler                         0x08000227   Thumb Code     0  startup_stm32f767xx.o(.text)
    OTG_FS_IRQHandler                        0x08000227   Thumb Code     0  startup_stm32f767xx.o(.text)
    OTG_FS_WKUP_IRQHandler                   0x08000227   Thumb Code     0  startup_stm32f767xx.o(.text)
    OTG_HS_EP1_IN_IRQHandler                 0x08000227   Thumb Code     0  startup_stm32f767xx.o(.text)
    OTG_HS_EP1_OUT_IRQHandler                0x08000227   Thumb Code     0  startup_stm32f767xx.o(.text)
    OTG_HS_IRQHandler                        0x08000227   Thumb Code     0  startup_stm32f767xx.o(.text)
    OTG_HS_WKUP_IRQHandler                   0x08000227   Thumb Code     0  startup_stm32f767xx.o(.text)
    PVD_IRQHandler                           0x08000227   Thumb Code     0  startup_stm32f767xx.o(.text)
    QUADSPI_IRQHandler                       0x08000227   Thumb Code     0  startup_stm32f767xx.o(.text)
    RCC_IRQHandler                           0x08000227   Thumb Code     0  startup_stm32f767xx.o(.text)
    RNG_IRQHandler                           0x08000227   Thumb Code     0  startup_stm32f767xx.o(.text)
    RTC_Alarm_IRQHandler                     0x08000227   Thumb Code     0  startup_stm32f767xx.o(.text)
    RTC_WKUP_IRQHandler                      0x08000227   Thumb Code     0  startup_stm32f767xx.o(.text)
    SAI1_IRQHandler                          0x08000227   Thumb Code     0  startup_stm32f767xx.o(.text)
    SAI2_IRQHandler                          0x08000227   Thumb Code     0  startup_stm32f767xx.o(.text)
    SDMMC1_IRQHandler                        0x08000227   Thumb Code     0  startup_stm32f767xx.o(.text)
    SDMMC2_IRQHandler                        0x08000227   Thumb Code     0  startup_stm32f767xx.o(.text)
    SPDIF_RX_IRQHandler                      0x08000227   Thumb Code     0  startup_stm32f767xx.o(.text)
    SPI1_IRQHandler                          0x08000227   Thumb Code     0  startup_stm32f767xx.o(.text)
    SPI2_IRQHandler                          0x08000227   Thumb Code     0  startup_stm32f767xx.o(.text)
    SPI3_IRQHandler                          0x08000227   Thumb Code     0  startup_stm32f767xx.o(.text)
    SPI4_IRQHandler                          0x08000227   Thumb Code     0  startup_stm32f767xx.o(.text)
    SPI5_IRQHandler                          0x08000227   Thumb Code     0  startup_stm32f767xx.o(.text)
    SPI6_IRQHandler                          0x08000227   Thumb Code     0  startup_stm32f767xx.o(.text)
    TAMP_STAMP_IRQHandler                    0x08000227   Thumb Code     0  startup_stm32f767xx.o(.text)
    TIM1_CC_IRQHandler                       0x08000227   Thumb Code     0  startup_stm32f767xx.o(.text)
    TIM2_IRQHandler                          0x08000227   Thumb Code     0  startup_stm32f767xx.o(.text)
    TIM3_IRQHandler                          0x08000227   Thumb Code     0  startup_stm32f767xx.o(.text)
    TIM4_IRQHandler                          0x08000227   Thumb Code     0  startup_stm32f767xx.o(.text)
    TIM5_IRQHandler                          0x08000227   Thumb Code     0  startup_stm32f767xx.o(.text)
    TIM6_DAC_IRQHandler                      0x08000227   Thumb Code     0  startup_stm32f767xx.o(.text)
    TIM7_IRQHandler                          0x08000227   Thumb Code     0  startup_stm32f767xx.o(.text)
    TIM8_BRK_TIM12_IRQHandler                0x08000227   Thumb Code     0  startup_stm32f767xx.o(.text)
    TIM8_CC_IRQHandler                       0x08000227   Thumb Code     0  startup_stm32f767xx.o(.text)
    TIM8_TRG_COM_TIM14_IRQHandler            0x08000227   Thumb Code     0  startup_stm32f767xx.o(.text)
    TIM8_UP_TIM13_IRQHandler                 0x08000227   Thumb Code     0  startup_stm32f767xx.o(.text)
    UART4_IRQHandler                         0x08000227   Thumb Code     0  startup_stm32f767xx.o(.text)
    UART5_IRQHandler                         0x08000227   Thumb Code     0  startup_stm32f767xx.o(.text)
    UART7_IRQHandler                         0x08000227   Thumb Code     0  startup_stm32f767xx.o(.text)
    UART8_IRQHandler                         0x08000227   Thumb Code     0  startup_stm32f767xx.o(.text)
    USART1_IRQHandler                        0x08000227   Thumb Code     0  startup_stm32f767xx.o(.text)
    USART2_IRQHandler                        0x08000227   Thumb Code     0  startup_stm32f767xx.o(.text)
    USART3_IRQHandler                        0x08000227   Thumb Code     0  startup_stm32f767xx.o(.text)
    USART6_IRQHandler                        0x08000227   Thumb Code     0  startup_stm32f767xx.o(.text)
    WWDG_IRQHandler                          0x08000227   Thumb Code     0  startup_stm32f767xx.o(.text)
    __aeabi_uldivmod                         0x08000231   Thumb Code    98  uldiv.o(.text)
    __aeabi_memset                           0x08000293   Thumb Code    14  memseta.o(.text)
    __aeabi_memset4                          0x08000293   Thumb Code     0  memseta.o(.text)
    __aeabi_memset8                          0x08000293   Thumb Code     0  memseta.o(.text)
    __aeabi_memclr                           0x080002a1   Thumb Code     4  memseta.o(.text)
    __aeabi_memclr4                          0x080002a1   Thumb Code     0  memseta.o(.text)
    __aeabi_memclr8                          0x080002a1   Thumb Code     0  memseta.o(.text)
    _memset$wrapper                          0x080002a5   Thumb Code    18  memseta.o(.text)
    __aeabi_llsl                             0x080002b7   Thumb Code    30  llshl.o(.text)
    _ll_shift_l                              0x080002b7   Thumb Code     0  llshl.o(.text)
    __aeabi_llsr                             0x080002d5   Thumb Code    32  llushr.o(.text)
    _ll_ushift_r                             0x080002d5   Thumb Code     0  llushr.o(.text)
    __I$use$fp                               0x080002f5   Thumb Code     0  iusefp.o(.text)
    _drem                                    0x080002f5   Thumb Code   134  drem.o(.text)
    __scatterload                            0x0800037d   Thumb Code    38  init.o(.text)
    __scatterload_rt2                        0x0800037d   Thumb Code     0  init.o(.text)
    _double_round                            0x080003ad   Thumb Code    30  depilogue.o(.text)
    _double_epilogue                         0x080003cb   Thumb Code   156  depilogue.o(.text)
    BusFault_Handler                         0x08000469   Thumb Code     2  stm32f7xx_it.o(.text.BusFault_Handler)
    DebugMon_Handler                         0x08000471   Thumb Code     2  stm32f7xx_it.o(.text.DebugMon_Handler)
    Error_Handler                            0x08000479   Thumb Code    10  main.o(.text.Error_Handler)
    GetAngle_Without_Track                   0x08000489   Thumb Code    84  xos_as5600.o(.text.GetAngle_Without_Track)
    HAL_ADC_ConfigChannel                    0x080004e9   Thumb Code   434  stm32f7xx_hal_adc.o(.text.HAL_ADC_ConfigChannel)
    HAL_ADC_Init                             0x080006a1   Thumb Code   352  stm32f7xx_hal_adc.o(.text.HAL_ADC_Init)
    HAL_ADC_MspInit                          0x08000801   Thumb Code    96  stm32f7xx_hal_msp.o(.text.HAL_ADC_MspInit)
    HAL_Delay                                0x08000861   Thumb Code    40  stm32f7xx_hal.o(.text.HAL_Delay)
    HAL_GPIO_Init                            0x08000889   Thumb Code   426  stm32f7xx_hal_gpio.o(.text.HAL_GPIO_Init)
    HAL_GPIO_WritePin                        0x08000a39   Thumb Code    10  stm32f7xx_hal_gpio.o(.text.HAL_GPIO_WritePin)
    HAL_GetTick                              0x08000a49   Thumb Code    12  stm32f7xx_hal.o(.text.HAL_GetTick)
    HAL_I2CEx_ConfigAnalogFilter             0x08000a59   Thumb Code    74  stm32f7xx_hal_i2c_ex.o(.text.HAL_I2CEx_ConfigAnalogFilter)
    HAL_I2CEx_ConfigDigitalFilter            0x08000aa9   Thumb Code    72  stm32f7xx_hal_i2c_ex.o(.text.HAL_I2CEx_ConfigDigitalFilter)
    HAL_I2C_Init                             0x08000af1   Thumb Code   174  stm32f7xx_hal_i2c.o(.text.HAL_I2C_Init)
    HAL_I2C_Mem_Read                         0x08000ba1   Thumb Code   572  stm32f7xx_hal_i2c.o(.text.HAL_I2C_Mem_Read)
    HAL_I2C_MspInit                          0x08000de1   Thumb Code   134  stm32f7xx_hal_msp.o(.text.HAL_I2C_MspInit)
    HAL_IncTick                              0x08000e69   Thumb Code    26  stm32f7xx_hal.o(.text.HAL_IncTick)
    HAL_Init                                 0x08000e89   Thumb Code    22  stm32f7xx_hal.o(.text.HAL_Init)
    HAL_InitTick                             0x08000ea1   Thumb Code    72  stm32f7xx_hal.o(.text.HAL_InitTick)
    HAL_MspInit                              0x08000ee9   Thumb Code    50  stm32f7xx_hal_msp.o(.text.HAL_MspInit)
    HAL_NVIC_EnableIRQ                       0x08000f21   Thumb Code    32  stm32f7xx_hal_cortex.o(.text.HAL_NVIC_EnableIRQ)
    HAL_NVIC_SetPriority                     0x08000f41   Thumb Code    90  stm32f7xx_hal_cortex.o(.text.HAL_NVIC_SetPriority)
    HAL_NVIC_SetPriorityGrouping             0x08000fa1   Thumb Code    32  stm32f7xx_hal_cortex.o(.text.HAL_NVIC_SetPriorityGrouping)
    HAL_PCDEx_ActivateLPM                    0x08000fc1   Thumb Code    38  stm32f7xx_hal_pcd_ex.o(.text.HAL_PCDEx_ActivateLPM)
    HAL_PCD_Init                             0x08000fe9   Thumb Code   682  stm32f7xx_hal_pcd.o(.text.HAL_PCD_Init)
    HAL_PCD_MspInit                          0x08001299   Thumb Code   188  stm32f7xx_hal_msp.o(.text.HAL_PCD_MspInit)
    HAL_PWREx_EnableOverDrive                0x08001359   Thumb Code   118  stm32f7xx_hal_pwr_ex.o(.text.HAL_PWREx_EnableOverDrive)
    HAL_PWR_EnableBkUpAccess                 0x080013d1   Thumb Code    18  stm32f7xx_hal_pwr.o(.text.HAL_PWR_EnableBkUpAccess)
    HAL_RCCEx_PeriphCLKConfig                0x080013e9   Thumb Code  1468  stm32f7xx_hal_rcc_ex.o(.text.HAL_RCCEx_PeriphCLKConfig)
    HAL_RCC_ClockConfig                      0x080019a9   Thumb Code   466  stm32f7xx_hal_rcc.o(.text.HAL_RCC_ClockConfig)
    HAL_RCC_GetPCLK1Freq                     0x08001b81   Thumb Code    38  stm32f7xx_hal_rcc.o(.text.HAL_RCC_GetPCLK1Freq)
    HAL_RCC_GetPCLK2Freq                     0x08001ba9   Thumb Code    38  stm32f7xx_hal_rcc.o(.text.HAL_RCC_GetPCLK2Freq)
    HAL_RCC_GetSysClockFreq                  0x08001bd1   Thumb Code   108  stm32f7xx_hal_rcc.o(.text.HAL_RCC_GetSysClockFreq)
    HAL_RCC_OscConfig                        0x08001c41   Thumb Code   984  stm32f7xx_hal_rcc.o(.text.HAL_RCC_OscConfig)
    HAL_SPI_Init                             0x08002019   Thumb Code   224  stm32f7xx_hal_spi.o(.text.HAL_SPI_Init)
    HAL_SPI_MspInit                          0x080020f9   Thumb Code   156  stm32f7xx_hal_msp.o(.text.HAL_SPI_MspInit)
    HAL_SYSTICK_Config                       0x08002199   Thumb Code    46  stm32f7xx_hal_cortex.o(.text.HAL_SYSTICK_Config)
    HAL_TIMEx_Break2Callback                 0x080021c9   Thumb Code     2  stm32f7xx_hal_tim_ex.o(.text.HAL_TIMEx_Break2Callback)
    HAL_TIMEx_BreakCallback                  0x080021d1   Thumb Code     2  stm32f7xx_hal_tim_ex.o(.text.HAL_TIMEx_BreakCallback)
    HAL_TIMEx_CommutCallback                 0x080021d9   Thumb Code     2  stm32f7xx_hal_tim_ex.o(.text.HAL_TIMEx_CommutCallback)
    HAL_TIMEx_ConfigBreakDeadTime            0x080021e1   Thumb Code   160  stm32f7xx_hal_tim_ex.o(.text.HAL_TIMEx_ConfigBreakDeadTime)
    HAL_TIMEx_MasterConfigSynchronization    0x08002281   Thumb Code   206  stm32f7xx_hal_tim_ex.o(.text.HAL_TIMEx_MasterConfigSynchronization)
    HAL_TIM_Base_Init                        0x08002351   Thumb Code    96  stm32f7xx_hal_tim.o(.text.HAL_TIM_Base_Init)
    HAL_TIM_Base_MspInit                     0x080023b1   Thumb Code   134  stm32f7xx_hal_msp.o(.text.HAL_TIM_Base_MspInit)
    HAL_TIM_Base_Start_IT                    0x08002439   Thumb Code   180  stm32f7xx_hal_tim.o(.text.HAL_TIM_Base_Start_IT)
    HAL_TIM_ConfigClockSource                0x080024f1   Thumb Code   416  stm32f7xx_hal_tim.o(.text.HAL_TIM_ConfigClockSource)
    HAL_TIM_IC_CaptureCallback               0x08002691   Thumb Code     2  stm32f7xx_hal_tim.o(.text.HAL_TIM_IC_CaptureCallback)
    HAL_TIM_IRQHandler                       0x08002699   Thumb Code   364  stm32f7xx_hal_tim.o(.text.HAL_TIM_IRQHandler)
    HAL_TIM_MspPostInit                      0x08002809   Thumb Code   128  stm32f7xx_hal_msp.o(.text.HAL_TIM_MspPostInit)
    HAL_TIM_OC_ConfigChannel                 0x08002889   Thumb Code   650  stm32f7xx_hal_tim.o(.text.HAL_TIM_OC_ConfigChannel)
    HAL_TIM_OC_DelayElapsedCallback          0x08002b19   Thumb Code     2  stm32f7xx_hal_tim.o(.text.HAL_TIM_OC_DelayElapsedCallback)
    HAL_TIM_OC_Init                          0x08002b21   Thumb Code    96  stm32f7xx_hal_tim.o(.text.HAL_TIM_OC_Init)
    HAL_TIM_OC_MspInit                       0x08002b81   Thumb Code     2  stm32f7xx_hal_tim.o(.text.HAL_TIM_OC_MspInit)
    HAL_TIM_PWM_ConfigChannel                0x08002b89   Thumb Code   796  stm32f7xx_hal_tim.o(.text.HAL_TIM_PWM_ConfigChannel)
    HAL_TIM_PWM_Init                         0x08002ea9   Thumb Code    96  stm32f7xx_hal_tim.o(.text.HAL_TIM_PWM_Init)
    HAL_TIM_PWM_MspInit                      0x08002f09   Thumb Code     2  stm32f7xx_hal_tim.o(.text.HAL_TIM_PWM_MspInit)
    HAL_TIM_PWM_PulseFinishedCallback        0x08002f11   Thumb Code     2  stm32f7xx_hal_tim.o(.text.HAL_TIM_PWM_PulseFinishedCallback)
    HAL_TIM_PWM_Start                        0x08002f19   Thumb Code   372  stm32f7xx_hal_tim.o(.text.HAL_TIM_PWM_Start)
    HAL_TIM_PeriodElapsedCallback            0x08003091   Thumb Code     2  xos_motor.o(.text.HAL_TIM_PeriodElapsedCallback)
    HAL_TIM_TriggerCallback                  0x08003099   Thumb Code     2  stm32f7xx_hal_tim.o(.text.HAL_TIM_TriggerCallback)
    HAL_UART_Init                            0x080030a1   Thumb Code    96  stm32f7xx_hal_uart.o(.text.HAL_UART_Init)
    HAL_UART_MspInit                         0x08003101   Thumb Code   278  stm32f7xx_hal_msp.o(.text.HAL_UART_MspInit)
    HardFault_Handler                        0x08003219   Thumb Code     2  stm32f7xx_it.o(.text.HardFault_Handler)
    MemManage_Handler                        0x08003581   Thumb Code     2  stm32f7xx_it.o(.text.MemManage_Handler)
    NMI_Handler                              0x08003589   Thumb Code     2  stm32f7xx_it.o(.text.NMI_Handler)
    PendSV_Handler                           0x08003591   Thumb Code     2  stm32f7xx_it.o(.text.PendSV_Handler)
    SVC_Handler                              0x08003599   Thumb Code     2  stm32f7xx_it.o(.text.SVC_Handler)
    SysTick_Handler                          0x080035a1   Thumb Code    14  stm32f7xx_it.o(.text.SysTick_Handler)
    SystemClock_Config                       0x080035b1   Thumb Code   196  main.o(.text.SystemClock_Config)
    SystemInit                               0x08003679   Thumb Code    18  system_stm32f7xx.o(.text.SystemInit)
    TIM1_BRK_TIM9_IRQHandler                 0x08003691   Thumb Code    12  stm32f7xx_it.o(.text.TIM1_BRK_TIM9_IRQHandler)
    TIM1_TRG_COM_TIM11_IRQHandler            0x080036a1   Thumb Code    12  stm32f7xx_it.o(.text.TIM1_TRG_COM_TIM11_IRQHandler)
    TIM1_UP_TIM10_IRQHandler                 0x080036b1   Thumb Code    12  stm32f7xx_it.o(.text.TIM1_UP_TIM10_IRQHandler)
    TIM_Base_SetConfig                       0x080036c1   Thumb Code   332  stm32f7xx_hal_tim.o(.text.TIM_Base_SetConfig)
    UART_AdvFeatureConfig                    0x08003811   Thumb Code   224  stm32f7xx_hal_uart.o(.text.UART_AdvFeatureConfig)
    UART_CheckIdleState                      0x080038f1   Thumb Code   372  stm32f7xx_hal_uart.o(.text.UART_CheckIdleState)
    UART_SetConfig                           0x08003a69   Thumb Code   572  stm32f7xx_hal_uart.o(.text.UART_SetConfig)
    UART_WaitOnFlagUntilTimeout              0x08003ca9   Thumb Code   856  stm32f7xx_hal_uart.o(.text.UART_WaitOnFlagUntilTimeout)
    USB_CoreInit                             0x08004001   Thumb Code   514  stm32f7xx_ll_usb.o(.text.USB_CoreInit)
    USB_DevDisconnect                        0x08004209   Thumb Code    30  stm32f7xx_ll_usb.o(.text.USB_DevDisconnect)
    USB_DevInit                              0x08004229   Thumb Code  1182  stm32f7xx_ll_usb.o(.text.USB_DevInit)
    USB_DisableGlobalInt                     0x080046c9   Thumb Code    14  stm32f7xx_ll_usb.o(.text.USB_DisableGlobalInt)
    USB_SetCurrentMode                       0x080046d9   Thumb Code   872  stm32f7xx_ll_usb.o(.text.USB_SetCurrentMode)
    UsageFault_Handler                       0x08004a41   Thumb Code     2  stm32f7xx_it.o(.text.UsageFault_Handler)
    main                                     0x08004a49   Thumb Code  1076  main.o(.text.main)
    setPhaseVoltage                          0x08004e81   Thumb Code   408  xos_motor.o(.text.setPhaseVoltage)
    xo_SetSysTick                            0x08005031   Thumb Code   248  xos_motor.o(.text.xo_SetSysTick)
    xos_as5600_Init                          0x08005131   Thumb Code   100  xos_as5600.o(.text.xos_as5600_Init)
    xos_motor_time_init                      0x08005199   Thumb Code   260  xos_motor.o(.text.xos_motor_time_init)
    __ARM_fpclassify                         0x0800529d   Thumb Code    48  fpclassify.o(i.__ARM_fpclassify)
    __hardfp_cos                             0x080052d1   Thumb Code   158  cos.o(i.__hardfp_cos)
    __hardfp_fmod                            0x08005381   Thumb Code   246  fmod.o(i.__hardfp_fmod)
    __hardfp_sin                             0x08005481   Thumb Code   158  sin.o(i.__hardfp_sin)
    __ieee754_rem_pio2                       0x08005531   Thumb Code   646  rred.o(i.__ieee754_rem_pio2)
    __kernel_cos                             0x08005839   Thumb Code   182  cos_i.o(i.__kernel_cos)
    __kernel_poly                            0x080058fd   Thumb Code   112  poly.o(i.__kernel_poly)
    __kernel_sin                             0x08005971   Thumb Code   144  sin_i.o(i.__kernel_sin)
    __mathlib_dbl_invalid                    0x08005a11   Thumb Code    10  dunder.o(i.__mathlib_dbl_invalid)
    __mathlib_dbl_underflow                  0x08005a29   Thumb Code    10  dunder.o(i.__mathlib_dbl_underflow)
    __scatterload_copy                       0x08005a41   Thumb Code    14  handlers.o(i.__scatterload_copy)
    __scatterload_null                       0x08005a4f   Thumb Code     2  handlers.o(i.__scatterload_null)
    __scatterload_zeroinit                   0x08005a51   Thumb Code    14  handlers.o(i.__scatterload_zeroinit)
    __set_errno                              0x08005a61   Thumb Code     6  errno.o(i.__set_errno)
    fabs                                     0x08005a6d   Thumb Code    24  fabs.o(i.fabs)
    AHBPrescTable                            0x08005bb0   Data          16  system_stm32f7xx.o(.rodata.AHBPrescTable)
    APBPrescTable                            0x08005bc0   Data           8  system_stm32f7xx.o(.rodata.APBPrescTable)
    Region$$Table$$Base                      0x08005be8   Number         0  anon$$obj.o(Region$$Table)
    Region$$Table$$Limit                     0x08005c08   Number         0  anon$$obj.o(Region$$Table)
    uwTickFreq                               0x20000004   Data           1  stm32f7xx_hal.o(.data..L_MergedGlobals)
    uwTickPrio                               0x20000008   Data           4  stm32f7xx_hal.o(.data..L_MergedGlobals)
    voltage_power_supply                     0x2000000c   Data           4  xos_motor_pid.o(.data..L_MergedGlobals)
    pole_pairs                               0x20000010   Data           4  xos_motor_pid.o(.data..L_MergedGlobals)
    Ts                                       0x20000014   Data           4  xos_motor_pid.o(.data..L_MergedGlobals)
    angle_prev                               0x20000018   Data           4  xos_motor_pid.o(.data..L_MergedGlobals)
    target_vel                               0x2000001c   Data           4  xos_motor_pid.o(.data..L_MergedGlobals)
    filter                                   0x20000020   Data           8  xos_motor_pid.o(.data..L_MergedGlobals)
    filter_current                           0x20000028   Data           8  xos_motor_pid.o(.data..L_MergedGlobals)
    pid_controller                           0x20000030   Data          32  xos_motor_pid.o(.data..L_MergedGlobals)
    pid_controller_current                   0x20000050   Data          32  xos_motor_pid.o(.data..L_MergedGlobals)
    SystemCoreClock                          0x20000070   Data           4  system_stm32f7xx.o(.data.SystemCoreClock)
    dir                                      0x20000074   Data           4  xos_motor_pid.o(.data.dir)
    period                                   0x20000078   Data           4  xos_motor_pid.o(.data.period)
    as5600_x                                 0x20000080   Data           4  main.o(.bss..L_MergedGlobals)
    hadc1                                    0x20000084   Data          72  main.o(.bss..L_MergedGlobals)
    xos_time_monitor_time                    0x200000d8   Data           4  xos_motor.o(.bss..L_MergedGlobals)
    xos_ua                                   0x200000e0   Data           4  xos_motor.o(.bss..L_MergedGlobals)
    xos_ub                                   0x200000e4   Data           4  xos_motor.o(.bss..L_MergedGlobals)
    xos_uc                                   0x200000e8   Data           4  xos_motor.o(.bss..L_MergedGlobals)
    xos_pwma                                 0x200000ec   Data           4  xos_motor.o(.bss..L_MergedGlobals)
    xos_pwmb                                 0x200000f0   Data           4  xos_motor.o(.bss..L_MergedGlobals)
    xos_pwmc                                 0x200000f4   Data           4  xos_motor.o(.bss..L_MergedGlobals)
    xos_ua_ori                               0x200000f8   Data           4  xos_motor.o(.bss..L_MergedGlobals)
    xos_ub_ori                               0x200000fc   Data           4  xos_motor.o(.bss..L_MergedGlobals)
    xos_uc_ori                               0x20000100   Data           4  xos_motor.o(.bss..L_MergedGlobals)
    angle_prev1                              0x20000104   Data           4  xos_as5600.o(.bss..L_MergedGlobals)
    full_rotations                           0x20000108   Data           4  xos_as5600.o(.bss..L_MergedGlobals)
    angle_d                                  0x2000010c   Data           4  xos_as5600.o(.bss..L_MergedGlobals)
    angle_cd                                 0x20000110   Data           4  xos_as5600.o(.bss..L_MergedGlobals)
    hi2c1                                    0x20000114   Data          84  xos_as5600.o(.bss..L_MergedGlobals)
    zero_electric_angle                      0x20000168   Data           4  xos_motor_pid.o(.bss..L_MergedGlobals.1)
    ADC_VAL                                  0x2000016c   Data           6  xos_motor_pid.o(.bss..L_MergedGlobals.1)
    current_offset                           0x20000172   Data           6  xos_motor_pid.o(.bss..L_MergedGlobals.1)
    current_phase                            0x20000178   Data          24  xos_motor_pid.o(.bss..L_MergedGlobals.1)
    data                                     0x20000190   Data          50  xos_motor_pid.o(.bss..L_MergedGlobals.1)
    hpcd_USB_OTG_FS                          0x200001c4   Data        1248  main.o(.bss.hpcd_USB_OTG_FS)
    hspi2                                    0x200006a4   Data         100  main.o(.bss.hspi2)
    htim1                                    0x20000708   Data          76  main.o(.bss.htim1)
    htim2                                    0x20000754   Data          76  main.o(.bss.htim2)
    huart1                                   0x200007a0   Data         136  main.o(.bss.huart1)
    huart3                                   0x20000828   Data         136  main.o(.bss.huart3)
    shaft_angle                              0x200008b0   Data           4  xos_motor_pid.o(.bss.shaft_angle)
    uwTick                                   0x200008b4   Data           4  stm32f7xx_hal.o(.bss.uwTick)
    __initial_sp                             0x200010b8   Data           0  startup_stm32f767xx.o(STACK)



==============================================================================

Memory Map of the image

  Image Entry point : 0x080001f9

  Load Region LR_IROM1 (Base: 0x08000000, Size: 0x00005c88, Max: 0x00200000, ABSOLUTE)

    Execution Region ER_IROM1 (Exec base: 0x08000000, Load base: 0x08000000, Size: 0x00005c08, Max: 0x00200000, ABSOLUTE)

    Exec Addr    Load Addr    Size         Type   Attr      Idx    E Section Name        Object

    0x08000000   0x08000000   0x000001f8   Data   RO            3    RESET               startup_stm32f767xx.o
    0x080001f8   0x080001f8   0x00000000   Code   RO         1748  * .ARM.Collect$$$$00000000  mc_w.l(entry.o)
    0x080001f8   0x080001f8   0x00000004   Code   RO         2045    .ARM.Collect$$$$00000001  mc_w.l(entry2.o)
    0x080001fc   0x080001fc   0x00000004   Code   RO         2048    .ARM.Collect$$$$00000004  mc_w.l(entry5.o)
    0x08000200   0x08000200   0x00000000   Code   RO         2050    .ARM.Collect$$$$00000008  mc_w.l(entry7b.o)
    0x08000200   0x08000200   0x00000000   Code   RO         2052    .ARM.Collect$$$$0000000A  mc_w.l(entry8b.o)
    0x08000200   0x08000200   0x00000008   Code   RO         2053    .ARM.Collect$$$$0000000B  mc_w.l(entry9a.o)
    0x08000208   0x08000208   0x00000000   Code   RO         2055    .ARM.Collect$$$$0000000D  mc_w.l(entry10a.o)
    0x08000208   0x08000208   0x00000000   Code   RO         2057    .ARM.Collect$$$$0000000F  mc_w.l(entry11a.o)
    0x08000208   0x08000208   0x00000004   Code   RO         2046    .ARM.Collect$$$$00002712  mc_w.l(entry2.o)
    0x0800020c   0x0800020c   0x00000024   Code   RO            4    .text               startup_stm32f767xx.o
    0x08000230   0x08000230   0x00000062   Code   RO         1751    .text               mc_w.l(uldiv.o)
    0x08000292   0x08000292   0x00000024   Code   RO         1755    .text               mc_w.l(memseta.o)
    0x080002b6   0x080002b6   0x0000001e   Code   RO         2075    .text               mc_w.l(llshl.o)
    0x080002d4   0x080002d4   0x00000020   Code   RO         2077    .text               mc_w.l(llushr.o)
    0x080002f4   0x080002f4   0x00000000   Code   RO         2086    .text               mc_w.l(iusefp.o)
    0x080002f4   0x080002f4   0x00000086   Code   RO         2093    .text               mf_w.l(drem.o)
    0x0800037a   0x0800037a   0x00000002   PAD
    0x0800037c   0x0800037c   0x00000030   Code   RO         2109    .text               mc_w.l(init.o)
    0x080003ac   0x080003ac   0x000000ba   Code   RO         2115    .text               mf_w.l(depilogue.o)
    0x08000466   0x08000466   0x00000002   PAD
    0x08000468   0x08000468   0x00000002   Code   RO           39    .text.BusFault_Handler  stm32f7xx_it.o
    0x0800046a   0x0800046a   0x00000006   PAD
    0x08000470   0x08000470   0x00000002   Code   RO           45    .text.DebugMon_Handler  stm32f7xx_it.o
    0x08000472   0x08000472   0x00000006   PAD
    0x08000478   0x08000478   0x0000000a   Code   RO           15    .text.Error_Handler  main.o
    0x08000482   0x08000482   0x00000006   PAD
    0x08000488   0x08000488   0x0000005c   Code   RO         1718    .text.GetAngle_Without_Track  xos_as5600.o
    0x080004e4   0x080004e4   0x00000004   PAD
    0x080004e8   0x080004e8   0x000001b2   Code   RO          142    .text.HAL_ADC_ConfigChannel  stm32f7xx_hal_adc.o
    0x0800069a   0x0800069a   0x00000006   PAD
    0x080006a0   0x080006a0   0x00000160   Code   RO          100    .text.HAL_ADC_Init  stm32f7xx_hal_adc.o
    0x08000800   0x08000800   0x00000060   Code   RO           66    .text.HAL_ADC_MspInit  stm32f7xx_hal_msp.o
    0x08000860   0x08000860   0x00000028   Code   RO          522    .text.HAL_Delay     stm32f7xx_hal.o
    0x08000888   0x08000888   0x000001aa   Code   RO          305    .text.HAL_GPIO_Init  stm32f7xx_hal_gpio.o
    0x08000a32   0x08000a32   0x00000006   PAD
    0x08000a38   0x08000a38   0x0000000a   Code   RO          311    .text.HAL_GPIO_WritePin  stm32f7xx_hal_gpio.o
    0x08000a42   0x08000a42   0x00000006   PAD
    0x08000a48   0x08000a48   0x0000000c   Code   RO          514    .text.HAL_GetTick   stm32f7xx_hal.o
    0x08000a54   0x08000a54   0x00000004   PAD
    0x08000a58   0x08000a58   0x0000004a   Code   RO          728    .text.HAL_I2CEx_ConfigAnalogFilter  stm32f7xx_hal_i2c_ex.o
    0x08000aa2   0x08000aa2   0x00000006   PAD
    0x08000aa8   0x08000aa8   0x00000048   Code   RO          730    .text.HAL_I2CEx_ConfigDigitalFilter  stm32f7xx_hal_i2c_ex.o
    0x08000af0   0x08000af0   0x000000ae   Code   RO          574    .text.HAL_I2C_Init  stm32f7xx_hal_i2c.o
    0x08000b9e   0x08000b9e   0x00000002   PAD
    0x08000ba0   0x08000ba0   0x0000023c   Code   RO          634    .text.HAL_I2C_Mem_Read  stm32f7xx_hal_i2c.o
    0x08000ddc   0x08000ddc   0x00000004   PAD
    0x08000de0   0x08000de0   0x00000086   Code   RO           70    .text.HAL_I2C_MspInit  stm32f7xx_hal_msp.o
    0x08000e66   0x08000e66   0x00000002   PAD
    0x08000e68   0x08000e68   0x0000001a   Code   RO          512    .text.HAL_IncTick   stm32f7xx_hal.o
    0x08000e82   0x08000e82   0x00000006   PAD
    0x08000e88   0x08000e88   0x00000016   Code   RO          502    .text.HAL_Init      stm32f7xx_hal.o
    0x08000e9e   0x08000e9e   0x00000002   PAD
    0x08000ea0   0x08000ea0   0x00000048   Code   RO          504    .text.HAL_InitTick  stm32f7xx_hal.o
    0x08000ee8   0x08000ee8   0x00000032   Code   RO           64    .text.HAL_MspInit   stm32f7xx_hal_msp.o
    0x08000f1a   0x08000f1a   0x00000006   PAD
    0x08000f20   0x08000f20   0x00000020   Code   RO          456    .text.HAL_NVIC_EnableIRQ  stm32f7xx_hal_cortex.o
    0x08000f40   0x08000f40   0x0000005a   Code   RO          454    .text.HAL_NVIC_SetPriority  stm32f7xx_hal_cortex.o
    0x08000f9a   0x08000f9a   0x00000006   PAD
    0x08000fa0   0x08000fa0   0x00000020   Code   RO          452    .text.HAL_NVIC_SetPriorityGrouping  stm32f7xx_hal_cortex.o
    0x08000fc0   0x08000fc0   0x00000026   Code   RO         1467    .text.HAL_PCDEx_ActivateLPM  stm32f7xx_hal_pcd_ex.o
    0x08000fe6   0x08000fe6   0x00000002   PAD
    0x08000fe8   0x08000fe8   0x000002aa   Code   RO         1385    .text.HAL_PCD_Init  stm32f7xx_hal_pcd.o
    0x08001292   0x08001292   0x00000006   PAD
    0x08001298   0x08001298   0x000000bc   Code   RO           88    .text.HAL_PCD_MspInit  stm32f7xx_hal_msp.o
    0x08001354   0x08001354   0x00000004   PAD
    0x08001358   0x08001358   0x00000076   Code   RO          434    .text.HAL_PWREx_EnableOverDrive  stm32f7xx_hal_pwr_ex.o
    0x080013ce   0x080013ce   0x00000002   PAD
    0x080013d0   0x080013d0   0x00000012   Code   RO          378    .text.HAL_PWR_EnableBkUpAccess  stm32f7xx_hal_pwr.o
    0x080013e2   0x080013e2   0x00000006   PAD
    0x080013e8   0x080013e8   0x000005bc   Code   RO          232    .text.HAL_RCCEx_PeriphCLKConfig  stm32f7xx_hal_rcc_ex.o
    0x080019a4   0x080019a4   0x00000004   PAD
    0x080019a8   0x080019a8   0x000001d2   Code   RO          200    .text.HAL_RCC_ClockConfig  stm32f7xx_hal_rcc.o
    0x08001b7a   0x08001b7a   0x00000006   PAD
    0x08001b80   0x08001b80   0x00000026   Code   RO          212    .text.HAL_RCC_GetPCLK1Freq  stm32f7xx_hal_rcc.o
    0x08001ba6   0x08001ba6   0x00000002   PAD
    0x08001ba8   0x08001ba8   0x00000026   Code   RO          214    .text.HAL_RCC_GetPCLK2Freq  stm32f7xx_hal_rcc.o
    0x08001bce   0x08001bce   0x00000002   PAD
    0x08001bd0   0x08001bd0   0x0000006c   Code   RO          202    .text.HAL_RCC_GetSysClockFreq  stm32f7xx_hal_rcc.o
    0x08001c3c   0x08001c3c   0x00000004   PAD
    0x08001c40   0x08001c40   0x000003d8   Code   RO          198    .text.HAL_RCC_OscConfig  stm32f7xx_hal_rcc.o
    0x08002018   0x08002018   0x000000e0   Code   RO          770    .text.HAL_SPI_Init  stm32f7xx_hal_spi.o
    0x080020f8   0x080020f8   0x0000009c   Code   RO           74    .text.HAL_SPI_MspInit  stm32f7xx_hal_msp.o
    0x08002194   0x08002194   0x00000004   PAD
    0x08002198   0x08002198   0x0000002e   Code   RO          464    .text.HAL_SYSTICK_Config  stm32f7xx_hal_cortex.o
    0x080021c6   0x080021c6   0x00000002   PAD
    0x080021c8   0x080021c8   0x00000002   Code   RO         1204    .text.HAL_TIMEx_Break2Callback  stm32f7xx_hal_tim_ex.o
    0x080021ca   0x080021ca   0x00000006   PAD
    0x080021d0   0x080021d0   0x00000002   Code   RO         1202    .text.HAL_TIMEx_BreakCallback  stm32f7xx_hal_tim_ex.o
    0x080021d2   0x080021d2   0x00000006   PAD
    0x080021d8   0x080021d8   0x00000002   Code   RO         1198    .text.HAL_TIMEx_CommutCallback  stm32f7xx_hal_tim_ex.o
    0x080021da   0x080021da   0x00000006   PAD
    0x080021e0   0x080021e0   0x000000a0   Code   RO         1190    .text.HAL_TIMEx_ConfigBreakDeadTime  stm32f7xx_hal_tim_ex.o
    0x08002280   0x08002280   0x000000ce   Code   RO         1188    .text.HAL_TIMEx_MasterConfigSynchronization  stm32f7xx_hal_tim_ex.o
    0x0800234e   0x0800234e   0x00000002   PAD
    0x08002350   0x08002350   0x00000060   Code   RO          893    .text.HAL_TIM_Base_Init  stm32f7xx_hal_tim.o
    0x080023b0   0x080023b0   0x00000086   Code   RO           78    .text.HAL_TIM_Base_MspInit  stm32f7xx_hal_msp.o
    0x08002436   0x08002436   0x00000002   PAD
    0x08002438   0x08002438   0x000000b4   Code   RO          907    .text.HAL_TIM_Base_Start_IT  stm32f7xx_hal_tim.o
    0x080024ec   0x080024ec   0x00000004   PAD
    0x080024f0   0x080024f0   0x000001a0   Code   RO         1073    .text.HAL_TIM_ConfigClockSource  stm32f7xx_hal_tim.o
    0x08002690   0x08002690   0x00000002   Code   RO         1029    .text.HAL_TIM_IC_CaptureCallback  stm32f7xx_hal_tim.o
    0x08002692   0x08002692   0x00000006   PAD
    0x08002698   0x08002698   0x0000016c   Code   RO         1027    .text.HAL_TIM_IRQHandler  stm32f7xx_hal_tim.o
    0x08002804   0x08002804   0x00000004   PAD
    0x08002808   0x08002808   0x00000080   Code   RO           80    .text.HAL_TIM_MspPostInit  stm32f7xx_hal_msp.o
    0x08002888   0x08002888   0x0000028a   Code   RO         1039    .text.HAL_TIM_OC_ConfigChannel  stm32f7xx_hal_tim.o
    0x08002b12   0x08002b12   0x00000006   PAD
    0x08002b18   0x08002b18   0x00000002   Code   RO         1031    .text.HAL_TIM_OC_DelayElapsedCallback  stm32f7xx_hal_tim.o
    0x08002b1a   0x08002b1a   0x00000006   PAD
    0x08002b20   0x08002b20   0x00000060   Code   RO          921    .text.HAL_TIM_OC_Init  stm32f7xx_hal_tim.o
    0x08002b80   0x08002b80   0x00000002   Code   RO          923    .text.HAL_TIM_OC_MspInit  stm32f7xx_hal_tim.o
    0x08002b82   0x08002b82   0x00000006   PAD
    0x08002b88   0x08002b88   0x0000031c   Code   RO         1047    .text.HAL_TIM_PWM_ConfigChannel  stm32f7xx_hal_tim.o
    0x08002ea4   0x08002ea4   0x00000004   PAD
    0x08002ea8   0x08002ea8   0x00000060   Code   RO          947    .text.HAL_TIM_PWM_Init  stm32f7xx_hal_tim.o
    0x08002f08   0x08002f08   0x00000002   Code   RO          949    .text.HAL_TIM_PWM_MspInit  stm32f7xx_hal_tim.o
    0x08002f0a   0x08002f0a   0x00000006   PAD
    0x08002f10   0x08002f10   0x00000002   Code   RO         1033    .text.HAL_TIM_PWM_PulseFinishedCallback  stm32f7xx_hal_tim.o
    0x08002f12   0x08002f12   0x00000006   PAD
    0x08002f18   0x08002f18   0x00000174   Code   RO          955    .text.HAL_TIM_PWM_Start  stm32f7xx_hal_tim.o
    0x0800308c   0x0800308c   0x00000004   PAD
    0x08003090   0x08003090   0x00000002   Code   RO         1622    .text.HAL_TIM_PeriodElapsedCallback  xos_motor.o
    0x08003092   0x08003092   0x00000006   PAD
    0x08003098   0x08003098   0x00000002   Code   RO         1037    .text.HAL_TIM_TriggerCallback  stm32f7xx_hal_tim.o
    0x0800309a   0x0800309a   0x00000006   PAD
    0x080030a0   0x080030a0   0x00000060   Code   RO         1218    .text.HAL_UART_Init  stm32f7xx_hal_uart.o
    0x08003100   0x08003100   0x00000116   Code   RO           84    .text.HAL_UART_MspInit  stm32f7xx_hal_msp.o
    0x08003216   0x08003216   0x00000002   PAD
    0x08003218   0x08003218   0x00000002   Code   RO           35    .text.HardFault_Handler  stm32f7xx_it.o
    0x0800321a   0x0800321a   0x00000006   PAD
    0x08003220   0x08003220   0x00000160   Code   RO          718    .text.I2C_IsErrorOccurred  stm32f7xx_hal_i2c.o
    0x08003380   0x08003380   0x000000e4   Code   RO          584    .text.I2C_WaitOnFlagUntilTimeout  stm32f7xx_hal_i2c.o
    0x08003464   0x08003464   0x00000004   PAD
    0x08003468   0x08003468   0x0000007c   Code   RO          588    .text.I2C_WaitOnSTOPFlagUntilTimeout  stm32f7xx_hal_i2c.o
    0x080034e4   0x080034e4   0x00000004   PAD
    0x080034e8   0x080034e8   0x00000098   Code   RO          586    .text.I2C_WaitOnTXISFlagUntilTimeout  stm32f7xx_hal_i2c.o
    0x08003580   0x08003580   0x00000002   Code   RO           37    .text.MemManage_Handler  stm32f7xx_it.o
    0x08003582   0x08003582   0x00000006   PAD
    0x08003588   0x08003588   0x00000002   Code   RO           33    .text.NMI_Handler   stm32f7xx_it.o
    0x0800358a   0x0800358a   0x00000006   PAD
    0x08003590   0x08003590   0x00000002   Code   RO           47    .text.PendSV_Handler  stm32f7xx_it.o
    0x08003592   0x08003592   0x00000006   PAD
    0x08003598   0x08003598   0x00000002   Code   RO           43    .text.SVC_Handler   stm32f7xx_it.o
    0x0800359a   0x0800359a   0x00000006   PAD
    0x080035a0   0x080035a0   0x0000000e   Code   RO           49    .text.SysTick_Handler  stm32f7xx_it.o
    0x080035ae   0x080035ae   0x00000002   PAD
    0x080035b0   0x080035b0   0x000000c4   Code   RO           13    .text.SystemClock_Config  main.o
    0x08003674   0x08003674   0x00000004   PAD
    0x08003678   0x08003678   0x00000012   Code   RO         1587    .text.SystemInit    system_stm32f7xx.o
    0x0800368a   0x0800368a   0x00000006   PAD
    0x08003690   0x08003690   0x0000000c   Code   RO           51    .text.TIM1_BRK_TIM9_IRQHandler  stm32f7xx_it.o
    0x0800369c   0x0800369c   0x00000004   PAD
    0x080036a0   0x080036a0   0x0000000c   Code   RO           55    .text.TIM1_TRG_COM_TIM11_IRQHandler  stm32f7xx_it.o
    0x080036ac   0x080036ac   0x00000004   PAD
    0x080036b0   0x080036b0   0x0000000c   Code   RO           53    .text.TIM1_UP_TIM10_IRQHandler  stm32f7xx_it.o
    0x080036bc   0x080036bc   0x00000004   PAD
    0x080036c0   0x080036c0   0x0000014c   Code   RO          897    .text.TIM_Base_SetConfig  stm32f7xx_hal_tim.o
    0x0800380c   0x0800380c   0x00000004   PAD
    0x08003810   0x08003810   0x000000e0   Code   RO         1222    .text.UART_AdvFeatureConfig  stm32f7xx_hal_uart.o
    0x080038f0   0x080038f0   0x00000174   Code   RO         1226    .text.UART_CheckIdleState  stm32f7xx_hal_uart.o
    0x08003a64   0x08003a64   0x00000004   PAD
    0x08003a68   0x08003a68   0x0000023c   Code   RO         1224    .text.UART_SetConfig  stm32f7xx_hal_uart.o
    0x08003ca4   0x08003ca4   0x00000004   PAD
    0x08003ca8   0x08003ca8   0x00000358   Code   RO         1240    .text.UART_WaitOnFlagUntilTimeout  stm32f7xx_hal_uart.o
    0x08004000   0x08004000   0x00000202   Code   RO         1483    .text.USB_CoreInit  stm32f7xx_ll_usb.o
    0x08004202   0x08004202   0x00000006   PAD
    0x08004208   0x08004208   0x0000001e   Code   RO         1531    .text.USB_DevDisconnect  stm32f7xx_ll_usb.o
    0x08004226   0x08004226   0x00000002   PAD
    0x08004228   0x08004228   0x0000049e   Code   RO         1495    .text.USB_DevInit   stm32f7xx_ll_usb.o
    0x080046c6   0x080046c6   0x00000002   PAD
    0x080046c8   0x080046c8   0x0000000e   Code   RO         1489    .text.USB_DisableGlobalInt  stm32f7xx_ll_usb.o
    0x080046d6   0x080046d6   0x00000002   PAD
    0x080046d8   0x080046d8   0x00000368   Code   RO         1491    .text.USB_SetCurrentMode  stm32f7xx_ll_usb.o
    0x08004a40   0x08004a40   0x00000002   Code   RO           41    .text.UsageFault_Handler  stm32f7xx_it.o
    0x08004a42   0x08004a42   0x00000006   PAD
    0x08004a48   0x08004a48   0x00000434   Code   RO           11    .text.main          main.o
    0x08004e7c   0x08004e7c   0x00000004   PAD
    0x08004e80   0x08004e80   0x000001ac   Code   RO         1618    .text.setPhaseVoltage  xos_motor.o
    0x0800502c   0x0800502c   0x00000004   PAD
    0x08005030   0x08005030   0x00000100   Code   RO         1606    .text.xo_SetSysTick  xos_motor.o
    0x08005130   0x08005130   0x00000064   Code   RO         1720    .text.xos_as5600_Init  xos_as5600.o
    0x08005194   0x08005194   0x00000004   PAD
    0x08005198   0x08005198   0x00000104   Code   RO         1602    .text.xos_motor_time_init  xos_motor.o
    0x0800529c   0x0800529c   0x00000030   Code   RO         2105    i.__ARM_fpclassify  m_wv.l(fpclassify.o)
    0x080052cc   0x080052cc   0x00000004   PAD
    0x080052d0   0x080052d0   0x000000b0   Code   RO         1730    i.__hardfp_cos      m_wv.l(cos.o)
    0x08005380   0x08005380   0x000000fc   Code   RO         1736    i.__hardfp_fmod     m_wv.l(fmod.o)
    0x0800547c   0x0800547c   0x00000004   PAD
    0x08005480   0x08005480   0x000000b0   Code   RO         1742    i.__hardfp_sin      m_wv.l(sin.o)
    0x08005530   0x08005530   0x00000308   Code   RO         2037    i.__ieee754_rem_pio2  m_wv.l(rred.o)
    0x08005838   0x08005838   0x000000c4   Code   RO         2020    i.__kernel_cos      m_wv.l(cos_i.o)
    0x080058fc   0x080058fc   0x00000070   Code   RO         2107    i.__kernel_poly     m_wv.l(poly.o)
    0x0800596c   0x0800596c   0x00000004   PAD
    0x08005970   0x08005970   0x000000a0   Code   RO         2042    i.__kernel_sin      m_wv.l(sin_i.o)
    0x08005a10   0x08005a10   0x00000018   Code   RO         2026    i.__mathlib_dbl_invalid  m_wv.l(dunder.o)
    0x08005a28   0x08005a28   0x00000018   Code   RO         2029    i.__mathlib_dbl_underflow  m_wv.l(dunder.o)
    0x08005a40   0x08005a40   0x0000000e   Code   RO         2119    i.__scatterload_copy  mc_w.l(handlers.o)
    0x08005a4e   0x08005a4e   0x00000002   Code   RO         2120    i.__scatterload_null  mc_w.l(handlers.o)
    0x08005a50   0x08005a50   0x0000000e   Code   RO         2121    i.__scatterload_zeroinit  mc_w.l(handlers.o)
    0x08005a5e   0x08005a5e   0x00000002   PAD
    0x08005a60   0x08005a60   0x0000000c   Code   RO         2081    i.__set_errno       mc_w.l(errno.o)
    0x08005a6c   0x08005a6c   0x00000018   Code   RO         2101    i.fabs              m_wv.l(fabs.o)
    0x08005a84   0x08005a84   0x00000004   PAD
    0x08005a88   0x08005a88   0x00000030   Data   RO         2021    .constdata          m_wv.l(cos_i.o)
    0x08005ab8   0x08005ab8   0x000000cc   Data   RO         2039    .constdata          m_wv.l(rred.o)
    0x08005b84   0x08005b84   0x00000004   PAD
    0x08005b88   0x08005b88   0x00000028   Data   RO         2043    .constdata          m_wv.l(sin_i.o)
    0x08005bb0   0x08005bb0   0x00000010   Data   RO         1592    .rodata.AHBPrescTable  system_stm32f7xx.o
    0x08005bc0   0x08005bc0   0x00000008   Data   RO         1593    .rodata.APBPrescTable  system_stm32f7xx.o
    0x08005bc8   0x08005bc8   0x00000020   Data   RO         1346    .rodata.cst16       stm32f7xx_hal_uart.o
    0x08005be8   0x08005be8   0x00000020   Data   RO         2118    Region$$Table       anon$$obj.o


    Execution Region RW_IRAM1 (Exec base: 0x20000000, Load base: 0x08005c08, Size: 0x000010b8, Max: 0x00080000, ABSOLUTE)

    Exec Addr    Load Addr    Size         Type   Attr      Idx    E Section Name        Object

    0x20000000   0x08005c08   0x00000004   Data   RW         2082    .data               mc_w.l(errno.o)
    0x20000004   0x08005c0c   0x00000008   Data   RW          565    .data..L_MergedGlobals  stm32f7xx_hal.o
    0x2000000c   0x08005c14   0x00000064   Data   RW         1698    .data..L_MergedGlobals  xos_motor_pid.o
    0x20000070   0x08005c78   0x00000004   Data   RW         1591    .data.SystemCoreClock  system_stm32f7xx.o
    0x20000074   0x08005c7c   0x00000004   Data   RW         1688    .data.dir           xos_motor_pid.o
    0x20000078   0x08005c80   0x00000004   Data   RW         1687    .data.period        xos_motor_pid.o
    0x2000007c   0x08005c84   0x00000004   PAD
    0x20000080        -       0x0000004c   Zero   RW           24    .bss..L_MergedGlobals  main.o
    0x200000cc        -       0x00000038   Zero   RW         1624    .bss..L_MergedGlobals  xos_motor.o
    0x20000104        -       0x00000064   Zero   RW         1722    .bss..L_MergedGlobals  xos_as5600.o
    0x20000168        -       0x0000005a   Zero   RW         1699    .bss..L_MergedGlobals.1  xos_motor_pid.o
    0x200001c2   0x08005c84   0x00000002   PAD
    0x200001c4        -       0x000004e0   Zero   RW           22    .bss.hpcd_USB_OTG_FS  main.o
    0x200006a4        -       0x00000064   Zero   RW           17    .bss.hspi2          main.o
    0x20000708        -       0x0000004c   Zero   RW           18    .bss.htim1          main.o
    0x20000754        -       0x0000004c   Zero   RW           19    .bss.htim2          main.o
    0x200007a0        -       0x00000088   Zero   RW           20    .bss.huart1         main.o
    0x20000828        -       0x00000088   Zero   RW           21    .bss.huart3         main.o
    0x200008b0        -       0x00000004   Zero   RW         1685    .bss.shaft_angle    xos_motor_pid.o
    0x200008b4        -       0x00000004   Zero   RW          564    .bss.uwTick         stm32f7xx_hal.o
    0x200008b8        -       0x00000800   Zero   RW            1    STACK               startup_stm32f767xx.o


==============================================================================

Image component sizes


      Code (inc. data)   RO Data    RW Data    ZI Data      Debug   Object Name

      1282          0          0          0       1848      15996   main.o
        36          8        504          0       2048        824   startup_stm32f767xx.o
       172          0          0          8          4       8236   stm32f7xx_hal.o
       786          0          0          0          0      12042   stm32f7xx_hal_adc.o
       200          0          0          0          0      11701   stm32f7xx_hal_cortex.o
       436          0          0          0          0       5253   stm32f7xx_hal_gpio.o
      1602          0          0          0          0      61167   stm32f7xx_hal_i2c.o
       146          0          0          0          0       5605   stm32f7xx_hal_i2c_ex.o
      1164          0          0          0          0      21181   stm32f7xx_hal_msp.o
       682          0          0          0          0      17530   stm32f7xx_hal_pcd.o
        38          0          0          0          0       5246   stm32f7xx_hal_pcd_ex.o
        18          0          0          0          0       5331   stm32f7xx_hal_pwr.o
       118          0          0          0          0       5716   stm32f7xx_hal_pwr_ex.o
      1634          0          0          0          0       8493   stm32f7xx_hal_rcc.o
      1468          0          0          0          0       7257   stm32f7xx_hal_rcc_ex.o
       224          0          0          0          0      27496   stm32f7xx_hal_spi.o
      3410         38          0          0          0      61862   stm32f7xx_hal_tim.o
       372          0          0          0          0      24086   stm32f7xx_hal_tim_ex.o
      2120         22         32          0          0      35906   stm32f7xx_hal_uart.o
        66          0          0          0          0       4844   stm32f7xx_it.o
      2612          0          0          0          0      40017   stm32f7xx_ll_usb.o
        18          0         24          4          0       3389   system_stm32f7xx.o
       192          8          0          0        100       5695   xos_as5600.o
       946         28          0          0         56      10294   xos_motor.o
         0          0          0        108         94       6066   xos_motor_pid.o

    ----------------------------------------------------------------------
     20056        112        592        120       4156     411233   Object Totals
         0          0         32          0          0          0   (incl. Generated)
       314          8          0          0          6          0   (incl. Padding)

    ----------------------------------------------------------------------

      Code (inc. data)   RO Data    RW Data    ZI Data      Debug   Library Member Name

       176         18          0          0          0        156   cos.o
       196         14         48          0          0        176   cos_i.o
        48         28          0          0          0        232   dunder.o
        24          0          0          0          0        124   fabs.o
       252          6          0          0          0        144   fmod.o
        48          0          0          0          0        124   fpclassify.o
       112          0          0          0          0        116   poly.o
       776        130        204          0          0        172   rred.o
       176         18          0          0          0        160   sin.o
       160         16         40          0          0        196   sin_i.o
         0          0          0          0          0          0   entry.o
         0          0          0          0          0          0   entry10a.o
         0          0          0          0          0          0   entry11a.o
         8          4          0          0          0          0   entry2.o
         4          0          0          0          0          0   entry5.o
         0          0          0          0          0          0   entry7b.o
         0          0          0          0          0          0   entry8b.o
         8          4          0          0          0          0   entry9a.o
        12          6          0          4          0         68   errno.o
        30          0          0          0          0          0   handlers.o
        48         10          0          0          0         68   init.o
         0          0          0          0          0          0   iusefp.o
        30          0          0          0          0         68   llshl.o
        32          0          0          0          0         68   llushr.o
        36          0          0          0          0        108   memseta.o
        98          0          0          0          0         92   uldiv.o
       186          0          0          0          0        176   depilogue.o
       134          0          0          0          0         96   drem.o

    ----------------------------------------------------------------------
      2616        258        296          4          0       2344   Library Totals
        22          4          4          0          0          0   (incl. Padding)

    ----------------------------------------------------------------------

      Code (inc. data)   RO Data    RW Data    ZI Data      Debug   Library Name

      1968        230        292          0          0       1600   m_wv.l
       306         24          0          4          0        472   mc_w.l
       320          0          0          0          0        272   mf_w.l

    ----------------------------------------------------------------------
      2616        258        296          4          0       2344   Library Totals

    ----------------------------------------------------------------------

==============================================================================


      Code (inc. data)   RO Data    RW Data    ZI Data      Debug   

     22672        370        888        124       4156     412081   Grand Totals
     22672        370        888        124       4156     412081   ELF Image Totals
     22672        370        888        124          0          0   ROM Totals

==============================================================================

    Total RO  Size (Code + RO Data)                23560 (  23.01kB)
    Total RW  Size (RW Data + ZI Data)              4280 (   4.18kB)
    Total ROM Size (Code + RO Data + RW Data)      23684 (  23.13kB)

==============================================================================

