<html>
<body>
<pre>
<h1>µVision Build Log</h1>
<h2>Tool Versions:</h2>
IDE-Version: ¦ÌVision V5.39.0.0
Copyright (C) 2023 ARM Ltd and ARM Germany GmbH. All rights reserved.
License Information: 21 PC, wq, LIC=14HV2-993XX-PCEJ8-31Z8E-DUAXE-EA4HE
 
Tool Versions:
Toolchain:       MDK-ARM Plus  Version: 5.39.0.0
Toolchain Path:  D:\sw_install\keil_install\ARM\ARMCLANG\Bin
C Compiler:      ArmClang.exe V6.21
Assembler:       Armasm.exe V6.21
Linker/Locator:  ArmLink.exe V6.21
Library Manager: ArmAr.exe V6.21
Hex Converter:   FromElf.exe V6.21
CPU DLL:         SARMCM3.DLL V5.39.0.0
Dialog DLL:      DCM.DLL V1.17.5.0
Target DLL:      STLink\ST-LINKIII-KEIL_SWO.dll V3.2.0.0
Dialog DLL:      TCM.DLL V1.56.4.0
 
<h2>Project:</h2>
D:\work\f7_pro_motor\f7_motor\MDK-ARM\f7_motor.uvprojx
Project File Date:  08/16/2024

<h2>Output:</h2>
*** Using Compiler 'V6.21', folder: 'D:\sw_install\keil_install\ARM\ARMCLANG\Bin'
Build target 'f7_motor'
compiling xos_motor.c...
linking...
Program Size: Code=22712 RO-data=888 RW-data=128 ZI-data=4144  
FromELF: creating hex file...
"f7_motor\f7_motor.axf" - 0 Error(s), 0 Warning(s).

<h2>Software Packages used:</h2>

Package Vendor: ARM
                https://www.keil.com/pack/ARM.CMSIS.6.0.0.pack
                ARM::CMSIS@6.0.0
                CMSIS (Common Microcontroller Software Interface Standard)
   * Component: CORE Version: 6.0.0

Package Vendor: Keil
                https://www.keil.com/pack/Keil.STM32F7xx_DFP.2.16.0.pack
                Keil::STM32F7xx_DFP@2.16.0
                STMicroelectronics STM32F7 Series Device Support, Drivers and Examples

<h2>Collection of Component include folders:</h2>
  ./RTE/_f7_motor
  D:/sw_install/keil_install/ARM/CMSIS/6.0.0/CMSIS/Core/Include
  D:/sw_install/keil_install/Keil/STM32F7xx_DFP/2.16.0/Drivers/CMSIS/Device/ST/STM32F7xx/Include

<h2>Collection of Component Files used:</h2>

   * Component: ARM::CMSIS:CORE@6.0.0
      Include file:  CMSIS/Core/Include/tz_context.h
Build Time Elapsed:  00:00:00
</pre>
</body>
</html>
